Reading netlist file: "C:\Users\hra\Documents\github\HRA_product\FPGA_MSXtR\labo\FPGA_MSXtR_CPU_Stack_001\impl\gwsynthesis\FPGA_MSXtR_CPU_Stack.vg"
Parsing netlist file "C:\Users\hra\Documents\github\HRA_product\FPGA_MSXtR\labo\FPGA_MSXtR_CPU_Stack_001\impl\gwsynthesis\FPGA_MSXtR_CPU_Stack.vg" completed
Processing netlist completed
Reading constraint file: "C:\Users\hra\Documents\github\HRA_product\FPGA_MSXtR\labo\FPGA_MSXtR_CPU_Stack_001\src\FPGA_MSXtR_CPU_Stack.cst"
Physical Constraint parsed completed
Running placement......
[10%] Placement Phase 0 completed
[20%] Placement Phase 1 completed
[30%] Placement Phase 2 completed
WARN  (TA1123) : the clock "clk200m"'s frequency does not match u_pll/u_pll_0/PLLA_inst/CLKOUT0's 
[50%] Placement Phase 3 completed
Running routing......
[60%] Routing Phase 0 completed
[70%] Routing Phase 1 completed
[80%] Routing Phase 2 completed
[90%] Routing Phase 3 completed
Running timing analysis......
[95%] Timing analysis completed
Placement and routing completed
Bitstream generation in progress......
Bitstream generation completed
Running power analysis......
[100%] Power analysis completed
Generate file "C:\Users\hra\Documents\github\HRA_product\FPGA_MSXtR\labo\FPGA_MSXtR_CPU_Stack_001\impl\pnr\FPGA_MSXtR_CPU_Stack.power.html" completed
Generate file "C:\Users\hra\Documents\github\HRA_product\FPGA_MSXtR\labo\FPGA_MSXtR_CPU_Stack_001\impl\pnr\FPGA_MSXtR_CPU_Stack.pin.html" completed
Generate file "C:\Users\hra\Documents\github\HRA_product\FPGA_MSXtR\labo\FPGA_MSXtR_CPU_Stack_001\impl\pnr\FPGA_MSXtR_CPU_Stack.rpt.html" completed
Generate file "C:\Users\hra\Documents\github\HRA_product\FPGA_MSXtR\labo\FPGA_MSXtR_CPU_Stack_001\impl\pnr\FPGA_MSXtR_CPU_Stack.rpt.txt" completed
Generate file "C:\Users\hra\Documents\github\HRA_product\FPGA_MSXtR\labo\FPGA_MSXtR_CPU_Stack_001\impl\pnr\FPGA_MSXtR_CPU_Stack.tr.html" completed
Sun Sep  6 18:20:39 2026

