GowinSynthesis start
Running parser ...
Analyzing Verilog file 'C:\Users\hra\Documents\github\HRA_product\FPGA_MSXtR\labo\FPGA_MSXtR_CPU_Stack_001_RENEW\src\FPGA_MSXtR_CPU_Stack.v'
Analyzing Verilog file 'C:\Users\hra\Documents\github\HRA_product\FPGA_MSXtR\labo\FPGA_MSXtR_CPU_Stack_001_RENEW\src\address_decode\address_decode.v'
Analyzing Verilog file 'C:\Users\hra\Documents\github\HRA_product\FPGA_MSXtR\labo\FPGA_MSXtR_CPU_Stack_001_RENEW\src\bootrom\bootrom.v'
Analyzing Verilog file 'C:\Users\hra\Documents\github\HRA_product\FPGA_MSXtR\labo\FPGA_MSXtR_CPU_Stack_001_RENEW\src\bootrom\ram.v'
Analyzing Verilog file 'C:\Users\hra\Documents\github\HRA_product\FPGA_MSXtR\labo\FPGA_MSXtR_CPU_Stack_001_RENEW\src\bootrom\rom.v'
Analyzing included file 'C:\Users\hra\Documents\github\HRA_product\FPGA_MSXtR\labo\FPGA_MSXtR_CPU_Stack_001_RENEW\src\bootrom\bootrom.vh'("C:\Users\hra\Documents\github\HRA_product\FPGA_MSXtR\labo\FPGA_MSXtR_CPU_Stack_001_RENEW\src\bootrom\rom.v":55)
Back to file 'C:\Users\hra\Documents\github\HRA_product\FPGA_MSXtR\labo\FPGA_MSXtR_CPU_Stack_001_RENEW\src\bootrom\rom.v'("C:\Users\hra\Documents\github\HRA_product\FPGA_MSXtR\labo\FPGA_MSXtR_CPU_Stack_001_RENEW\src\bootrom\rom.v":55)
Analyzing Verilog file 'C:\Users\hra\Documents\github\HRA_product\FPGA_MSXtR\labo\FPGA_MSXtR_CPU_Stack_001_RENEW\src\cmcu\cmcu.v'
Analyzing Verilog file 'C:\Users\hra\Documents\github\HRA_product\FPGA_MSXtR\labo\FPGA_MSXtR_CPU_Stack_001_RENEW\src\cr800\cr800.v'
Undeclared symbol 'mc', assumed default net type 'wire'("C:\Users\hra\Documents\github\HRA_product\FPGA_MSXtR\labo\FPGA_MSXtR_CPU_Stack_001_RENEW\src\cr800\cr800.v":951)
Analyzing Verilog file 'C:\Users\hra\Documents\github\HRA_product\FPGA_MSXtR\labo\FPGA_MSXtR_CPU_Stack_001_RENEW\src\cr800\cr800_alu.v'
Analyzing Verilog file 'C:\Users\hra\Documents\github\HRA_product\FPGA_MSXtR\labo\FPGA_MSXtR_CPU_Stack_001_RENEW\src\cr800\cr800_inst.v'
Analyzing Verilog file 'C:\Users\hra\Documents\github\HRA_product\FPGA_MSXtR\labo\FPGA_MSXtR_CPU_Stack_001_RENEW\src\cr800\cr800_mcode.v'
Analyzing Verilog file 'C:\Users\hra\Documents\github\HRA_product\FPGA_MSXtR\labo\FPGA_MSXtR_CPU_Stack_001_RENEW\src\cr800\cr800_reg.v'
Analyzing Verilog file 'C:\Users\hra\Documents\github\HRA_product\FPGA_MSXtR\labo\FPGA_MSXtR_CPU_Stack_001_RENEW\src\cr800\r800_cache.v'
Analyzing Verilog file 'C:\Users\hra\Documents\github\HRA_product\FPGA_MSXtR\labo\FPGA_MSXtR_CPU_Stack_001_RENEW\src\cr800\r800_cache_ram.v'
Analyzing Verilog file 'C:\Users\hra\Documents\github\HRA_product\FPGA_MSXtR\labo\FPGA_MSXtR_CPU_Stack_001_RENEW\src\cr800\r800_rom_cache.v'
Analyzing Verilog file 'C:\Users\hra\Documents\github\HRA_product\FPGA_MSXtR\labo\FPGA_MSXtR_CPU_Stack_001_RENEW\src\cz80\cz80.v'
Analyzing Verilog file 'C:\Users\hra\Documents\github\HRA_product\FPGA_MSXtR\labo\FPGA_MSXtR_CPU_Stack_001_RENEW\src\cz80\cz80_alu.v'
Analyzing Verilog file 'C:\Users\hra\Documents\github\HRA_product\FPGA_MSXtR\labo\FPGA_MSXtR_CPU_Stack_001_RENEW\src\cz80\cz80_inst.v'
Analyzing Verilog file 'C:\Users\hra\Documents\github\HRA_product\FPGA_MSXtR\labo\FPGA_MSXtR_CPU_Stack_001_RENEW\src\cz80\cz80_mcode.v'
Analyzing Verilog file 'C:\Users\hra\Documents\github\HRA_product\FPGA_MSXtR\labo\FPGA_MSXtR_CPU_Stack_001_RENEW\src\cz80\cz80_reg.v'
Analyzing Verilog file 'C:\Users\hra\Documents\github\HRA_product\FPGA_MSXtR\labo\FPGA_MSXtR_CPU_Stack_001_RENEW\src\dummy_ssg\dummy_ssg.v'
Analyzing Verilog file 'C:\Users\hra\Documents\github\HRA_product\FPGA_MSXtR\labo\FPGA_MSXtR_CPU_Stack_001_RENEW\src\fdc8566\fdc8566.v'
Analyzing Verilog file 'C:\Users\hra\Documents\github\HRA_product\FPGA_MSXtR\labo\FPGA_MSXtR_CPU_Stack_001_RENEW\src\dos_mapper\dos_mapper.v'
Analyzing Verilog file 'C:\Users\hra\Documents\github\HRA_product\FPGA_MSXtR\labo\FPGA_MSXtR_CPU_Stack_001_RENEW\src\extio\extio.v'
Analyzing Verilog file 'C:\Users\hra\Documents\github\HRA_product\FPGA_MSXtR\labo\FPGA_MSXtR_CPU_Stack_001_RENEW\src\gowin_pll\gowin_pll.v'
Analyzing Verilog file 'C:\Users\hra\Documents\github\HRA_product\FPGA_MSXtR\labo\FPGA_MSXtR_CPU_Stack_001_RENEW\src\gowin_pll\gowin_pll_mod.v'
Analyzing Verilog file 'C:\Users\hra\Documents\github\HRA_product\FPGA_MSXtR\labo\FPGA_MSXtR_CPU_Stack_001_RENEW\src\kanji_rom\ip_kanji_rom.v'
Analyzing Verilog file 'C:\Users\hra\Documents\github\HRA_product\FPGA_MSXtR\labo\FPGA_MSXtR_CPU_Stack_001_RENEW\src\memory_mapper\memory_mapper.v'
Analyzing Verilog file 'C:\Users\hra\Documents\github\HRA_product\FPGA_MSXtR\labo\FPGA_MSXtR_CPU_Stack_001_RENEW\src\msx_bus_mux\msx_bus_mux.v'
Analyzing Verilog file 'C:\Users\hra\Documents\github\HRA_product\FPGA_MSXtR\labo\FPGA_MSXtR_CPU_Stack_001_RENEW\src\msx_slot\msx_slot.v'
Analyzing Verilog file 'C:\Users\hra\Documents\github\HRA_product\FPGA_MSXtR\labo\FPGA_MSXtR_CPU_Stack_001_RENEW\src\msx_slot\msx_slot_decode.v'
Analyzing Verilog file 'C:\Users\hra\Documents\github\HRA_product\FPGA_MSXtR\labo\FPGA_MSXtR_CPU_Stack_001_RENEW\src\pause_led\pause_led.v'
Analyzing Verilog file 'C:\Users\hra\Documents\github\HRA_product\FPGA_MSXtR\labo\FPGA_MSXtR_CPU_Stack_001_RENEW\src\pll_init.v'
Analyzing Verilog file 'C:\Users\hra\Documents\github\HRA_product\FPGA_MSXtR\labo\FPGA_MSXtR_CPU_Stack_001_RENEW\src\ppi\ppi.v'
Analyzing Verilog file 'C:\Users\hra\Documents\github\HRA_product\FPGA_MSXtR\labo\FPGA_MSXtR_CPU_Stack_001_RENEW\src\rtc\rtc.v'
Analyzing Verilog file 'C:\Users\hra\Documents\github\HRA_product\FPGA_MSXtR\labo\FPGA_MSXtR_CPU_Stack_001_RENEW\src\s2026\s2026.v'
Analyzing Verilog file 'C:\Users\hra\Documents\github\HRA_product\FPGA_MSXtR\labo\FPGA_MSXtR_CPU_Stack_001_RENEW\src\s2026\s2026_cpu_select.v'
Analyzing Verilog file 'C:\Users\hra\Documents\github\HRA_product\FPGA_MSXtR\labo\FPGA_MSXtR_CPU_Stack_001_RENEW\src\s2026\s2026_register.v'
Analyzing Verilog file 'C:\Users\hra\Documents\github\HRA_product\FPGA_MSXtR\labo\FPGA_MSXtR_CPU_Stack_001_RENEW\src\secondary_slot\secondary_slot.v'
Analyzing Verilog file 'C:\Users\hra\Documents\github\HRA_product\FPGA_MSXtR\labo\FPGA_MSXtR_CPU_Stack_001_RENEW\src\spi\ip_spi.v'
Analyzing Verilog file 'C:\Users\hra\Documents\github\HRA_product\FPGA_MSXtR\labo\FPGA_MSXtR_CPU_Stack_001_RENEW\src\spi\spi.v'
Analyzing Verilog file 'C:\Users\hra\Documents\github\HRA_product\FPGA_MSXtR\labo\FPGA_MSXtR_CPU_Stack_001_RENEW\src\spi_rom\ip_spi_rom.v'
Analyzing Verilog file 'C:\Users\hra\Documents\github\HRA_product\FPGA_MSXtR\labo\FPGA_MSXtR_CPU_Stack_001_RENEW\src\ssram\ssram.v'
Analyzing Verilog file 'C:\Users\hra\Documents\github\HRA_product\FPGA_MSXtR\labo\FPGA_MSXtR_CPU_Stack_001_RENEW\src\system_flag\system_flag.v'
Analyzing Verilog file 'C:\Users\hra\Documents\github\HRA_product\FPGA_MSXtR\labo\FPGA_MSXtR_CPU_Stack_001_RENEW\src\vdp_logger\vdp_logger.v'
Compiling module 'fpga_msxtr_cpu_stack'("C:\Users\hra\Documents\github\HRA_product\FPGA_MSXtR\labo\FPGA_MSXtR_CPU_Stack_001_RENEW\src\FPGA_MSXtR_CPU_Stack.v":24)
Compiling module 'Gowin_PLL'("C:\Users\hra\Documents\github\HRA_product\FPGA_MSXtR\labo\FPGA_MSXtR_CPU_Stack_001_RENEW\src\gowin_pll\gowin_pll.v":1)
Compiling module 'Gowin_PLL_MOD'("C:\Users\hra\Documents\github\HRA_product\FPGA_MSXtR\labo\FPGA_MSXtR_CPU_Stack_001_RENEW\src\gowin_pll\gowin_pll_mod.v":11)
Compiling module 'PLL_INIT(MULTI_FAC=30)'("C:\Users\hra\Documents\github\HRA_product\FPGA_MSXtR\labo\FPGA_MSXtR_CPU_Stack_001_RENEW\src\pll_init.v":4)
Compiling module 'vdp_logger'("C:\Users\hra\Documents\github\HRA_product\FPGA_MSXtR\labo\FPGA_MSXtR_CPU_Stack_001_RENEW\src\vdp_logger\vdp_logger.v":33)
Compiling module 'vdp_logger_sram'("C:\Users\hra\Documents\github\HRA_product\FPGA_MSXtR\labo\FPGA_MSXtR_CPU_Stack_001_RENEW\src\vdp_logger\vdp_logger.v":168)
Extracting RAM for identifier 'memory'("C:\Users\hra\Documents\github\HRA_product\FPGA_MSXtR\labo\FPGA_MSXtR_CPU_Stack_001_RENEW\src\vdp_logger\vdp_logger.v":179)
Compiling module 'vdp_logger_sram(c_data_width=16)'("C:\Users\hra\Documents\github\HRA_product\FPGA_MSXtR\labo\FPGA_MSXtR_CPU_Stack_001_RENEW\src\vdp_logger\vdp_logger.v":168)
Extracting RAM for identifier 'memory'("C:\Users\hra\Documents\github\HRA_product\FPGA_MSXtR\labo\FPGA_MSXtR_CPU_Stack_001_RENEW\src\vdp_logger\vdp_logger.v":179)
Compiling module 'ip_spi'("C:\Users\hra\Documents\github\HRA_product\FPGA_MSXtR\labo\FPGA_MSXtR_CPU_Stack_001_RENEW\src\spi\ip_spi.v":34)
Compiling module 'spi'("C:\Users\hra\Documents\github\HRA_product\FPGA_MSXtR\labo\FPGA_MSXtR_CPU_Stack_001_RENEW\src\spi\spi.v":38)
Compiling module 'cmcu_inst'("C:\Users\hra\Documents\github\HRA_product\FPGA_MSXtR\labo\FPGA_MSXtR_CPU_Stack_001_RENEW\src\cmcu\cmcu.v":63)
Compiling module 'cz80_inst'("C:\Users\hra\Documents\github\HRA_product\FPGA_MSXtR\labo\FPGA_MSXtR_CPU_Stack_001_RENEW\src\cz80\cz80_inst.v":63)
Compiling module 'cz80'("C:\Users\hra\Documents\github\HRA_product\FPGA_MSXtR\labo\FPGA_MSXtR_CPU_Stack_001_RENEW\src\cz80\cz80.v":63)
Compiling module 'cz80_mcode'("C:\Users\hra\Documents\github\HRA_product\FPGA_MSXtR\labo\FPGA_MSXtR_CPU_Stack_001_RENEW\src\cz80\cz80_mcode.v":63)
Compiling module 'cz80_alu'("C:\Users\hra\Documents\github\HRA_product\FPGA_MSXtR\labo\FPGA_MSXtR_CPU_Stack_001_RENEW\src\cz80\cz80_alu.v":63)
WARN  (EX3791) : Expression size 17 truncated to fit in target size 16("C:\Users\hra\Documents\github\HRA_product\FPGA_MSXtR\labo\FPGA_MSXtR_CPU_Stack_001_RENEW\src\cz80\cz80.v":390)
WARN  (EX3791) : Expression size 17 truncated to fit in target size 16("C:\Users\hra\Documents\github\HRA_product\FPGA_MSXtR\labo\FPGA_MSXtR_CPU_Stack_001_RENEW\src\cz80\cz80.v":536)
WARN  (EX3791) : Expression size 32 truncated to fit in target size 16("C:\Users\hra\Documents\github\HRA_product\FPGA_MSXtR\labo\FPGA_MSXtR_CPU_Stack_001_RENEW\src\cz80\cz80.v":539)
WARN  (EX3791) : Expression size 32 truncated to fit in target size 16("C:\Users\hra\Documents\github\HRA_product\FPGA_MSXtR\labo\FPGA_MSXtR_CPU_Stack_001_RENEW\src\cz80\cz80.v":552)
WARN  (EX3791) : Expression size 17 truncated to fit in target size 16("C:\Users\hra\Documents\github\HRA_product\FPGA_MSXtR\labo\FPGA_MSXtR_CPU_Stack_001_RENEW\src\cz80\cz80.v":555)
Compiling module 'cz80_registers'("C:\Users\hra\Documents\github\HRA_product\FPGA_MSXtR\labo\FPGA_MSXtR_CPU_Stack_001_RENEW\src\cz80\cz80_reg.v":55)
WARN  (EX3791) : Expression size 4 truncated to fit in target size 3("C:\Users\hra\Documents\github\HRA_product\FPGA_MSXtR\labo\FPGA_MSXtR_CPU_Stack_001_RENEW\src\cz80\cz80.v":1018)
Compiling module 'cr800_inst'("C:\Users\hra\Documents\github\HRA_product\FPGA_MSXtR\labo\FPGA_MSXtR_CPU_Stack_001_RENEW\src\cr800\cr800_inst.v":63)
Compiling module 'r800_rom_cache'("C:\Users\hra\Documents\github\HRA_product\FPGA_MSXtR\labo\FPGA_MSXtR_CPU_Stack_001_RENEW\src\cr800\r800_rom_cache.v":1)
Extracting RAM for identifier 'ff_valid'("C:\Users\hra\Documents\github\HRA_product\FPGA_MSXtR\labo\FPGA_MSXtR_CPU_Stack_001_RENEW\src\cr800\r800_rom_cache.v":19)
Extracting RAM for identifier 'ff_plru'("C:\Users\hra\Documents\github\HRA_product\FPGA_MSXtR\labo\FPGA_MSXtR_CPU_Stack_001_RENEW\src\cr800\r800_rom_cache.v":20)
Compiling module 'r800_cache_ram(c_data_bits=72)'("C:\Users\hra\Documents\github\HRA_product\FPGA_MSXtR\labo\FPGA_MSXtR_CPU_Stack_001_RENEW\src\cr800\r800_cache_ram.v":1)
Extracting RAM for identifier 'memory'("C:\Users\hra\Documents\github\HRA_product\FPGA_MSXtR\labo\FPGA_MSXtR_CPU_Stack_001_RENEW\src\cr800\r800_cache_ram.v":12)
Compiling module 'cr800'("C:\Users\hra\Documents\github\HRA_product\FPGA_MSXtR\labo\FPGA_MSXtR_CPU_Stack_001_RENEW\src\cr800\cr800.v":63)
Compiling module 'cr800_mcode'("C:\Users\hra\Documents\github\HRA_product\FPGA_MSXtR\labo\FPGA_MSXtR_CPU_Stack_001_RENEW\src\cr800\cr800_mcode.v":63)
Compiling module 'cr800_alu'("C:\Users\hra\Documents\github\HRA_product\FPGA_MSXtR\labo\FPGA_MSXtR_CPU_Stack_001_RENEW\src\cr800\cr800_alu.v":63)
WARN  (EX3791) : Expression size 17 truncated to fit in target size 16("C:\Users\hra\Documents\github\HRA_product\FPGA_MSXtR\labo\FPGA_MSXtR_CPU_Stack_001_RENEW\src\cr800\cr800.v":423)
WARN  (EX3791) : Expression size 17 truncated to fit in target size 16("C:\Users\hra\Documents\github\HRA_product\FPGA_MSXtR\labo\FPGA_MSXtR_CPU_Stack_001_RENEW\src\cr800\cr800.v":569)
WARN  (EX3791) : Expression size 32 truncated to fit in target size 16("C:\Users\hra\Documents\github\HRA_product\FPGA_MSXtR\labo\FPGA_MSXtR_CPU_Stack_001_RENEW\src\cr800\cr800.v":572)
WARN  (EX3791) : Expression size 32 truncated to fit in target size 16("C:\Users\hra\Documents\github\HRA_product\FPGA_MSXtR\labo\FPGA_MSXtR_CPU_Stack_001_RENEW\src\cr800\cr800.v":585)
WARN  (EX3791) : Expression size 17 truncated to fit in target size 16("C:\Users\hra\Documents\github\HRA_product\FPGA_MSXtR\labo\FPGA_MSXtR_CPU_Stack_001_RENEW\src\cr800\cr800.v":588)
Compiling module 'cr800_registers'("C:\Users\hra\Documents\github\HRA_product\FPGA_MSXtR\labo\FPGA_MSXtR_CPU_Stack_001_RENEW\src\cr800\cr800_reg.v":55)
WARN  (EX3791) : Expression size 3 truncated to fit in target size 1("C:\Users\hra\Documents\github\HRA_product\FPGA_MSXtR\labo\FPGA_MSXtR_CPU_Stack_001_RENEW\src\cr800\cr800.v":951)
WARN  (EX3791) : Expression size 4 truncated to fit in target size 3("C:\Users\hra\Documents\github\HRA_product\FPGA_MSXtR\labo\FPGA_MSXtR_CPU_Stack_001_RENEW\src\cr800\cr800.v":1085)
Compiling module 's2026'("C:\Users\hra\Documents\github\HRA_product\FPGA_MSXtR\labo\FPGA_MSXtR_CPU_Stack_001_RENEW\src\s2026\s2026.v":34)
Compiling module 's2026_cpu_select'("C:\Users\hra\Documents\github\HRA_product\FPGA_MSXtR\labo\FPGA_MSXtR_CPU_Stack_001_RENEW\src\s2026\s2026_cpu_select.v":34)
Compiling module 's2026_register'("C:\Users\hra\Documents\github\HRA_product\FPGA_MSXtR\labo\FPGA_MSXtR_CPU_Stack_001_RENEW\src\s2026\s2026_register.v":34)
WARN  (EX1998) : Net 'ff_switch' does not have a driver("C:\Users\hra\Documents\github\HRA_product\FPGA_MSXtR\labo\FPGA_MSXtR_CPU_Stack_001_RENEW\src\s2026\s2026_register.v":51)
Compiling module 'msx_bus_mux'("C:\Users\hra\Documents\github\HRA_product\FPGA_MSXtR\labo\FPGA_MSXtR_CPU_Stack_001_RENEW\src\msx_bus_mux\msx_bus_mux.v":33)
Compiling module 'msx_slot'("C:\Users\hra\Documents\github\HRA_product\FPGA_MSXtR\labo\FPGA_MSXtR_CPU_Stack_001_RENEW\src\msx_slot\msx_slot.v":34)
Compiling module 'address_decode'("C:\Users\hra\Documents\github\HRA_product\FPGA_MSXtR\labo\FPGA_MSXtR_CPU_Stack_001_RENEW\src\address_decode\address_decode.v":34)
Compiling module 'dos_mapper'("C:\Users\hra\Documents\github\HRA_product\FPGA_MSXtR\labo\FPGA_MSXtR_CPU_Stack_001_RENEW\src\dos_mapper\dos_mapper.v":34)
Compiling module 'fdc8566'("C:\Users\hra\Documents\github\HRA_product\FPGA_MSXtR\labo\FPGA_MSXtR_CPU_Stack_001_RENEW\src\fdc8566\fdc8566.v":34)
Compiling module 'secondary_slot'("C:\Users\hra\Documents\github\HRA_product\FPGA_MSXtR\labo\FPGA_MSXtR_CPU_Stack_001_RENEW\src\secondary_slot\secondary_slot.v":34)
Compiling module 'ip_kanji_rom'("C:\Users\hra\Documents\github\HRA_product\FPGA_MSXtR\labo\FPGA_MSXtR_CPU_Stack_001_RENEW\src\kanji_rom\ip_kanji_rom.v":1)
Extracting RAM for identifier 'ff_buffer'("C:\Users\hra\Documents\github\HRA_product\FPGA_MSXtR\labo\FPGA_MSXtR_CPU_Stack_001_RENEW\src\kanji_rom\ip_kanji_rom.v":58)
Compiling module 'ppi'("C:\Users\hra\Documents\github\HRA_product\FPGA_MSXtR\labo\FPGA_MSXtR_CPU_Stack_001_RENEW\src\ppi\ppi.v":34)
Compiling module 'memory_mapper'("C:\Users\hra\Documents\github\HRA_product\FPGA_MSXtR\labo\FPGA_MSXtR_CPU_Stack_001_RENEW\src\memory_mapper\memory_mapper.v":50)
Compiling module 'r800_cache'("C:\Users\hra\Documents\github\HRA_product\FPGA_MSXtR\labo\FPGA_MSXtR_CPU_Stack_001_RENEW\src\cr800\r800_cache.v":34)
Extracting RAM for identifier 'ff_valid'("C:\Users\hra\Documents\github\HRA_product\FPGA_MSXtR\labo\FPGA_MSXtR_CPU_Stack_001_RENEW\src\cr800\r800_cache.v":88)
Extracting RAM for identifier 'ff_plru'("C:\Users\hra\Documents\github\HRA_product\FPGA_MSXtR\labo\FPGA_MSXtR_CPU_Stack_001_RENEW\src\cr800\r800_cache.v":89)
Compiling module 'r800_cache_ram'("C:\Users\hra\Documents\github\HRA_product\FPGA_MSXtR\labo\FPGA_MSXtR_CPU_Stack_001_RENEW\src\cr800\r800_cache_ram.v":1)
Extracting RAM for identifier 'memory'("C:\Users\hra\Documents\github\HRA_product\FPGA_MSXtR\labo\FPGA_MSXtR_CPU_Stack_001_RENEW\src\cr800\r800_cache_ram.v":12)
WARN  (EX3791) : Expression size 16 truncated to fit in target size 4("C:\Users\hra\Documents\github\HRA_product\FPGA_MSXtR\labo\FPGA_MSXtR_CPU_Stack_001_RENEW\src\cr800\r800_cache.v":181)
Compiling module 'ssram'("C:\Users\hra\Documents\github\HRA_product\FPGA_MSXtR\labo\FPGA_MSXtR_CPU_Stack_001_RENEW\src\ssram\ssram.v":34)
Compiling module 'rtc'("C:\Users\hra\Documents\github\HRA_product\FPGA_MSXtR\labo\FPGA_MSXtR_CPU_Stack_001_RENEW\src\rtc\rtc.v":53)
Extracting RAM for identifier 'ff_memory'("C:\Users\hra\Documents\github\HRA_product\FPGA_MSXtR\labo\FPGA_MSXtR_CPU_Stack_001_RENEW\src\rtc\rtc.v":93)
Compiling module 'pause_led'("C:\Users\hra\Documents\github\HRA_product\FPGA_MSXtR\labo\FPGA_MSXtR_CPU_Stack_001_RENEW\src\pause_led\pause_led.v":38)
Compiling module 'system_flag'("C:\Users\hra\Documents\github\HRA_product\FPGA_MSXtR\labo\FPGA_MSXtR_CPU_Stack_001_RENEW\src\system_flag\system_flag.v":44)
Compiling module 'dummy_ssg'("C:\Users\hra\Documents\github\HRA_product\FPGA_MSXtR\labo\FPGA_MSXtR_CPU_Stack_001_RENEW\src\dummy_ssg\dummy_ssg.v":34)
NOTE  (EX0101) : Current top module is "fpga_msxtr_cpu_stack"
WARN  (EX0211) : The output port "flash_spi_clk" of module "fpga_msxtr_cpu_stack" has no driver, assigning undriven bits to Z, simulation mismatch possible("C:\Users\hra\Documents\github\HRA_product\FPGA_MSXtR\labo\FPGA_MSXtR_CPU_Stack_001_RENEW\src\FPGA_MSXtR_CPU_Stack.v":73)
WARN  (EX0211) : The output port "flash_spi_cs_n" of module "fpga_msxtr_cpu_stack" has no driver, assigning undriven bits to Z, simulation mismatch possible("C:\Users\hra\Documents\github\HRA_product\FPGA_MSXtR\labo\FPGA_MSXtR_CPU_Stack_001_RENEW\src\FPGA_MSXtR_CPU_Stack.v":74)
WARN  (EX0211) : The output port "uart_tx" of module "fpga_msxtr_cpu_stack" has no driver, assigning undriven bits to Z, simulation mismatch possible("C:\Users\hra\Documents\github\HRA_product\FPGA_MSXtR\labo\FPGA_MSXtR_CPU_Stack_001_RENEW\src\FPGA_MSXtR_CPU_Stack.v":77)
[5%] Running netlist conversion ...
WARN  (CV0016) : Input slot_busdir is unused("C:\Users\hra\Documents\github\HRA_product\FPGA_MSXtR\labo\FPGA_MSXtR_CPU_Stack_001_RENEW\src\FPGA_MSXtR_CPU_Stack.v":57)
WARN  (CV0016) : Input uart_rx is unused("C:\Users\hra\Documents\github\HRA_product\FPGA_MSXtR\labo\FPGA_MSXtR_CPU_Stack_001_RENEW\src\FPGA_MSXtR_CPU_Stack.v":78)
WARN  (CV0017) : Inout flash_spi_io is unused("C:\Users\hra\Documents\github\HRA_product\FPGA_MSXtR\labo\FPGA_MSXtR_CPU_Stack_001_RENEW\src\FPGA_MSXtR_CPU_Stack.v":75)
Running device independent optimization ...
[10%] Optimizing Phase 0 completed
[15%] Optimizing Phase 1 completed
[25%] Optimizing Phase 2 completed
Running inference ...
[30%] Inferring Phase 0 completed
[40%] Inferring Phase 1 completed
[50%] Inferring Phase 2 completed
[55%] Inferring Phase 3 completed
Running technical mapping ...
[60%] Tech-Mapping Phase 0 completed
[65%] Tech-Mapping Phase 1 completed
[75%] Tech-Mapping Phase 2 completed
[80%] Tech-Mapping Phase 3 completed
[90%] Tech-Mapping Phase 4 completed
WARN  (NL0002) : The module "address_decode" instantiated to "u_address_decode" is swept in optimizing("C:\Users\hra\Documents\github\HRA_product\FPGA_MSXtR\labo\FPGA_MSXtR_CPU_Stack_001_RENEW\src\FPGA_MSXtR_CPU_Stack.v":1004)
WARN  (NL0002) : The module "msx_bus_mux" instantiated to "u_msx_bus_mux" is swept in optimizing("C:\Users\hra\Documents\github\HRA_product\FPGA_MSXtR\labo\FPGA_MSXtR_CPU_Stack_001_RENEW\src\FPGA_MSXtR_CPU_Stack.v":836)
WARN  (NL0002) : The module "vdp_logger_sram" instantiated to "SRAM_A" is swept in optimizing("C:\Users\hra\Documents\github\HRA_product\FPGA_MSXtR\labo\FPGA_MSXtR_CPU_Stack_001_RENEW\src\vdp_logger\vdp_logger.v":95)
[95%] Generate netlist file "C:\Users\hra\Documents\github\HRA_product\FPGA_MSXtR\labo\FPGA_MSXtR_CPU_Stack_001_RENEW\impl\gwsynthesis\FPGA_MSXtR_CPU_Stack.vg" completed
[100%] Generate report file "C:\Users\hra\Documents\github\HRA_product\FPGA_MSXtR\labo\FPGA_MSXtR_CPU_Stack_001_RENEW\impl\gwsynthesis\FPGA_MSXtR_CPU_Stack_syn.rpt.html" completed
GowinSynthesis finish
