Z80 Macro Assembler ZMA v1.0.19
=====================================================
Programmed by t.hara

  DEFS is DEFINE STRING (default).
  OUTPUT TYPE: BINARY

<< code >>
LINE# |OFFSET|ADDR|MNEMONIC
======+======+====+==================================
    36|      |    |UART := 0x10
      |      |    |  Global integer symbol [UART] = 16 (0x10)
------+------+----+----------------------------------
    37|      |    |BUTTON := 0x10
      |      |    |  Global integer symbol [BUTTON] = 16 (0x10)
------+------+----+----------------------------------
    39|      |    |EXTIO_MANUFACTURE := 0x40
      |      |    |  Global integer symbol [EXTIO_MANUFACTURE] = 64 (0x40)
------+------+----+----------------------------------
    40|      |    |EXTIO_DEVICE := 0x41
      |      |    |  Global integer symbol [EXTIO_DEVICE] = 65 (0x41)
------+------+----+----------------------------------
    41|      |    |SROM_COMMAND := 0x42
      |      |    |  Global integer symbol [SROM_COMMAND] = 66 (0x42)
------+------+----+----------------------------------
    42|      |    |SROM_DATA := 0x43
      |      |    |  Global integer symbol [SROM_DATA] = 67 (0x43)
------+------+----+----------------------------------
    44|      |    |MANUFACTURE_ID := 64
      |      |    |  Global integer symbol [MANUFACTURE_ID] = 64 (0x40)
------+------+----+----------------------------------
    46|      |    |DEVICE_CONFIG_ROM_VDP := 1
      |      |    |  Global integer symbol [DEVICE_CONFIG_ROM_VDP] = 1 (0x1)
------+------+----+----------------------------------
    47|      |    |DEVICE_CONFIG_ROM_CPU := 2
      |      |    |  Global integer symbol [DEVICE_CONFIG_ROM_CPU] = 2 (0x2)
------+------+----+----------------------------------
    48|      |    |DEVICE_SERIAL_ROM := 3
      |      |    |  Global integer symbol [DEVICE_SERIAL_ROM] = 3 (0x3)
------+------+----+----------------------------------
    50|      |    |VDP_PORT0 := 0x98
      |      |    |  Global integer symbol [VDP_PORT0] = 152 (0x98)
------+------+----+----------------------------------
    51|      |    |VDP_PORT1 := 0x99
      |      |    |  Global integer symbol [VDP_PORT1] = 153 (0x99)
------+------+----+----------------------------------
    52|      |    |VDP_PORT2 := 0x9A
      |      |    |  Global integer symbol [VDP_PORT2] = 154 (0x9a)
------+------+----+----------------------------------
    53|      |    |VDP_PORT3 := 0x9B
      |      |    |  Global integer symbol [VDP_PORT3] = 155 (0x9b)
------+------+----+----------------------------------
    54|      |    |VDP_PORT4 := 0x9C
      |      |    |  Global integer symbol [VDP_PORT4] = 156 (0x9c)
------+------+----+----------------------------------
    56|      |    |S2026_REG_IDX := 0xE4
      |      |    |  Global integer symbol [S2026_REG_IDX] = 228 (0xe4)
------+------+----+----------------------------------
    57|      |    |S2026_REG_VAL := 0xE5
      |      |    |  Global integer symbol [S2026_REG_VAL] = 229 (0xe5)
------+------+----+----------------------------------
    58|      |    |S2026_FR_TIMER_L := 0xE6
      |      |    |  Global integer symbol [S2026_FR_TIMER_L] = 230 (0xe6)
------+------+----+----------------------------------
    59|      |    |S2026_FR_TIMER_H := 0xE7
      |      |    |  Global integer symbol [S2026_FR_TIMER_H] = 231 (0xe7)
------+------+----+----------------------------------
    62|      |    |FPGA_CONFIG_ROM_SET_ADDRESS := 0x00
      |      |    |  Global integer symbol [FPGA_CONFIG_ROM_SET_ADDRESS] = 0 (0x0)
------+------+----+----------------------------------
    63|      |    |FPGA_CONFIG_ROM_SINGLE_READ := 0x01
      |      |    |  Global integer symbol [FPGA_CONFIG_ROM_SINGLE_READ] = 1 (0x1)
------+------+----+----------------------------------
    64|      |    |FPGA_CONFIG_ROM_BURST_READ := 0x02
      |      |    |  Global integer symbol [FPGA_CONFIG_ROM_BURST_READ] = 2 (0x2)
------+------+----+----------------------------------
    65|      |    |FPGA_CONFIG_ROM_BURST_WRITE := 0x03
      |      |    |  Global integer symbol [FPGA_CONFIG_ROM_BURST_WRITE] = 3 (0x3)
------+------+----+----------------------------------
    66|      |    |FPGA_CONFIG_ROM_CHIP_ERASE := 0x04
      |      |    |  Global integer symbol [FPGA_CONFIG_ROM_CHIP_ERASE] = 4 (0x4)
------+------+----+----------------------------------
    67|      |    |FPGA_CONFIG_ROM_READ_STATUS := 0x05
      |      |    |  Global integer symbol [FPGA_CONFIG_ROM_READ_STATUS] = 5 (0x5)
------+------+----+----------------------------------
    68|      |    |FPGA_CONFIG_ROM_SELECT_SROM := 0x06
      |      |    |  Global integer symbol [FPGA_CONFIG_ROM_SELECT_SROM] = 6 (0x6)
------+------+----+----------------------------------
    69|      |    |FPGA_CONFIG_ROM_ACCESS_END := 0x07
      |      |    |  Global integer symbol [FPGA_CONFIG_ROM_ACCESS_END] = 7 (0x7)
------+------+----+----------------------------------
    70|      |    |FPGA_CONFIG_ROM_WRITE_ENABLE := 0x08
      |      |    |  Global integer symbol [FPGA_CONFIG_ROM_WRITE_ENABLE] = 8 (0x8)
------+------+----+----------------------------------
    71|      |    |FPGA_CONFIG_ROM_BLOCK_ERASE := 0x09
      |      |    |  Global integer symbol [FPGA_CONFIG_ROM_BLOCK_ERASE] = 9 (0x9)
------+------+----+----------------------------------
    72|      |    |FPGA_CONFIG_ROM_READ_STATUS2 := 0x0A
      |      |    |  Global integer symbol [FPGA_CONFIG_ROM_READ_STATUS2] = 10 (0xa)
------+------+----+----------------------------------
    74|      |    |ORG 0x0000
------+------+----+----------------------------------
    78|      |    |DI
      |      |    |  Z80:5cyc R800:2cyc
      |000000|0000|  F3
------+------+----+----------------------------------
    79|      |    |LD SP, 8192 - 2
      |      |    |  Z80:11cyc R800:3cyc
      |000001|0001|  31 FE 1F
------+------+----+----------------------------------
    84|      |    |SCOPE SET_SCREEN1
      |      |    |  Enter scope: SET_SCREEN1:
------+------+----+----------------------------------
    85|      |    |SET_SCREEN1 ::
      |      |    |  global label [SET_SCREEN1] address: 0x000004
------+------+----+----------------------------------
    86|      |    |LD HL, VDP_SCREEN1_REG
      |      |    |  Z80:11cyc R800:3cyc
      |000004|0004|  21 7D 00
------+------+----+----------------------------------
    87|      |    |LD C, VDP_PORT1
      |      |    |  Z80:8cyc R800:2cyc
      |000007|0007|  0E 99
------+------+----+----------------------------------
    88|      |    |LOOP :
      |      |    |  label [SET_SCREEN1:LOOP] address: 0x000009
------+------+----+----------------------------------
    89|      |    |LD A, [ HL ]
      |      |    |  Z80:8cyc R800:4cyc
      |000009|0009|  7E
------+------+----+----------------------------------
    90|      |    |INC A
      |      |    |  Z80:5cyc R800:1cyc
      |00000A|000A|  3C
------+------+----+----------------------------------
    91|      |    |JR Z, EXIT_LOOP
      |      |    |  Z80:13cyc/8cyc R800:3cyc/2cyc
      |00000B|000B|  28 0C
------+------+----+----------------------------------
    92|      |    |DEC A
      |      |    |  Z80:5cyc R800:1cyc
      |00000D|000D|  3D
------+------+----+----------------------------------
    93|      |    |OR A, 0x80
      |      |    |  Z80:8cyc R800:2cyc
      |00000E|000E|  F6 80
------+------+----+----------------------------------
    94|      |    |INC HL
      |      |    |  Z80:7cyc R800:1cyc
      |000010|0010|  23
------+------+----+----------------------------------
    95|      |    |LD B, [ HL ]
      |      |    |  Z80:8cyc R800:4cyc
      |000011|0011|  46
------+------+----+----------------------------------
    96|      |    |INC HL
      |      |    |  Z80:7cyc R800:1cyc
      |000012|0012|  23
------+------+----+----------------------------------
    97|      |    |OUT [ C ], B
      |      |    |  Z80:14cyc R800:10cyc/9cyc
      |000013|0013|  ED 41
------+------+----+----------------------------------
    98|      |    |OUT [ C ], A
      |      |    |  Z80:14cyc R800:10cyc/9cyc
      |000015|0015|  ED 79
------+------+----+----------------------------------
    99|      |    |JR LOOP
      |      |    |  Z80:13cyc R800:3cyc
      |000017|0017|  18 F0
------+------+----+----------------------------------
   100|      |    |EXIT_LOOP :
      |      |    |  label [SET_SCREEN1:EXIT_LOOP] address: 0x000019
------+------+----+----------------------------------
   101|      |    |ENDSCOPE
      |      |    |  Exit scope: SET_SCREEN1:
------+------+----+----------------------------------
   106|      |    |SCOPE SETUP_VRAM
      |      |    |  Enter scope: SETUP_VRAM:
------+------+----+----------------------------------
   107|      |    |SETUP_VRAM ::
      |      |    |  global label [SETUP_VRAM] address: 0x000019
------+------+----+----------------------------------
   109|      |    |LD HL, VDP_SCREEN1_FONT
      |      |    |  Z80:11cyc R800:3cyc
      |000019|0019|  21 C8 00
------+------+----+----------------------------------
   110|      |    |LD DE, 0x0000
      |      |    |  Z80:11cyc R800:3cyc
      |00001C|001C|  11 00 00
------+------+----+----------------------------------
   111|      |    |LD BC, VDP_SCREEN1_FONT_END - VDP_SCREEN1_FONT
      |      |    |  Z80:11cyc R800:3cyc
      |00001F|001F|  01 00 08
------+------+----+----------------------------------
   112|      |    |CALL WRITE_VRAM_BLOCK
      |      |    |  Z80:18cyc R800:5cyc
      |000022|0022|  CD 69 00
------+------+----+----------------------------------
   114|      |    |LD HL, 0x1800
      |      |    |  Z80:11cyc R800:3cyc
      |000025|0025|  21 00 18
------+------+----+----------------------------------
   115|      |    |LD DE, 768
      |      |    |  Z80:11cyc R800:3cyc
      |000028|0028|  11 00 03
------+------+----+----------------------------------
   116|      |    |LD B, 0x20
      |      |    |  Z80:8cyc R800:2cyc
      |00002B|002B|  06 20
------+------+----+----------------------------------
   117|      |    |CALL FILL_VRAM
      |      |    |  Z80:18cyc R800:5cyc
      |00002D|002D|  CD 54 00
------+------+----+----------------------------------
   119|      |    |LD HL, 0x1B00
      |      |    |  Z80:11cyc R800:3cyc
      |000030|0030|  21 00 1B
------+------+----+----------------------------------
   120|      |    |LD DE, 4 * 32
      |      |    |  Z80:11cyc R800:3cyc
      |000033|0033|  11 80 00
------+------+----+----------------------------------
   121|      |    |LD B, 0xD8
      |      |    |  Z80:8cyc R800:2cyc
      |000036|0036|  06 D8
------+------+----+----------------------------------
   122|      |    |CALL FILL_VRAM
      |      |    |  Z80:18cyc R800:5cyc
      |000038|0038|  CD 54 00
------+------+----+----------------------------------
   124|      |    |LD HL, 0x2000
      |      |    |  Z80:11cyc R800:3cyc
      |00003B|003B|  21 00 20
------+------+----+----------------------------------
   125|      |    |LD DE, 32 * 24
      |      |    |  Z80:11cyc R800:3cyc
      |00003E|003E|  11 00 03
------+------+----+----------------------------------
   126|      |    |LD B, 0xF4
      |      |    |  Z80:8cyc R800:2cyc
      |000041|0041|  06 F4
------+------+----+----------------------------------
   127|      |    |CALL FILL_VRAM
      |      |    |  Z80:18cyc R800:5cyc
      |000043|0043|  CD 54 00
------+------+----+----------------------------------
   128|      |    |ENDSCOPE
      |      |    |  Exit scope: SETUP_VRAM:
------+------+----+----------------------------------
   133|      |    |SCOPE SETUP_MESSAGE
      |      |    |  Enter scope: SETUP_MESSAGE:
------+------+----+----------------------------------
   134|      |    |SETUP_MESSAGE ::
      |      |    |  global label [SETUP_MESSAGE] address: 0x000046
------+------+----+----------------------------------
   135|      |    |LD HL, MESSAGE
      |      |    |  Z80:11cyc R800:3cyc
      |000046|0046|  21 AE 00
------+------+----+----------------------------------
   136|      |    |LD DE, 0x1800
      |      |    |  Z80:11cyc R800:3cyc
      |000049|0049|  11 00 18
------+------+----+----------------------------------
   137|      |    |LD BC, MESSAGE_END - MESSAGE
      |      |    |  Z80:11cyc R800:3cyc
      |00004C|004C|  01 1A 00
------+------+----+----------------------------------
   138|      |    |CALL WRITE_VRAM_BLOCK
      |      |    |  Z80:18cyc R800:5cyc
      |00004F|004F|  CD 69 00
------+------+----+----------------------------------
   139|      |    |ENDSCOPE
      |      |    |  Exit scope: SETUP_MESSAGE:
------+------+----+----------------------------------
   144|      |    |SCOPE MAIN
      |      |    |  Enter scope: MAIN:
------+------+----+----------------------------------
   145|      |    |MAIN ::
      |      |    |  global label [MAIN] address: 0x000052
------+------+----+----------------------------------
   146|      |    |LOOP :
      |      |    |  label [MAIN:LOOP] address: 0x000052
------+------+----+----------------------------------
   147|      |    |JR LOOP
      |      |    |  Z80:13cyc R800:3cyc
      |000052|0052|  18 FE
------+------+----+----------------------------------
   148|      |    |ENDSCOPE
      |      |    |  Exit scope: MAIN:
------+------+----+----------------------------------
   159|      |    |SCOPE FILL_VRAM
      |      |    |  Enter scope: FILL_VRAM:
------+------+----+----------------------------------
   160|      |    |FILL_VRAM ::
      |      |    |  global label [FILL_VRAM] address: 0x000054
------+------+----+----------------------------------
   161|      |    |LD C, VDP_PORT1
      |      |    |  Z80:8cyc R800:2cyc
      |000054|0054|  0E 99
------+------+----+----------------------------------
   162|      |    |LD A, L
      |      |    |  Z80:5cyc R800:2cyc
      |000056|0056|  7D
------+------+----+----------------------------------
   163|      |    |OUT [ C ], A
      |      |    |  Z80:14cyc R800:10cyc/9cyc
      |000057|0057|  ED 79
------+------+----+----------------------------------
   164|      |    |LD A, H
      |      |    |  Z80:5cyc R800:2cyc
      |000059|0059|  7C
------+------+----+----------------------------------
   165|      |    |AND A, 0x3F
      |      |    |  Z80:8cyc R800:2cyc
      |00005A|005A|  E6 3F
------+------+----+----------------------------------
   166|      |    |OR A, 0x40
      |      |    |  Z80:8cyc R800:2cyc
      |00005C|005C|  F6 40
------+------+----+----------------------------------
   167|      |    |OUT [ C ], A
      |      |    |  Z80:14cyc R800:10cyc/9cyc
      |00005E|005E|  ED 79
------+------+----+----------------------------------
   168|      |    |DEC C
      |      |    |  Z80:5cyc R800:1cyc
      |000060|0060|  0D
------+------+----+----------------------------------
   169|      |    |LOOP :
      |      |    |  label [FILL_VRAM:LOOP] address: 0x000061
------+------+----+----------------------------------
   170|      |    |OUT [ C ], B
      |      |    |  Z80:14cyc R800:10cyc/9cyc
      |000061|0061|  ED 41
------+------+----+----------------------------------
   171|      |    |DEC DE
      |      |    |  Z80:7cyc R800:1cyc
      |000063|0063|  1B
------+------+----+----------------------------------
   172|      |    |LD A, E
      |      |    |  Z80:5cyc R800:2cyc
      |000064|0064|  7B
------+------+----+----------------------------------
   173|      |    |OR A, D
      |      |    |  Z80:5cyc R800:1cyc
      |000065|0065|  B2
------+------+----+----------------------------------
   174|      |    |JR NZ, LOOP
      |      |    |  Z80:13cyc/8cyc R800:3cyc/2cyc
      |000066|0066|  20 F9
------+------+----+----------------------------------
   175|      |    |RET
      |      |    |  Z80:11cyc R800:5cyc
      |000068|0068|  C9
------+------+----+----------------------------------
   176|      |    |ENDSCOPE
      |      |    |  Exit scope: FILL_VRAM:
------+------+----+----------------------------------
   187|      |    |SCOPE WRITE_VRAM_BLOCK
      |      |    |  Enter scope: WRITE_VRAM_BLOCK:
------+------+----+----------------------------------
   188|      |    |WRITE_VRAM_BLOCK ::
      |      |    |  global label [WRITE_VRAM_BLOCK] address: 0x000069
------+------+----+----------------------------------
   189|      |    |LD A, E
      |      |    |  Z80:5cyc R800:2cyc
      |000069|0069|  7B
------+------+----+----------------------------------
   190|      |    |OUT [ VDP_PORT1 ], A
      |      |    |  Z80:12cyc R800:10cyc/9cyc
      |00006A|006A|  D3 99
------+------+----+----------------------------------
   191|      |    |LD A, D
      |      |    |  Z80:5cyc R800:2cyc
      |00006C|006C|  7A
------+------+----+----------------------------------
   192|      |    |AND A, 0x3F
      |      |    |  Z80:8cyc R800:2cyc
      |00006D|006D|  E6 3F
------+------+----+----------------------------------
   193|      |    |OR A, 0x40
      |      |    |  Z80:8cyc R800:2cyc
      |00006F|006F|  F6 40
------+------+----+----------------------------------
   194|      |    |OUT [ VDP_PORT1 ], A
      |      |    |  Z80:12cyc R800:10cyc/9cyc
      |000071|0071|  D3 99
------+------+----+----------------------------------
   195|      |    |LOOP :
      |      |    |  label [WRITE_VRAM_BLOCK:LOOP] address: 0x000073
------+------+----+----------------------------------
   196|      |    |LD A, [ HL ]
      |      |    |  Z80:8cyc R800:4cyc
      |000073|0073|  7E
------+------+----+----------------------------------
   197|      |    |INC HL
      |      |    |  Z80:7cyc R800:1cyc
      |000074|0074|  23
------+------+----+----------------------------------
   198|      |    |OUT [ VDP_PORT0 ], A
      |      |    |  Z80:12cyc R800:10cyc/9cyc
      |000075|0075|  D3 98
------+------+----+----------------------------------
   199|      |    |DEC BC
      |      |    |  Z80:7cyc R800:1cyc
      |000077|0077|  0B
------+------+----+----------------------------------
   200|      |    |LD A, C
      |      |    |  Z80:5cyc R800:2cyc
      |000078|0078|  79
------+------+----+----------------------------------
   201|      |    |OR A, B
      |      |    |  Z80:5cyc R800:1cyc
      |000079|0079|  B0
------+------+----+----------------------------------
   202|      |    |JR NZ, LOOP
      |      |    |  Z80:13cyc/8cyc R800:3cyc/2cyc
      |00007A|007A|  20 F7
------+------+----+----------------------------------
   203|      |    |RET
      |      |    |  Z80:11cyc R800:5cyc
      |00007C|007C|  C9
------+------+----+----------------------------------
   204|      |    |ENDSCOPE
      |      |    |  Exit scope: WRITE_VRAM_BLOCK:
------+------+----+----------------------------------
   210|      |    |VDP_SCREEN1_REG ::
      |      |    |  global label [VDP_SCREEN1_REG] address: 0x00007d
------+------+----+----------------------------------
   211|      |    |DB 0, 0x00
      |00007D|007D|  00 00
------+------+----+----------------------------------
   212|      |    |DB 1, 0x60
      |00007F|007F|  01 60
------+------+----+----------------------------------
   213|      |    |DB 8, 0x08
      |000081|0081|  08 08
------+------+----+----------------------------------
   214|      |    |DB 9, 0x00
      |000083|0083|  09 00
------+------+----+----------------------------------
   215|      |    |DB 2, 0x06
      |000085|0085|  02 06
------+------+----+----------------------------------
   216|      |    |DB 3, 0x80
      |000087|0087|  03 80
------+------+----+----------------------------------
   217|      |    |DB 10, 0x00
      |000089|0089|  0A 00
------+------+----+----------------------------------
   218|      |    |DB 4, 0x00
      |00008B|008B|  04 00
------+------+----+----------------------------------
   219|      |    |DB 5, 0x36
      |00008D|008D|  05 36
------+------+----+----------------------------------
   220|      |    |DB 11, 0x00
      |00008F|008F|  0B 00
------+------+----+----------------------------------
   221|      |    |DB 6, 0x07
      |000091|0091|  06 07
------+------+----+----------------------------------
   222|      |    |DB 7, 0x07
      |000093|0093|  07 07
------+------+----+----------------------------------
   223|      |    |DB 12, 0x00
      |000095|0095|  0C 00
------+------+----+----------------------------------
   224|      |    |DB 13, 0x00
      |000097|0097|  0D 00
------+------+----+----------------------------------
   225|      |    |DB 18, 0x00
      |000099|0099|  12 00
------+------+----+----------------------------------
   226|      |    |DB 19, 0x00
      |00009B|009B|  13 00
------+------+----+----------------------------------
   227|      |    |DB 23, 0x00
      |00009D|009D|  17 00
------+------+----+----------------------------------
   228|      |    |DB 14, 0x00
      |00009F|009F|  0E 00
------+------+----+----------------------------------
   229|      |    |DB 15, 0x00
      |0000A1|00A1|  0F 00
------+------+----+----------------------------------
   230|      |    |DB 16, 0x00
      |0000A3|00A3|  10 00
------+------+----+----------------------------------
   231|      |    |DB 17, 0x1C
      |0000A5|00A5|  11 1C
------+------+----+----------------------------------
   232|      |    |DB 25, 0x00
      |0000A7|00A7|  19 00
------+------+----+----------------------------------
   233|      |    |DB 26, 0x00
      |0000A9|00A9|  1A 00
------+------+----+----------------------------------
   234|      |    |DB 27, 0x00
      |0000AB|00AB|  1B 00
------+------+----+----------------------------------
   235|      |    |DB 255
      |0000AD|00AD|  FF
------+------+----+----------------------------------
   240|      |    |MESSAGE ::
      |      |    |  global label [MESSAGE] address: 0x0000ae
------+------+----+----------------------------------
   241|      |    |DB "FPGA MSXtR VDP/PICO Test.", 0
      |0000AE|00AE|  46 50 47 41 20 4D 53 58
      |0000B6|00B6|  74 52 20 56 44 50 2F 50
      |0000BE|00BE|  49 43 4F 20 54 65 73 74
      |0000C6|00C6|  2E 00
------+------+----+----------------------------------
   242|      |    |MESSAGE_END ::
      |      |    |  global label [MESSAGE_END] address: 0x0000c8
------+------+----+----------------------------------
   244|      |    |INCLUDE "vdp_screen1_font.asm" begin
     6|      |    |VDP_SCREEN1_FONT ::
      |      |    |  global label [VDP_SCREEN1_FONT] address: 0x0000c8
------+------+----+----------------------------------
     7|      |    |DB 0x00, 0x00, 0x00, 0x00, 0x00, 0x00, 0x00, 0x00
      |0000C8|00C8|  00 00 00 00 00 00 00 00
------+------+----+----------------------------------
     8|      |    |DB 0x7E, 0x42, 0x7E, 0x42, 0x7E, 0x42, 0x82, 0x00
      |0000D0|00D0|  7E 42 7E 42 7E 42 82 00
------+------+----+----------------------------------
     9|      |    |DB 0x10, 0x92, 0x54, 0x10, 0x28, 0x44, 0x82, 0x00
      |0000D8|00D8|  10 92 54 10 28 44 82 00
------+------+----+----------------------------------
    10|      |    |DB 0x12, 0x14, 0xF8, 0x14, 0x34, 0x52, 0x92, 0x00
      |0000E0|00E0|  12 14 F8 14 34 52 92 00
------+------+----+----------------------------------
    11|      |    |DB 0x10, 0x10, 0xFE, 0x10, 0x38, 0x54, 0x92, 0x00
      |0000E8|00E8|  10 10 FE 10 38 54 92 00
------+------+----+----------------------------------
    12|      |    |DB 0x10, 0x28, 0x7C, 0x92, 0x38, 0x54, 0xFE, 0x00
      |0000F0|00F0|  10 28 7C 92 38 54 FE 00
------+------+----+----------------------------------
    13|      |    |DB 0x10, 0x10, 0x10, 0x7C, 0x10, 0x10, 0xFE, 0x00
      |0000F8|00F8|  10 10 10 7C 10 10 FE 00
------+------+----+----------------------------------
    14|      |    |DB 0x7E, 0x42, 0x42, 0x7E, 0x42, 0x42, 0x7E, 0x00
      |000100|0100|  7E 42 42 7E 42 42 7E 00
------+------+----+----------------------------------
    15|      |    |DB 0x40, 0x7E, 0x48, 0x3C, 0x28, 0x7E, 0x08, 0x00
      |000108|0108|  40 7E 48 3C 28 7E 08 00
------+------+----+----------------------------------
    16|      |    |DB 0xFE, 0x92, 0x92, 0xFE, 0x82, 0x82, 0x86, 0x00
      |000110|0110|  FE 92 92 FE 82 82 86 00
------+------+----+----------------------------------
    17|      |    |DB 0x04, 0xEE, 0xA4, 0xEF, 0xA2, 0xEA, 0x06, 0x00
      |000118|0118|  04 EE A4 EF A2 EA 06 00
------+------+----+----------------------------------
    18|      |    |DB 0x28, 0x44, 0x82, 0x3C, 0x14, 0x24, 0x4C, 0x00
      |000120|0120|  28 44 82 3C 14 24 4C 00
------+------+----+----------------------------------
    19|      |    |DB 0x28, 0xC8, 0x5C, 0xEA, 0x6C, 0xC8, 0x50, 0x00
      |000128|0128|  28 C8 5C EA 6C C8 50 00
------+------+----+----------------------------------
    20|      |    |DB 0x7C, 0x20, 0x7C, 0x44, 0x7C, 0x44, 0x7C, 0x00
      |000130|0130|  7C 20 7C 44 7C 44 7C 00
------+------+----+----------------------------------
    21|      |    |DB 0x0C, 0x70, 0x10, 0xFE, 0x10, 0x10, 0x10, 0x00
      |000138|0138|  0C 70 10 FE 10 10 10 00
------+------+----+----------------------------------
    22|      |    |DB 0x7E, 0x10, 0x1E, 0x12, 0x22, 0x44, 0x08, 0x00
      |000140|0140|  7E 10 1E 12 22 44 08 00
------+------+----+----------------------------------
    23|      |    |DB 0x00, 0x7C, 0x28, 0x28, 0x28, 0x4E, 0x00, 0x00
      |000148|0148|  00 7C 28 28 28 4E 00 00
------+------+----+----------------------------------
    24|      |    |DB 0x10, 0x10, 0x10, 0xFF, 0x00, 0x00, 0x00, 0x00
      |000150|0150|  10 10 10 FF 00 00 00 00
------+------+----+----------------------------------
    25|      |    |DB 0x00, 0x00, 0x00, 0xFF, 0x10, 0x10, 0x10, 0x10
      |000158|0158|  00 00 00 FF 10 10 10 10
------+------+----+----------------------------------
    26|      |    |DB 0x10, 0x10, 0x10, 0xF0, 0x10, 0x10, 0x10, 0x10
      |000160|0160|  10 10 10 F0 10 10 10 10
------+------+----+----------------------------------
    27|      |    |DB 0x10, 0x10, 0x10, 0x1F, 0x10, 0x10, 0x10, 0x10
      |000168|0168|  10 10 10 1F 10 10 10 10
------+------+----+----------------------------------
    28|      |    |DB 0x10, 0x10, 0x10, 0xFF, 0x10, 0x10, 0x10, 0x10
      |000170|0170|  10 10 10 FF 10 10 10 10
------+------+----+----------------------------------
    29|      |    |DB 0x10, 0x10, 0x10, 0x10, 0x10, 0x10, 0x10, 0x10
      |000178|0178|  10 10 10 10 10 10 10 10
------+------+----+----------------------------------
    30|      |    |DB 0x00, 0x00, 0x00, 0xFF, 0x00, 0x00, 0x00, 0x00
      |000180|0180|  00 00 00 FF 00 00 00 00
------+------+----+----------------------------------
    31|      |    |DB 0x00, 0x00, 0x00, 0x1F, 0x10, 0x10, 0x10, 0x10
      |000188|0188|  00 00 00 1F 10 10 10 10
------+------+----+----------------------------------
    32|      |    |DB 0x00, 0x00, 0x00, 0xF0, 0x10, 0x10, 0x10, 0x10
      |000190|0190|  00 00 00 F0 10 10 10 10
------+------+----+----------------------------------
    33|      |    |DB 0x10, 0x10, 0x10, 0x1F, 0x00, 0x00, 0x00, 0x00
      |000198|0198|  10 10 10 1F 00 00 00 00
------+------+----+----------------------------------
    34|      |    |DB 0x10, 0x10, 0x10, 0xF0, 0x00, 0x00, 0x00, 0x00
      |0001A0|01A0|  10 10 10 F0 00 00 00 00
------+------+----+----------------------------------
    35|      |    |DB 0x81, 0x42, 0x24, 0x18, 0x18, 0x24, 0x42, 0x81
      |0001A8|01A8|  81 42 24 18 18 24 42 81
------+------+----+----------------------------------
    36|      |    |DB 0x10, 0x7C, 0x10, 0x10, 0x28, 0x44, 0x82, 0x00
      |0001B0|01B0|  10 7C 10 10 28 44 82 00
------+------+----+----------------------------------
    37|      |    |DB 0x10, 0x10, 0xFE, 0x92, 0xFE, 0x10, 0x10, 0x00
      |0001B8|01B8|  10 10 FE 92 FE 10 10 00
------+------+----+----------------------------------
    38|      |    |DB 0x10, 0x10, 0x54, 0x54, 0x92, 0x10, 0x30, 0x00
      |0001C0|01C0|  10 10 54 54 92 10 30 00
------+------+----+----------------------------------
    39|      |    |DB 0x00, 0x00, 0x00, 0x00, 0x00, 0x00, 0x00, 0x00
      |0001C8|01C8|  00 00 00 00 00 00 00 00
------+------+----+----------------------------------
    40|      |    |DB 0x20, 0x20, 0x20, 0x20, 0x00, 0x00, 0x20, 0x00
      |0001D0|01D0|  20 20 20 20 00 00 20 00
------+------+----+----------------------------------
    41|      |    |DB 0x50, 0x50, 0x50, 0x00, 0x00, 0x00, 0x00, 0x00
      |0001D8|01D8|  50 50 50 00 00 00 00 00
------+------+----+----------------------------------
    42|      |    |DB 0x50, 0x50, 0xF8, 0x50, 0xF8, 0x50, 0x50, 0x00
      |0001E0|01E0|  50 50 F8 50 F8 50 50 00
------+------+----+----------------------------------
    43|      |    |DB 0x20, 0x78, 0xA0, 0x70, 0x28, 0xF0, 0x20, 0x00
      |0001E8|01E8|  20 78 A0 70 28 F0 20 00
------+------+----+----------------------------------
    44|      |    |DB 0xC0, 0xC8, 0x10, 0x20, 0x40, 0x98, 0x18, 0x00
      |0001F0|01F0|  C0 C8 10 20 40 98 18 00
------+------+----+----------------------------------
    45|      |    |DB 0x40, 0xA0, 0x40, 0xA8, 0x90, 0x98, 0x60, 0x00
      |0001F8|01F8|  40 A0 40 A8 90 98 60 00
------+------+----+----------------------------------
    46|      |    |DB 0x10, 0x20, 0x40, 0x00, 0x00, 0x00, 0x00, 0x00
      |000200|0200|  10 20 40 00 00 00 00 00
------+------+----+----------------------------------
    47|      |    |DB 0x10, 0x20, 0x40, 0x40, 0x40, 0x20, 0x10, 0x00
      |000208|0208|  10 20 40 40 40 20 10 00
------+------+----+----------------------------------
    48|      |    |DB 0x40, 0x20, 0x10, 0x10, 0x10, 0x20, 0x40, 0x00
      |000210|0210|  40 20 10 10 10 20 40 00
------+------+----+----------------------------------
    49|      |    |DB 0x20, 0xA8, 0x70, 0x20, 0x70, 0xA8, 0x20, 0x00
      |000218|0218|  20 A8 70 20 70 A8 20 00
------+------+----+----------------------------------
    50|      |    |DB 0x00, 0x20, 0x20, 0xF8, 0x20, 0x20, 0x00, 0x00
      |000220|0220|  00 20 20 F8 20 20 00 00
------+------+----+----------------------------------
    51|      |    |DB 0x00, 0x00, 0x00, 0x00, 0x00, 0x20, 0x20, 0x40
      |000228|0228|  00 00 00 00 00 20 20 40
------+------+----+----------------------------------
    52|      |    |DB 0x00, 0x00, 0x00, 0x78, 0x00, 0x00, 0x00, 0x00
      |000230|0230|  00 00 00 78 00 00 00 00
------+------+----+----------------------------------
    53|      |    |DB 0x00, 0x00, 0x00, 0x00, 0x00, 0x60, 0x60, 0x00
      |000238|0238|  00 00 00 00 00 60 60 00
------+------+----+----------------------------------
    54|      |    |DB 0x00, 0x00, 0x08, 0x10, 0x20, 0x40, 0x80, 0x00
      |000240|0240|  00 00 08 10 20 40 80 00
------+------+----+----------------------------------
    55|      |    |DB 0x70, 0x88, 0x98, 0xA8, 0xC8, 0x88, 0x70, 0x00
      |000248|0248|  70 88 98 A8 C8 88 70 00
------+------+----+----------------------------------
    56|      |    |DB 0x20, 0x60, 0xA0, 0x20, 0x20, 0x20, 0xF8, 0x00
      |000250|0250|  20 60 A0 20 20 20 F8 00
------+------+----+----------------------------------
    57|      |    |DB 0x70, 0x88, 0x08, 0x10, 0x60, 0x80, 0xF8, 0x00
      |000258|0258|  70 88 08 10 60 80 F8 00
------+------+----+----------------------------------
    58|      |    |DB 0x70, 0x88, 0x08, 0x30, 0x08, 0x88, 0x70, 0x00
      |000260|0260|  70 88 08 30 08 88 70 00
------+------+----+----------------------------------
    59|      |    |DB 0x10, 0x30, 0x50, 0x90, 0xF8, 0x10, 0x10, 0x00
      |000268|0268|  10 30 50 90 F8 10 10 00
------+------+----+----------------------------------
    60|      |    |DB 0xF8, 0x80, 0xE0, 0x10, 0x08, 0x10, 0xE0, 0x00
      |000270|0270|  F8 80 E0 10 08 10 E0 00
------+------+----+----------------------------------
    61|      |    |DB 0x30, 0x40, 0x80, 0xF0, 0x88, 0x88, 0x70, 0x00
      |000278|0278|  30 40 80 F0 88 88 70 00
------+------+----+----------------------------------
    62|      |    |DB 0xF8, 0x88, 0x10, 0x20, 0x20, 0x20, 0x20, 0x00
      |000280|0280|  F8 88 10 20 20 20 20 00
------+------+----+----------------------------------
    63|      |    |DB 0x70, 0x88, 0x88, 0x70, 0x88, 0x88, 0x70, 0x00
      |000288|0288|  70 88 88 70 88 88 70 00
------+------+----+----------------------------------
    64|      |    |DB 0x70, 0x88, 0x88, 0x78, 0x08, 0x10, 0x60, 0x00
      |000290|0290|  70 88 88 78 08 10 60 00
------+------+----+----------------------------------
    65|      |    |DB 0x00, 0x00, 0x20, 0x00, 0x00, 0x20, 0x00, 0x00
      |000298|0298|  00 00 20 00 00 20 00 00
------+------+----+----------------------------------
    66|      |    |DB 0x00, 0x00, 0x20, 0x00, 0x00, 0x20, 0x20, 0x40
      |0002A0|02A0|  00 00 20 00 00 20 20 40
------+------+----+----------------------------------
    67|      |    |DB 0x18, 0x30, 0x60, 0xC0, 0x60, 0x30, 0x18, 0x00
      |0002A8|02A8|  18 30 60 C0 60 30 18 00
------+------+----+----------------------------------
    68|      |    |DB 0x00, 0x00, 0xF8, 0x00, 0xF8, 0x00, 0x00, 0x00
      |0002B0|02B0|  00 00 F8 00 F8 00 00 00
------+------+----+----------------------------------
    69|      |    |DB 0xC0, 0x60, 0x30, 0x18, 0x30, 0x60, 0xC0, 0x00
      |0002B8|02B8|  C0 60 30 18 30 60 C0 00
------+------+----+----------------------------------
    70|      |    |DB 0x70, 0x88, 0x08, 0x10, 0x20, 0x00, 0x20, 0x00
      |0002C0|02C0|  70 88 08 10 20 00 20 00
------+------+----+----------------------------------
    71|      |    |DB 0x70, 0x88, 0x08, 0x68, 0xA8, 0xA8, 0x70, 0x00
      |0002C8|02C8|  70 88 08 68 A8 A8 70 00
------+------+----+----------------------------------
    72|      |    |DB 0x20, 0x50, 0x88, 0x88, 0xF8, 0x88, 0x88, 0x00
      |0002D0|02D0|  20 50 88 88 F8 88 88 00
------+------+----+----------------------------------
    73|      |    |DB 0xF0, 0x48, 0x48, 0x70, 0x48, 0x48, 0xF0, 0x00
      |0002D8|02D8|  F0 48 48 70 48 48 F0 00
------+------+----+----------------------------------
    74|      |    |DB 0x30, 0x48, 0x80, 0x80, 0x80, 0x48, 0x30, 0x00
      |0002E0|02E0|  30 48 80 80 80 48 30 00
------+------+----+----------------------------------
    75|      |    |DB 0xE0, 0x50, 0x48, 0x48, 0x48, 0x50, 0xE0, 0x00
      |0002E8|02E8|  E0 50 48 48 48 50 E0 00
------+------+----+----------------------------------
    76|      |    |DB 0xF8, 0x80, 0x80, 0xF0, 0x80, 0x80, 0xF8, 0x00
      |0002F0|02F0|  F8 80 80 F0 80 80 F8 00
------+------+----+----------------------------------
    77|      |    |DB 0xF8, 0x80, 0x80, 0xF0, 0x80, 0x80, 0x80, 0x00
      |0002F8|02F8|  F8 80 80 F0 80 80 80 00
------+------+----+----------------------------------
    78|      |    |DB 0x70, 0x88, 0x80, 0xB8, 0x88, 0x88, 0x70, 0x00
      |000300|0300|  70 88 80 B8 88 88 70 00
------+------+----+----------------------------------
    79|      |    |DB 0x88, 0x88, 0x88, 0xF8, 0x88, 0x88, 0x88, 0x00
      |000308|0308|  88 88 88 F8 88 88 88 00
------+------+----+----------------------------------
    80|      |    |DB 0x70, 0x20, 0x20, 0x20, 0x20, 0x20, 0x70, 0x00
      |000310|0310|  70 20 20 20 20 20 70 00
------+------+----+----------------------------------
    81|      |    |DB 0x38, 0x10, 0x10, 0x10, 0x90, 0x90, 0x60, 0x00
      |000318|0318|  38 10 10 10 90 90 60 00
------+------+----+----------------------------------
    82|      |    |DB 0x88, 0x90, 0xA0, 0xC0, 0xA0, 0x90, 0x88, 0x00
      |000320|0320|  88 90 A0 C0 A0 90 88 00
------+------+----+----------------------------------
    83|      |    |DB 0x80, 0x80, 0x80, 0x80, 0x80, 0x80, 0xF8, 0x00
      |000328|0328|  80 80 80 80 80 80 F8 00
------+------+----+----------------------------------
    84|      |    |DB 0x88, 0xD8, 0xA8, 0xA8, 0x88, 0x88, 0x88, 0x00
      |000330|0330|  88 D8 A8 A8 88 88 88 00
------+------+----+----------------------------------
    85|      |    |DB 0x88, 0xC8, 0xC8, 0xA8, 0x98, 0x98, 0x88, 0x00
      |000338|0338|  88 C8 C8 A8 98 98 88 00
------+------+----+----------------------------------
    86|      |    |DB 0x70, 0x88, 0x88, 0x88, 0x88, 0x88, 0x70, 0x00
      |000340|0340|  70 88 88 88 88 88 70 00
------+------+----+----------------------------------
    87|      |    |DB 0xF0, 0x88, 0x88, 0xF0, 0x80, 0x80, 0x80, 0x00
      |000348|0348|  F0 88 88 F0 80 80 80 00
------+------+----+----------------------------------
    88|      |    |DB 0x70, 0x88, 0x88, 0x88, 0xA8, 0x90, 0x68, 0x00
      |000350|0350|  70 88 88 88 A8 90 68 00
------+------+----+----------------------------------
    89|      |    |DB 0xF0, 0x88, 0x88, 0xF0, 0xA0, 0x90, 0x88, 0x00
      |000358|0358|  F0 88 88 F0 A0 90 88 00
------+------+----+----------------------------------
    90|      |    |DB 0x70, 0x88, 0x80, 0x70, 0x08, 0x88, 0x70, 0x00
      |000360|0360|  70 88 80 70 08 88 70 00
------+------+----+----------------------------------
    91|      |    |DB 0xF8, 0x20, 0x20, 0x20, 0x20, 0x20, 0x20, 0x00
      |000368|0368|  F8 20 20 20 20 20 20 00
------+------+----+----------------------------------
    92|      |    |DB 0x88, 0x88, 0x88, 0x88, 0x88, 0x88, 0x70, 0x00
      |000370|0370|  88 88 88 88 88 88 70 00
------+------+----+----------------------------------
    93|      |    |DB 0x88, 0x88, 0x88, 0x88, 0x50, 0x50, 0x20, 0x00
      |000378|0378|  88 88 88 88 50 50 20 00
------+------+----+----------------------------------
    94|      |    |DB 0x88, 0x88, 0x88, 0xA8, 0xA8, 0xD8, 0x88, 0x00
      |000380|0380|  88 88 88 A8 A8 D8 88 00
------+------+----+----------------------------------
    95|      |    |DB 0x88, 0x88, 0x50, 0x20, 0x50, 0x88, 0x88, 0x00
      |000388|0388|  88 88 50 20 50 88 88 00
------+------+----+----------------------------------
    96|      |    |DB 0x88, 0x88, 0x88, 0x70, 0x20, 0x20, 0x20, 0x00
      |000390|0390|  88 88 88 70 20 20 20 00
------+------+----+----------------------------------
    97|      |    |DB 0xF8, 0x08, 0x10, 0x20, 0x40, 0x80, 0xF8, 0x00
      |000398|0398|  F8 08 10 20 40 80 F8 00
------+------+----+----------------------------------
    98|      |    |DB 0x70, 0x40, 0x40, 0x40, 0x40, 0x40, 0x70, 0x00
      |0003A0|03A0|  70 40 40 40 40 40 70 00
------+------+----+----------------------------------
    99|      |    |DB 0x88, 0x50, 0x20, 0x70, 0x20, 0x70, 0x20, 0x00
      |0003A8|03A8|  88 50 20 70 20 70 20 00
------+------+----+----------------------------------
   100|      |    |DB 0x70, 0x10, 0x10, 0x10, 0x10, 0x10, 0x70, 0x00
      |0003B0|03B0|  70 10 10 10 10 10 70 00
------+------+----+----------------------------------
   101|      |    |DB 0x20, 0x50, 0x88, 0x00, 0x00, 0x00, 0x00, 0x00
      |0003B8|03B8|  20 50 88 00 00 00 00 00
------+------+----+----------------------------------
   102|      |    |DB 0x00, 0x00, 0x00, 0x00, 0x00, 0x00, 0xF8, 0x00
      |0003C0|03C0|  00 00 00 00 00 00 F8 00
------+------+----+----------------------------------
   103|      |    |DB 0x40, 0x20, 0x10, 0x00, 0x00, 0x00, 0x00, 0x00
      |0003C8|03C8|  40 20 10 00 00 00 00 00
------+------+----+----------------------------------
   104|      |    |DB 0x00, 0x00, 0x70, 0x08, 0x78, 0x88, 0x78, 0x00
      |0003D0|03D0|  00 00 70 08 78 88 78 00
------+------+----+----------------------------------
   105|      |    |DB 0x80, 0x80, 0xB0, 0xC8, 0x88, 0xC8, 0xB0, 0x00
      |0003D8|03D8|  80 80 B0 C8 88 C8 B0 00
------+------+----+----------------------------------
   106|      |    |DB 0x00, 0x00, 0x70, 0x88, 0x80, 0x88, 0x70, 0x00
      |0003E0|03E0|  00 00 70 88 80 88 70 00
------+------+----+----------------------------------
   107|      |    |DB 0x08, 0x08, 0x68, 0x98, 0x88, 0x98, 0x68, 0x00
      |0003E8|03E8|  08 08 68 98 88 98 68 00
------+------+----+----------------------------------
   108|      |    |DB 0x00, 0x00, 0x70, 0x88, 0xF8, 0x80, 0x70, 0x00
      |0003F0|03F0|  00 00 70 88 F8 80 70 00
------+------+----+----------------------------------
   109|      |    |DB 0x10, 0x28, 0x20, 0xF8, 0x20, 0x20, 0x20, 0x00
      |0003F8|03F8|  10 28 20 F8 20 20 20 00
------+------+----+----------------------------------
   110|      |    |DB 0x00, 0x00, 0x68, 0x98, 0x98, 0x68, 0x08, 0x70
      |000400|0400|  00 00 68 98 98 68 08 70
------+------+----+----------------------------------
   111|      |    |DB 0x80, 0x80, 0xF0, 0x88, 0x88, 0x88, 0x88, 0x00
      |000408|0408|  80 80 F0 88 88 88 88 00
------+------+----+----------------------------------
   112|      |    |DB 0x20, 0x00, 0x60, 0x20, 0x20, 0x20, 0x70, 0x00
      |000410|0410|  20 00 60 20 20 20 70 00
------+------+----+----------------------------------
   113|      |    |DB 0x10, 0x00, 0x30, 0x10, 0x10, 0x10, 0x90, 0x60
      |000418|0418|  10 00 30 10 10 10 90 60
------+------+----+----------------------------------
   114|      |    |DB 0x40, 0x40, 0x48, 0x50, 0x60, 0x50, 0x48, 0x00
      |000420|0420|  40 40 48 50 60 50 48 00
------+------+----+----------------------------------
   115|      |    |DB 0x60, 0x20, 0x20, 0x20, 0x20, 0x20, 0x70, 0x00
      |000428|0428|  60 20 20 20 20 20 70 00
------+------+----+----------------------------------
   116|      |    |DB 0x00, 0x00, 0xD0, 0xA8, 0xA8, 0xA8, 0xA8, 0x00
      |000430|0430|  00 00 D0 A8 A8 A8 A8 00
------+------+----+----------------------------------
   117|      |    |DB 0x00, 0x00, 0xB0, 0xC8, 0x88, 0x88, 0x88, 0x00
      |000438|0438|  00 00 B0 C8 88 88 88 00
------+------+----+----------------------------------
   118|      |    |DB 0x00, 0x00, 0x70, 0x88, 0x88, 0x88, 0x70, 0x00
      |000440|0440|  00 00 70 88 88 88 70 00
------+------+----+----------------------------------
   119|      |    |DB 0x00, 0x00, 0xB0, 0xC8, 0xC8, 0xB0, 0x80, 0x80
      |000448|0448|  00 00 B0 C8 C8 B0 80 80
------+------+----+----------------------------------
   120|      |    |DB 0x00, 0x00, 0x68, 0x98, 0x98, 0x68, 0x08, 0x08
      |000450|0450|  00 00 68 98 98 68 08 08
------+------+----+----------------------------------
   121|      |    |DB 0x00, 0x00, 0xB0, 0xC8, 0x80, 0x80, 0x80, 0x00
      |000458|0458|  00 00 B0 C8 80 80 80 00
------+------+----+----------------------------------
   122|      |    |DB 0x00, 0x00, 0x78, 0x80, 0xF0, 0x08, 0xF0, 0x00
      |000460|0460|  00 00 78 80 F0 08 F0 00
------+------+----+----------------------------------
   123|      |    |DB 0x40, 0x40, 0xF0, 0x40, 0x40, 0x48, 0x30, 0x00
      |000468|0468|  40 40 F0 40 40 48 30 00
------+------+----+----------------------------------
   124|      |    |DB 0x00, 0x00, 0x90, 0x90, 0x90, 0x90, 0x68, 0x00
      |000470|0470|  00 00 90 90 90 90 68 00
------+------+----+----------------------------------
   125|      |    |DB 0x00, 0x00, 0x88, 0x88, 0x88, 0x50, 0x20, 0x00
      |000478|0478|  00 00 88 88 88 50 20 00
------+------+----+----------------------------------
   126|      |    |DB 0x00, 0x00, 0x88, 0xA8, 0xA8, 0xA8, 0x50, 0x00
      |000480|0480|  00 00 88 A8 A8 A8 50 00
------+------+----+----------------------------------
   127|      |    |DB 0x00, 0x00, 0x88, 0x50, 0x20, 0x50, 0x88, 0x00
      |000488|0488|  00 00 88 50 20 50 88 00
------+------+----+----------------------------------
   128|      |    |DB 0x00, 0x00, 0x88, 0x88, 0x98, 0x68, 0x08, 0x70
      |000490|0490|  00 00 88 88 98 68 08 70
------+------+----+----------------------------------
   129|      |    |DB 0x00, 0x00, 0xF8, 0x10, 0x20, 0x40, 0xF8, 0x00
      |000498|0498|  00 00 F8 10 20 40 F8 00
------+------+----+----------------------------------
   130|      |    |DB 0x18, 0x20, 0x20, 0x40, 0x20, 0x20, 0x18, 0x00
      |0004A0|04A0|  18 20 20 40 20 20 18 00
------+------+----+----------------------------------
   131|      |    |DB 0x20, 0x20, 0x20, 0x00, 0x20, 0x20, 0x20, 0x00
      |0004A8|04A8|  20 20 20 00 20 20 20 00
------+------+----+----------------------------------
   132|      |    |DB 0xC0, 0x20, 0x20, 0x10, 0x20, 0x20, 0xC0, 0x00
      |0004B0|04B0|  C0 20 20 10 20 20 C0 00
------+------+----+----------------------------------
   133|      |    |DB 0x40, 0xA8, 0x10, 0x00, 0x00, 0x00, 0x00, 0x00
      |0004B8|04B8|  40 A8 10 00 00 00 00 00
------+------+----+----------------------------------
   134|      |    |DB 0x00, 0x00, 0x00, 0x00, 0x00, 0x00, 0x00, 0x00
      |0004C0|04C0|  00 00 00 00 00 00 00 00
------+------+----+----------------------------------
   135|      |    |DB 0x10, 0x38, 0x7C, 0xFE, 0xFE, 0x38, 0x7C, 0x00
      |0004C8|04C8|  10 38 7C FE FE 38 7C 00
------+------+----+----------------------------------
   136|      |    |DB 0x6C, 0xFE, 0xFE, 0xFE, 0x7C, 0x38, 0x10, 0x00
      |0004D0|04D0|  6C FE FE FE 7C 38 10 00
------+------+----+----------------------------------
   137|      |    |DB 0x38, 0x38, 0xFE, 0xFE, 0xD6, 0x10, 0x7C, 0x00
      |0004D8|04D8|  38 38 FE FE D6 10 7C 00
------+------+----+----------------------------------
   138|      |    |DB 0x10, 0x38, 0x7C, 0xFE, 0x7C, 0x38, 0x10, 0x00
      |0004E0|04E0|  10 38 7C FE 7C 38 10 00
------+------+----+----------------------------------
   139|      |    |DB 0x00, 0x78, 0x84, 0x84, 0x84, 0x84, 0x78, 0x00
      |0004E8|04E8|  00 78 84 84 84 84 78 00
------+------+----+----------------------------------
   140|      |    |DB 0x00, 0x78, 0xFC, 0xFC, 0xFC, 0xFC, 0x78, 0x00
      |0004F0|04F0|  00 78 FC FC FC FC 78 00
------+------+----+----------------------------------
   141|      |    |DB 0x20, 0xF0, 0x4C, 0x70, 0xA8, 0x40, 0x3C, 0x00
      |0004F8|04F8|  20 F0 4C 70 A8 40 3C 00
------+------+----+----------------------------------
   142|      |    |DB 0x00, 0x20, 0x78, 0x20, 0x78, 0xB4, 0x64, 0x00
      |000500|0500|  00 20 78 20 78 B4 64 00
------+------+----+----------------------------------
   143|      |    |DB 0x00, 0x00, 0x88, 0x84, 0x84, 0x84, 0x40, 0x00
      |000508|0508|  00 00 88 84 84 84 40 00
------+------+----+----------------------------------
   144|      |    |DB 0x00, 0x70, 0x00, 0x70, 0x88, 0x08, 0x30, 0x00
      |000510|0510|  00 70 00 70 88 08 30 00
------+------+----+----------------------------------
   145|      |    |DB 0x00, 0x70, 0x00, 0xF0, 0x20, 0x60, 0x98, 0x00
      |000518|0518|  00 70 00 F0 20 60 98 00
------+------+----+----------------------------------
   146|      |    |DB 0x00, 0x20, 0xF8, 0x24, 0x78, 0xA4, 0x68, 0x00
      |000520|0520|  00 20 F8 24 78 A4 68 00
------+------+----+----------------------------------
   147|      |    |DB 0x00, 0x90, 0x58, 0x64, 0xA8, 0x20, 0x10, 0x00
      |000528|0528|  00 90 58 64 A8 20 10 00
------+------+----+----------------------------------
   148|      |    |DB 0x00, 0x10, 0xB8, 0xD4, 0x94, 0x18, 0x20, 0x00
      |000530|0530|  00 10 B8 D4 94 18 20 00
------+------+----+----------------------------------
   149|      |    |DB 0x00, 0x10, 0x1C, 0x10, 0x70, 0x98, 0x74, 0x00
      |000538|0538|  00 10 1C 10 70 98 74 00
------+------+----+----------------------------------
   150|      |    |DB 0x00, 0x00, 0x00, 0x78, 0x04, 0x04, 0x38, 0x00
      |000540|0540|  00 00 00 78 04 04 38 00
------+------+----+----------------------------------
   151|      |    |DB 0x00, 0x00, 0x00, 0x00, 0x00, 0x00, 0x00, 0x00
      |000548|0548|  00 00 00 00 00 00 00 00
------+------+----+----------------------------------
   152|      |    |DB 0x20, 0x7C, 0x20, 0x7C, 0xAA, 0x92, 0x64, 0x00
      |000550|0550|  20 7C 20 7C AA 92 64 00
------+------+----+----------------------------------
   153|      |    |DB 0x00, 0x84, 0x82, 0x82, 0x82, 0x80, 0x40, 0x00
      |000558|0558|  00 84 82 82 82 80 40 00
------+------+----+----------------------------------
   154|      |    |DB 0x38, 0x00, 0x38, 0x44, 0x04, 0x08, 0x30, 0x00
      |000560|0560|  38 00 38 44 04 08 30 00
------+------+----+----------------------------------
   155|      |    |DB 0x70, 0x00, 0xF8, 0x10, 0x20, 0x60, 0x9C, 0x00
      |000568|0568|  70 00 F8 10 20 60 9C 00
------+------+----+----------------------------------
   156|      |    |DB 0x24, 0xFA, 0x20, 0x7C, 0xA2, 0xA2, 0x44, 0x00
      |000570|0570|  24 FA 20 7C A2 A2 44 00
------+------+----+----------------------------------
   157|      |    |DB 0x40, 0x44, 0xF2, 0x4A, 0x48, 0x88, 0x30, 0x00
      |000578|0578|  40 44 F2 4A 48 88 30 00
------+------+----+----------------------------------
   158|      |    |DB 0x20, 0xFC, 0x10, 0xFC, 0x08, 0x80, 0x78, 0x00
      |000580|0580|  20 FC 10 FC 08 80 78 00
------+------+----+----------------------------------
   159|      |    |DB 0x08, 0x10, 0x20, 0x40, 0x20, 0x10, 0x08, 0x00
      |000588|0588|  08 10 20 40 20 10 08 00
------+------+----+----------------------------------
   160|      |    |DB 0x04, 0x84, 0x9E, 0x84, 0x84, 0x84, 0x48, 0x00
      |000590|0590|  04 84 9E 84 84 84 48 00
------+------+----+----------------------------------
   161|      |    |DB 0x78, 0x04, 0x00, 0x00, 0x00, 0x80, 0x7C, 0x00
      |000598|0598|  78 04 00 00 00 80 7C 00
------+------+----+----------------------------------
   162|      |    |DB 0x10, 0xFE, 0x08, 0x04, 0x04, 0x80, 0x78, 0x00
      |0005A0|05A0|  10 FE 08 04 04 80 78 00
------+------+----+----------------------------------
   163|      |    |DB 0x80, 0x80, 0x80, 0x80, 0x84, 0x88, 0x70, 0x00
      |0005A8|05A8|  80 80 80 80 84 88 70 00
------+------+----+----------------------------------
   164|      |    |DB 0x08, 0xFE, 0x38, 0x48, 0x38, 0x08, 0x10, 0x00
      |0005B0|05B0|  08 FE 38 48 38 08 10 00
------+------+----+----------------------------------
   165|      |    |DB 0x44, 0x44, 0xFE, 0x44, 0x48, 0x40, 0x3C, 0x00
      |0005B8|05B8|  44 44 FE 44 48 40 3C 00
------+------+----+----------------------------------
   166|      |    |DB 0x44, 0x28, 0xFE, 0x20, 0x40, 0x40, 0x3C, 0x00
      |0005C0|05C0|  44 28 FE 20 40 40 3C 00
------+------+----+----------------------------------
   167|      |    |DB 0x00, 0x00, 0x00, 0x00, 0x00, 0x00, 0x00, 0x00
      |0005C8|05C8|  00 00 00 00 00 00 00 00
------+------+----+----------------------------------
   168|      |    |DB 0x00, 0x00, 0x00, 0x00, 0x60, 0x90, 0x60, 0x00
      |0005D0|05D0|  00 00 00 00 60 90 60 00
------+------+----+----------------------------------
   169|      |    |DB 0x38, 0x20, 0x20, 0x20, 0x00, 0x00, 0x00, 0x00
      |0005D8|05D8|  38 20 20 20 00 00 00 00
------+------+----+----------------------------------
   170|      |    |DB 0x00, 0x00, 0x00, 0x20, 0x20, 0x20, 0xE0, 0x00
      |0005E0|05E0|  00 00 00 20 20 20 E0 00
------+------+----+----------------------------------
   171|      |    |DB 0x00, 0x00, 0x00, 0x00, 0x80, 0x40, 0x20, 0x00
      |0005E8|05E8|  00 00 00 00 80 40 20 00
------+------+----+----------------------------------
   172|      |    |DB 0x00, 0x00, 0x00, 0x30, 0x30, 0x00, 0x00, 0x00
      |0005F0|05F0|  00 00 00 30 30 00 00 00
------+------+----+----------------------------------
   173|      |    |DB 0xF8, 0x08, 0xF8, 0x08, 0x10, 0x20, 0x40, 0x00
      |0005F8|05F8|  F8 08 F8 08 10 20 40 00
------+------+----+----------------------------------
   174|      |    |DB 0x00, 0x00, 0xF0, 0x10, 0x60, 0x40, 0x80, 0x00
      |000600|0600|  00 00 F0 10 60 40 80 00
------+------+----+----------------------------------
   175|      |    |DB 0x00, 0x10, 0x20, 0x60, 0xA0, 0x20, 0x20, 0x00
      |000608|0608|  00 10 20 60 A0 20 20 00
------+------+----+----------------------------------
   176|      |    |DB 0x00, 0x20, 0xF0, 0x90, 0x10, 0x20, 0x40, 0x00
      |000610|0610|  00 20 F0 90 10 20 40 00
------+------+----+----------------------------------
   177|      |    |DB 0x00, 0x00, 0xF0, 0x20, 0x20, 0x20, 0xF0, 0x00
      |000618|0618|  00 00 F0 20 20 20 F0 00
------+------+----+----------------------------------
   178|      |    |DB 0x00, 0x20, 0xF0, 0x60, 0xA0, 0xA0, 0x20, 0x00
      |000620|0620|  00 20 F0 60 A0 A0 20 00
------+------+----+----------------------------------
   179|      |    |DB 0x00, 0x40, 0xF8, 0x48, 0x50, 0x40, 0x40, 0x00
      |000628|0628|  00 40 F8 48 50 40 40 00
------+------+----+----------------------------------
   180|      |    |DB 0x00, 0x00, 0x70, 0x10, 0x10, 0x10, 0xF8, 0x00
      |000630|0630|  00 00 70 10 10 10 F8 00
------+------+----+----------------------------------
   181|      |    |DB 0x00, 0x00, 0xF0, 0x10, 0xF0, 0x10, 0xF0, 0x00
      |000638|0638|  00 00 F0 10 F0 10 F0 00
------+------+----+----------------------------------
   182|      |    |DB 0x00, 0x00, 0xA8, 0xA8, 0x08, 0x10, 0x20, 0x00
      |000640|0640|  00 00 A8 A8 08 10 20 00
------+------+----+----------------------------------
   183|      |    |DB 0x00, 0x00, 0x80, 0x7C, 0x00, 0x00, 0x00, 0x00
      |000648|0648|  00 00 80 7C 00 00 00 00
------+------+----+----------------------------------
   184|      |    |DB 0xF8, 0x08, 0x28, 0x30, 0x20, 0x20, 0x40, 0x00
      |000650|0650|  F8 08 28 30 20 20 40 00
------+------+----+----------------------------------
   185|      |    |DB 0x08, 0x10, 0x20, 0x60, 0xA0, 0x20, 0x20, 0x00
      |000658|0658|  08 10 20 60 A0 20 20 00
------+------+----+----------------------------------
   186|      |    |DB 0x20, 0xF8, 0x88, 0x88, 0x08, 0x10, 0x20, 0x00
      |000660|0660|  20 F8 88 88 08 10 20 00
------+------+----+----------------------------------
   187|      |    |DB 0x00, 0xF8, 0x20, 0x20, 0x20, 0x20, 0xF8, 0x00
      |000668|0668|  00 F8 20 20 20 20 F8 00
------+------+----+----------------------------------
   188|      |    |DB 0x10, 0xF8, 0x10, 0x30, 0x50, 0x90, 0x10, 0x00
      |000670|0670|  10 F8 10 30 50 90 10 00
------+------+----+----------------------------------
   189|      |    |DB 0x20, 0xF8, 0x28, 0x28, 0x28, 0x48, 0x88, 0x00
      |000678|0678|  20 F8 28 28 28 48 88 00
------+------+----+----------------------------------
   190|      |    |DB 0x20, 0xF8, 0x20, 0xF8, 0x20, 0x20, 0x20, 0x00
      |000680|0680|  20 F8 20 F8 20 20 20 00
------+------+----+----------------------------------
   191|      |    |DB 0x78, 0x48, 0x88, 0x08, 0x08, 0x10, 0x20, 0x00
      |000688|0688|  78 48 88 08 08 10 20 00
------+------+----+----------------------------------
   192|      |    |DB 0x40, 0x78, 0x50, 0x90, 0x10, 0x10, 0x20, 0x00
      |000690|0690|  40 78 50 90 10 10 20 00
------+------+----+----------------------------------
   193|      |    |DB 0x00, 0xF8, 0x08, 0x08, 0x08, 0x08, 0xF8, 0x00
      |000698|0698|  00 F8 08 08 08 08 F8 00
------+------+----+----------------------------------
   194|      |    |DB 0x50, 0xF8, 0x50, 0x50, 0x10, 0x10, 0x20, 0x00
      |0006A0|06A0|  50 F8 50 50 10 10 20 00
------+------+----+----------------------------------
   195|      |    |DB 0x00, 0xC0, 0x08, 0xC8, 0x08, 0x10, 0xE0, 0x00
      |0006A8|06A8|  00 C0 08 C8 08 10 E0 00
------+------+----+----------------------------------
   196|      |    |DB 0x00, 0xF8, 0x08, 0x10, 0x20, 0x50, 0x88, 0x00
      |0006B0|06B0|  00 F8 08 10 20 50 88 00
------+------+----+----------------------------------
   197|      |    |DB 0x40, 0xF8, 0x48, 0x50, 0x40, 0x40, 0x38, 0x00
      |0006B8|06B8|  40 F8 48 50 40 40 38 00
------+------+----+----------------------------------
   198|      |    |DB 0x88, 0x88, 0x48, 0x08, 0x10, 0x20, 0x40, 0x00
      |0006C0|06C0|  88 88 48 08 10 20 40 00
------+------+----+----------------------------------
   199|      |    |DB 0x78, 0x48, 0x78, 0x88, 0x08, 0x10, 0x20, 0x00
      |0006C8|06C8|  78 48 78 88 08 10 20 00
------+------+----+----------------------------------
   200|      |    |DB 0x10, 0xE0, 0x20, 0xF8, 0x20, 0x20, 0x40, 0x00
      |0006D0|06D0|  10 E0 20 F8 20 20 40 00
------+------+----+----------------------------------
   201|      |    |DB 0xA8, 0xA8, 0xA8, 0x08, 0x08, 0x10, 0x20, 0x00
      |0006D8|06D8|  A8 A8 A8 08 08 10 20 00
------+------+----+----------------------------------
   202|      |    |DB 0x70, 0x00, 0xF8, 0x20, 0x20, 0x20, 0x40, 0x00
      |0006E0|06E0|  70 00 F8 20 20 20 40 00
------+------+----+----------------------------------
   203|      |    |DB 0x40, 0x40, 0x60, 0x50, 0x48, 0x40, 0x40, 0x00
      |0006E8|06E8|  40 40 60 50 48 40 40 00
------+------+----+----------------------------------
   204|      |    |DB 0x20, 0xF8, 0x20, 0x20, 0x20, 0x20, 0x40, 0x00
      |0006F0|06F0|  20 F8 20 20 20 20 40 00
------+------+----+----------------------------------
   205|      |    |DB 0x00, 0x70, 0x00, 0x00, 0x00, 0x00, 0xF8, 0x00
      |0006F8|06F8|  00 70 00 00 00 00 F8 00
------+------+----+----------------------------------
   206|      |    |DB 0x00, 0xF8, 0x08, 0xD0, 0x20, 0x50, 0x88, 0x00
      |000700|0700|  00 F8 08 D0 20 50 88 00
------+------+----+----------------------------------
   207|      |    |DB 0x20, 0xF8, 0x08, 0x30, 0xE8, 0x20, 0x20, 0x00
      |000708|0708|  20 F8 08 30 E8 20 20 00
------+------+----+----------------------------------
   208|      |    |DB 0x08, 0x08, 0x08, 0x10, 0x20, 0x40, 0x80, 0x00
      |000710|0710|  08 08 08 10 20 40 80 00
------+------+----+----------------------------------
   209|      |    |DB 0x20, 0x10, 0x48, 0x48, 0x48, 0x48, 0x88, 0x00
      |000718|0718|  20 10 48 48 48 48 88 00
------+------+----+----------------------------------
   210|      |    |DB 0x80, 0x80, 0xF8, 0x80, 0x80, 0x80, 0x78, 0x00
      |000720|0720|  80 80 F8 80 80 80 78 00
------+------+----+----------------------------------
   211|      |    |DB 0xF8, 0x08, 0x08, 0x08, 0x10, 0x20, 0x40, 0x00
      |000728|0728|  F8 08 08 08 10 20 40 00
------+------+----+----------------------------------
   212|      |    |DB 0x00, 0x40, 0xA0, 0x10, 0x08, 0x08, 0x00, 0x00
      |000730|0730|  00 40 A0 10 08 08 00 00
------+------+----+----------------------------------
   213|      |    |DB 0x20, 0xF8, 0x20, 0x20, 0xA8, 0xA8, 0x20, 0x00
      |000738|0738|  20 F8 20 20 A8 A8 20 00
------+------+----+----------------------------------
   214|      |    |DB 0x00, 0xF8, 0x08, 0x08, 0x50, 0x20, 0x10, 0x00
      |000740|0740|  00 F8 08 08 50 20 10 00
------+------+----+----------------------------------
   215|      |    |DB 0xF0, 0x00, 0x60, 0x00, 0x00, 0xF0, 0x08, 0x00
      |000748|0748|  F0 00 60 00 00 F0 08 00
------+------+----+----------------------------------
   216|      |    |DB 0x10, 0x20, 0x40, 0x80, 0x90, 0x88, 0xF8, 0x00
      |000750|0750|  10 20 40 80 90 88 F8 00
------+------+----+----------------------------------
   217|      |    |DB 0x08, 0x08, 0x08, 0x50, 0x20, 0x50, 0x80, 0x00
      |000758|0758|  08 08 08 50 20 50 80 00
------+------+----+----------------------------------
   218|      |    |DB 0x78, 0x20, 0xF8, 0x20, 0x20, 0x20, 0x18, 0x00
      |000760|0760|  78 20 F8 20 20 20 18 00
------+------+----+----------------------------------
   219|      |    |DB 0x40, 0xF8, 0x48, 0x48, 0x50, 0x40, 0x40, 0x00
      |000768|0768|  40 F8 48 48 50 40 40 00
------+------+----+----------------------------------
   220|      |    |DB 0x00, 0x70, 0x10, 0x10, 0x10, 0x10, 0xF8, 0x00
      |000770|0770|  00 70 10 10 10 10 F8 00
------+------+----+----------------------------------
   221|      |    |DB 0x00, 0xF8, 0x08, 0xF8, 0x08, 0x08, 0xF8, 0x00
      |000778|0778|  00 F8 08 F8 08 08 F8 00
------+------+----+----------------------------------
   222|      |    |DB 0x70, 0x00, 0xF8, 0x08, 0x08, 0x10, 0x20, 0x00
      |000780|0780|  70 00 F8 08 08 10 20 00
------+------+----+----------------------------------
   223|      |    |DB 0x48, 0x48, 0x48, 0x48, 0x48, 0x10, 0x20, 0x00
      |000788|0788|  48 48 48 48 48 10 20 00
------+------+----+----------------------------------
   224|      |    |DB 0x10, 0x50, 0x50, 0x50, 0x50, 0x58, 0x90, 0x00
      |000790|0790|  10 50 50 50 50 58 90 00
------+------+----+----------------------------------
   225|      |    |DB 0x40, 0x40, 0x40, 0x48, 0x48, 0x50, 0x60, 0x00
      |000798|0798|  40 40 40 48 48 50 60 00
------+------+----+----------------------------------
   226|      |    |DB 0x00, 0xF8, 0x88, 0x88, 0x88, 0x88, 0xF8, 0x00
      |0007A0|07A0|  00 F8 88 88 88 88 F8 00
------+------+----+----------------------------------
   227|      |    |DB 0xF8, 0x88, 0x88, 0x08, 0x08, 0x10, 0x20, 0x00
      |0007A8|07A8|  F8 88 88 08 08 10 20 00
------+------+----+----------------------------------
   228|      |    |DB 0x00, 0xC0, 0x00, 0x08, 0x08, 0x10, 0xE0, 0x00
      |0007B0|07B0|  00 C0 00 08 08 10 E0 00
------+------+----+----------------------------------
   229|      |    |DB 0x90, 0x48, 0x00, 0x00, 0x00, 0x00, 0x00, 0x00
      |0007B8|07B8|  90 48 00 00 00 00 00 00
------+------+----+----------------------------------
   230|      |    |DB 0x60, 0x90, 0x60, 0x00, 0x00, 0x00, 0x00, 0x00
      |0007C0|07C0|  60 90 60 00 00 00 00 00
------+------+----+----------------------------------
   231|      |    |DB 0x20, 0xF8, 0x20, 0x4E, 0x40, 0x90, 0x8E, 0x00
      |0007C8|07C8|  20 F8 20 4E 40 90 8E 00
------+------+----+----------------------------------
   232|      |    |DB 0x10, 0xFE, 0x20, 0x78, 0x04, 0x04, 0x78, 0x00
      |0007D0|07D0|  10 FE 20 78 04 04 78 00
------+------+----+----------------------------------
   233|      |    |DB 0x00, 0xFC, 0x02, 0x02, 0x02, 0x04, 0x18, 0x00
      |0007D8|07D8|  00 FC 02 02 02 04 18 00
------+------+----+----------------------------------
   234|      |    |DB 0xFE, 0x08, 0x10, 0x20, 0x20, 0x20, 0x1C, 0x00
      |0007E0|07E0|  FE 08 10 20 20 20 1C 00
------+------+----+----------------------------------
   235|      |    |DB 0x20, 0x24, 0x38, 0x60, 0x80, 0x80, 0x7C, 0x00
      |0007E8|07E8|  20 24 38 60 80 80 7C 00
------+------+----+----------------------------------
   236|      |    |DB 0x2C, 0xF2, 0x44, 0x44, 0x9C, 0x26, 0x1C, 0x00
      |0007F0|07F0|  2C F2 44 44 9C 26 1C 00
------+------+----+----------------------------------
   237|      |    |DB 0x00, 0x9E, 0x80, 0x80, 0x80, 0x90, 0x4E, 0x00
      |0007F8|07F8|  00 9E 80 80 80 90 4E 00
------+------+----+----------------------------------
   238|      |    |DB 0x48, 0x48, 0x7C, 0xD2, 0xB6, 0xAA, 0x4C, 0x00
      |000800|0800|  48 48 7C D2 B6 AA 4C 00
------+------+----+----------------------------------
   239|      |    |DB 0x40, 0x4C, 0xD2, 0x62, 0x4E, 0xD2, 0x4E, 0x00
      |000808|0808|  40 4C D2 62 4E D2 4E 00
------+------+----+----------------------------------
   240|      |    |DB 0x00, 0x38, 0x54, 0x92, 0xA2, 0xA2, 0x44, 0x00
      |000810|0810|  00 38 54 92 A2 A2 44 00
------+------+----+----------------------------------
   241|      |    |DB 0x04, 0x9E, 0x84, 0x84, 0x8C, 0x96, 0x4C, 0x00
      |000818|0818|  04 9E 84 84 8C 96 4C 00
------+------+----+----------------------------------
   242|      |    |DB 0x10, 0xE4, 0x26, 0x44, 0x44, 0x48, 0x30, 0x00
      |000820|0820|  10 E4 26 44 44 48 30 00
------+------+----+----------------------------------
   243|      |    |DB 0x20, 0x10, 0x00, 0x20, 0x14, 0x52, 0xB2, 0x00
      |000828|0828|  20 10 00 20 14 52 B2 00
------+------+----+----------------------------------
   244|      |    |DB 0x00, 0x00, 0x20, 0x50, 0x88, 0x04, 0x02, 0x00
      |000830|0830|  00 00 20 50 88 04 02 00
------+------+----+----------------------------------
   245|      |    |DB 0x1E, 0x84, 0x9E, 0x84, 0x8C, 0x96, 0x4C, 0x00
      |000838|0838|  1E 84 9E 84 8C 96 4C 00
------+------+----+----------------------------------
   246|      |    |DB 0x10, 0xFC, 0x10, 0xFC, 0x70, 0x98, 0x74, 0x00
      |000840|0840|  10 FC 10 FC 70 98 74 00
------+------+----+----------------------------------
   247|      |    |DB 0x70, 0x10, 0x14, 0x7E, 0xA4, 0xA4, 0x48, 0x00
      |000848|0848|  70 10 14 7E A4 A4 48 00
------+------+----+----------------------------------
   248|      |    |DB 0x20, 0xF4, 0x22, 0x60, 0xA2, 0x62, 0x1C, 0x00
      |000850|0850|  20 F4 22 60 A2 62 1C 00
------+------+----+----------------------------------
   249|      |    |DB 0x48, 0x48, 0x7C, 0xAA, 0x92, 0xA2, 0x44, 0x00
      |000858|0858|  48 48 7C AA 92 A2 44 00
------+------+----+----------------------------------
   250|      |    |DB 0x20, 0xF8, 0x20, 0xF8, 0x20, 0x24, 0x18, 0x00
      |000860|0860|  20 F8 20 F8 20 24 18 00
------+------+----+----------------------------------
   251|      |    |DB 0x48, 0x5C, 0x6A, 0xE2, 0x24, 0x10, 0x10, 0x00
      |000868|0868|  48 5C 6A E2 24 10 10 00
------+------+----+----------------------------------
   252|      |    |DB 0x10, 0x9C, 0xB2, 0xD2, 0x92, 0x1C, 0x20, 0x00
      |000870|0870|  10 9C B2 D2 92 1C 20 00
------+------+----+----------------------------------
   253|      |    |DB 0x10, 0x1C, 0x10, 0x10, 0x78, 0x94, 0x70, 0x00
      |000878|0878|  10 1C 10 10 78 94 70 00
------+------+----+----------------------------------
   254|      |    |DB 0x60, 0x10, 0x80, 0xB8, 0xC4, 0x84, 0x38, 0x00
      |000880|0880|  60 10 80 B8 C4 84 38 00
------+------+----+----------------------------------
   255|      |    |DB 0x08, 0x84, 0x84, 0x84, 0x44, 0x08, 0x30, 0x00
      |000888|0888|  08 84 84 84 44 08 30 00
------+------+----+----------------------------------
   256|      |    |DB 0x78, 0x10, 0x38, 0x44, 0xB4, 0x4C, 0x38, 0x00
      |000890|0890|  78 10 38 44 B4 4C 38 00
------+------+----+----------------------------------
   257|      |    |DB 0x20, 0x2C, 0xF4, 0x24, 0x64, 0xA4, 0x26, 0x00
      |000898|0898|  20 2C F4 24 64 A4 26 00
------+------+----+----------------------------------
   258|      |    |DB 0x78, 0x10, 0x20, 0x78, 0x84, 0x04, 0x38, 0x00
      |0008A0|08A0|  78 10 20 78 84 04 38 00
------+------+----+----------------------------------
   259|      |    |DB 0x40, 0x40, 0xDC, 0x62, 0x42, 0xC2, 0x44, 0x00
      |0008A8|08A8|  40 40 DC 62 42 C2 44 00
------+------+----+----------------------------------
   260|      |    |DB 0x10, 0x10, 0x20, 0x20, 0x60, 0x52, 0x8C, 0x00
      |0008B0|08B0|  10 10 20 20 60 52 8C 00
------+------+----+----------------------------------
   261|      |    |DB 0x00, 0x00, 0x00, 0x00, 0x00, 0x00, 0x00, 0x00
      |0008B8|08B8|  00 00 00 00 00 00 00 00
------+------+----+----------------------------------
   262|      |    |DB 0xFF, 0xFF, 0xFF, 0xFF, 0xFF, 0xFF, 0xFF, 0xFF
      |0008C0|08C0|  FF FF FF FF FF FF FF FF
------+------+----+----------------------------------
   263|      |    |VDP_SCREEN1_FONT_END ::
      |      |    |  global label [VDP_SCREEN1_FONT_END] address: 0x0008c8
------+------+----+----------------------------------
   244|      |    |INCLUDE "vdp_screen1_font.asm" end
<< label >>
BUTTON ......................... 16 ( 0x10 )
DEVICE_CONFIG_ROM_CPU .......... 2 ( 0x2 )
DEVICE_CONFIG_ROM_VDP .......... 1 ( 0x1 )
DEVICE_SERIAL_ROM .............. 3 ( 0x3 )
EXTIO_DEVICE ................... 65 ( 0x41 )
EXTIO_MANUFACTURE .............. 64 ( 0x40 )
FILL_VRAM ...................... 84 ( 0x54 )
FILL_VRAM:LOOP ................. 97 ( 0x61 )
FPGA_CONFIG_ROM_ACCESS_END ..... 7 ( 0x7 )
FPGA_CONFIG_ROM_BLOCK_ERASE .... 9 ( 0x9 )
FPGA_CONFIG_ROM_BURST_READ ..... 2 ( 0x2 )
FPGA_CONFIG_ROM_BURST_WRITE .... 3 ( 0x3 )
FPGA_CONFIG_ROM_CHIP_ERASE ..... 4 ( 0x4 )
FPGA_CONFIG_ROM_READ_STATUS .... 5 ( 0x5 )
FPGA_CONFIG_ROM_READ_STATUS2 ... 10 ( 0xa )
FPGA_CONFIG_ROM_SELECT_SROM .... 6 ( 0x6 )
FPGA_CONFIG_ROM_SET_ADDRESS .... 0 ( 0x0 )
FPGA_CONFIG_ROM_SINGLE_READ .... 1 ( 0x1 )
FPGA_CONFIG_ROM_WRITE_ENABLE ... 8 ( 0x8 )
MAIN ........................... 82 ( 0x52 )
MAIN:LOOP ...................... 82 ( 0x52 )
MANUFACTURE_ID ................. 64 ( 0x40 )
MESSAGE ........................ 174 ( 0xae )
MESSAGE_END .................... 200 ( 0xc8 )
S2026_FR_TIMER_H ............... 231 ( 0xe7 )
S2026_FR_TIMER_L ............... 230 ( 0xe6 )
S2026_REG_IDX .................. 228 ( 0xe4 )
S2026_REG_VAL .................. 229 ( 0xe5 )
SETUP_MESSAGE .................. 70 ( 0x46 )
SETUP_VRAM ..................... 25 ( 0x19 )
SET_SCREEN1 .................... 4 ( 0x4 )
SET_SCREEN1:EXIT_LOOP .......... 25 ( 0x19 )
SET_SCREEN1:LOOP ............... 9 ( 0x9 )
SROM_COMMAND ................... 66 ( 0x42 )
SROM_DATA ...................... 67 ( 0x43 )
UART ........................... 16 ( 0x10 )
VDP_PORT0 ...................... 152 ( 0x98 )
VDP_PORT1 ...................... 153 ( 0x99 )
VDP_PORT2 ...................... 154 ( 0x9a )
VDP_PORT3 ...................... 155 ( 0x9b )
VDP_PORT4 ...................... 156 ( 0x9c )
VDP_SCREEN1_FONT ............... 200 ( 0xc8 )
VDP_SCREEN1_FONT_END ........... 2248 ( 0x8c8 )
VDP_SCREEN1_REG ................ 125 ( 0x7d )
WRITE_VRAM_BLOCK ............... 105 ( 0x69 )
WRITE_VRAM_BLOCK:LOOP .......... 115 ( 0x73 )
