Z80 Macro Assembler ZMA v1.0.19
=====================================================
Programmed by t.hara

  DEFS is DEFINE STRING (default).
  OUTPUT TYPE: BINARY

<< code >>
LINE# |OFFSET|ADDR|MNEMONIC
======+======+====+==================================
    36|      |    |UART := 0x10
      |      |    |  Global integer symbol [UART] = 16 (0x10)
------+------+----+----------------------------------
    37|      |    |BUTTON := 0x10
      |      |    |  Global integer symbol [BUTTON] = 16 (0x10)
------+------+----+----------------------------------
    39|      |    |EXTIO_MANUFACTURE := 0x40
      |      |    |  Global integer symbol [EXTIO_MANUFACTURE] = 64 (0x40)
------+------+----+----------------------------------
    40|      |    |EXTIO_DEVICE := 0x41
      |      |    |  Global integer symbol [EXTIO_DEVICE] = 65 (0x41)
------+------+----+----------------------------------
    41|      |    |SROM_COMMAND := 0x42
      |      |    |  Global integer symbol [SROM_COMMAND] = 66 (0x42)
------+------+----+----------------------------------
    42|      |    |SROM_DATA := 0x43
      |      |    |  Global integer symbol [SROM_DATA] = 67 (0x43)
------+------+----+----------------------------------
    44|      |    |MANUFACTURE_ID := 64
      |      |    |  Global integer symbol [MANUFACTURE_ID] = 64 (0x40)
------+------+----+----------------------------------
    46|      |    |DEVICE_CONFIG_ROM_VDP := 1
      |      |    |  Global integer symbol [DEVICE_CONFIG_ROM_VDP] = 1 (0x1)
------+------+----+----------------------------------
    47|      |    |DEVICE_CONFIG_ROM_CPU := 2
      |      |    |  Global integer symbol [DEVICE_CONFIG_ROM_CPU] = 2 (0x2)
------+------+----+----------------------------------
    48|      |    |DEVICE_SERIAL_ROM := 3
      |      |    |  Global integer symbol [DEVICE_SERIAL_ROM] = 3 (0x3)
------+------+----+----------------------------------
    50|      |    |VDP_PORT0 := 0x98
      |      |    |  Global integer symbol [VDP_PORT0] = 152 (0x98)
------+------+----+----------------------------------
    51|      |    |VDP_PORT1 := 0x99
      |      |    |  Global integer symbol [VDP_PORT1] = 153 (0x99)
------+------+----+----------------------------------
    52|      |    |VDP_PORT2 := 0x9A
      |      |    |  Global integer symbol [VDP_PORT2] = 154 (0x9a)
------+------+----+----------------------------------
    53|      |    |VDP_PORT3 := 0x9B
      |      |    |  Global integer symbol [VDP_PORT3] = 155 (0x9b)
------+------+----+----------------------------------
    54|      |    |VDP_PORT4 := 0x9C
      |      |    |  Global integer symbol [VDP_PORT4] = 156 (0x9c)
------+------+----+----------------------------------
    56|      |    |S2026_REG_IDX := 0xE4
      |      |    |  Global integer symbol [S2026_REG_IDX] = 228 (0xe4)
------+------+----+----------------------------------
    57|      |    |S2026_REG_VAL := 0xE5
      |      |    |  Global integer symbol [S2026_REG_VAL] = 229 (0xe5)
------+------+----+----------------------------------
    58|      |    |S2026_FR_TIMER_L := 0xE6
      |      |    |  Global integer symbol [S2026_FR_TIMER_L] = 230 (0xe6)
------+------+----+----------------------------------
    59|      |    |S2026_FR_TIMER_H := 0xE7
      |      |    |  Global integer symbol [S2026_FR_TIMER_H] = 231 (0xe7)
------+------+----+----------------------------------
    62|      |    |FPGA_CONFIG_ROM_SET_ADDRESS := 0x00
      |      |    |  Global integer symbol [FPGA_CONFIG_ROM_SET_ADDRESS] = 0 (0x0)
------+------+----+----------------------------------
    63|      |    |FPGA_CONFIG_ROM_SINGLE_READ := 0x01
      |      |    |  Global integer symbol [FPGA_CONFIG_ROM_SINGLE_READ] = 1 (0x1)
------+------+----+----------------------------------
    64|      |    |FPGA_CONFIG_ROM_BURST_READ := 0x02
      |      |    |  Global integer symbol [FPGA_CONFIG_ROM_BURST_READ] = 2 (0x2)
------+------+----+----------------------------------
    65|      |    |FPGA_CONFIG_ROM_BURST_WRITE := 0x03
      |      |    |  Global integer symbol [FPGA_CONFIG_ROM_BURST_WRITE] = 3 (0x3)
------+------+----+----------------------------------
    66|      |    |FPGA_CONFIG_ROM_CHIP_ERASE := 0x04
      |      |    |  Global integer symbol [FPGA_CONFIG_ROM_CHIP_ERASE] = 4 (0x4)
------+------+----+----------------------------------
    67|      |    |FPGA_CONFIG_ROM_READ_STATUS := 0x05
      |      |    |  Global integer symbol [FPGA_CONFIG_ROM_READ_STATUS] = 5 (0x5)
------+------+----+----------------------------------
    68|      |    |FPGA_CONFIG_ROM_SELECT_SROM := 0x06
      |      |    |  Global integer symbol [FPGA_CONFIG_ROM_SELECT_SROM] = 6 (0x6)
------+------+----+----------------------------------
    69|      |    |FPGA_CONFIG_ROM_ACCESS_END := 0x07
      |      |    |  Global integer symbol [FPGA_CONFIG_ROM_ACCESS_END] = 7 (0x7)
------+------+----+----------------------------------
    70|      |    |FPGA_CONFIG_ROM_WRITE_ENABLE := 0x08
      |      |    |  Global integer symbol [FPGA_CONFIG_ROM_WRITE_ENABLE] = 8 (0x8)
------+------+----+----------------------------------
    71|      |    |FPGA_CONFIG_ROM_BLOCK_ERASE := 0x09
      |      |    |  Global integer symbol [FPGA_CONFIG_ROM_BLOCK_ERASE] = 9 (0x9)
------+------+----+----------------------------------
    72|      |    |FPGA_CONFIG_ROM_READ_STATUS2 := 0x0A
      |      |    |  Global integer symbol [FPGA_CONFIG_ROM_READ_STATUS2] = 10 (0xa)
------+------+----+----------------------------------
    74|      |    |ORG 0x0000
------+------+----+----------------------------------
    78|      |    |DI
      |      |    |  Z80:5cyc R800:2cyc
      |000000|0000|  F3
------+------+----+----------------------------------
    79|      |    |LD SP, 8192 - 2
      |      |    |  Z80:11cyc R800:3cyc
      |000001|0001|  31 FE 1F
------+------+----+----------------------------------
    84|      |    |SCOPE SET_SCREEN1
      |      |    |  Enter scope: SET_SCREEN1:
------+------+----+----------------------------------
    85|      |    |SET_SCREEN1 ::
      |      |    |  global label [SET_SCREEN1] address: 0x000004
------+------+----+----------------------------------
    86|      |    |LD HL, VDP_SCREEN1_REG
      |      |    |  Z80:11cyc R800:3cyc
      |000004|0004|  21 7D 00
------+------+----+----------------------------------
    87|      |    |LD C, VDP_PORT1
      |      |    |  Z80:8cyc R800:2cyc
      |000007|0007|  0E 99
------+------+----+----------------------------------
    88|      |    |LOOP :
      |      |    |  label [SET_SCREEN1:LOOP] address: 0x000009
------+------+----+----------------------------------
    89|      |    |LD A, [ HL ]
      |      |    |  Z80:8cyc R800:4cyc
      |000009|0009|  7E
------+------+----+----------------------------------
    90|      |    |INC A
      |      |    |  Z80:5cyc R800:1cyc
      |00000A|000A|  3C
------+------+----+----------------------------------
    91|      |    |JR Z, EXIT_LOOP
      |      |    |  Z80:13cyc/8cyc R800:3cyc/2cyc
      |00000B|000B|  28 0C
------+------+----+----------------------------------
    92|      |    |DEC A
      |      |    |  Z80:5cyc R800:1cyc
      |00000D|000D|  3D
------+------+----+----------------------------------
    93|      |    |OR A, 0x80
      |      |    |  Z80:8cyc R800:2cyc
      |00000E|000E|  F6 80
------+------+----+----------------------------------
    94|      |    |INC HL
      |      |    |  Z80:7cyc R800:1cyc
      |000010|0010|  23
------+------+----+----------------------------------
    95|      |    |LD B, [ HL ]
      |      |    |  Z80:8cyc R800:4cyc
      |000011|0011|  46
------+------+----+----------------------------------
    96|      |    |INC HL
      |      |    |  Z80:7cyc R800:1cyc
      |000012|0012|  23
------+------+----+----------------------------------
    97|      |    |OUT [ C ], B
      |      |    |  Z80:14cyc R800:10cyc/9cyc
      |000013|0013|  ED 41
------+------+----+----------------------------------
    98|      |    |OUT [ C ], A
      |      |    |  Z80:14cyc R800:10cyc/9cyc
      |000015|0015|  ED 79
------+------+----+----------------------------------
    99|      |    |JR LOOP
      |      |    |  Z80:13cyc R800:3cyc
      |000017|0017|  18 F0
------+------+----+----------------------------------
   100|      |    |EXIT_LOOP :
      |      |    |  label [SET_SCREEN1:EXIT_LOOP] address: 0x000019
------+------+----+----------------------------------
   101|      |    |ENDSCOPE
      |      |    |  Exit scope: SET_SCREEN1:
------+------+----+----------------------------------
   106|      |    |SCOPE SETUP_VRAM
      |      |    |  Enter scope: SETUP_VRAM:
------+------+----+----------------------------------
   107|      |    |SETUP_VRAM ::
      |      |    |  global label [SETUP_VRAM] address: 0x000019
------+------+----+----------------------------------
   109|      |    |LD HL, VDP_SCREEN1_FONT
      |      |    |  Z80:11cyc R800:3cyc
      |000019|0019|  21 C7 00
------+------+----+----------------------------------
   110|      |    |LD DE, 0x0000
      |      |    |  Z80:11cyc R800:3cyc
      |00001C|001C|  11 00 00
------+------+----+----------------------------------
   111|      |    |LD BC, VDP_SCREEN1_FONT_END - VDP_SCREEN1_FONT
      |      |    |  Z80:11cyc R800:3cyc
      |00001F|001F|  01 00 08
------+------+----+----------------------------------
   112|      |    |CALL WRITE_VRAM_BLOCK
      |      |    |  Z80:18cyc R800:5cyc
      |000022|0022|  CD 69 00
------+------+----+----------------------------------
   114|      |    |LD HL, 0x1800
      |      |    |  Z80:11cyc R800:3cyc
      |000025|0025|  21 00 18
------+------+----+----------------------------------
   115|      |    |LD DE, 768
      |      |    |  Z80:11cyc R800:3cyc
      |000028|0028|  11 00 03
------+------+----+----------------------------------
   116|      |    |LD B, 0x20
      |      |    |  Z80:8cyc R800:2cyc
      |00002B|002B|  06 20
------+------+----+----------------------------------
   117|      |    |CALL FILL_VRAM
      |      |    |  Z80:18cyc R800:5cyc
      |00002D|002D|  CD 54 00
------+------+----+----------------------------------
   119|      |    |LD HL, 0x1B00
      |      |    |  Z80:11cyc R800:3cyc
      |000030|0030|  21 00 1B
------+------+----+----------------------------------
   120|      |    |LD DE, 4 * 32
      |      |    |  Z80:11cyc R800:3cyc
      |000033|0033|  11 80 00
------+------+----+----------------------------------
   121|      |    |LD B, 0xD8
      |      |    |  Z80:8cyc R800:2cyc
      |000036|0036|  06 D8
------+------+----+----------------------------------
   122|      |    |CALL FILL_VRAM
      |      |    |  Z80:18cyc R800:5cyc
      |000038|0038|  CD 54 00
------+------+----+----------------------------------
   124|      |    |LD HL, 0x2000
      |      |    |  Z80:11cyc R800:3cyc
      |00003B|003B|  21 00 20
------+------+----+----------------------------------
   125|      |    |LD DE, 32 * 24
      |      |    |  Z80:11cyc R800:3cyc
      |00003E|003E|  11 00 03
------+------+----+----------------------------------
   126|      |    |LD B, 0xF4
      |      |    |  Z80:8cyc R800:2cyc
      |000041|0041|  06 F4
------+------+----+----------------------------------
   127|      |    |CALL FILL_VRAM
      |      |    |  Z80:18cyc R800:5cyc
      |000043|0043|  CD 54 00
------+------+----+----------------------------------
   128|      |    |ENDSCOPE
      |      |    |  Exit scope: SETUP_VRAM:
------+------+----+----------------------------------
   133|      |    |SCOPE SETUP_MESSAGE
      |      |    |  Enter scope: SETUP_MESSAGE:
------+------+----+----------------------------------
   134|      |    |SETUP_MESSAGE ::
      |      |    |  global label [SETUP_MESSAGE] address: 0x000046
------+------+----+----------------------------------
   135|      |    |LD HL, MESSAGE
      |      |    |  Z80:11cyc R800:3cyc
      |000046|0046|  21 AE 00
------+------+----+----------------------------------
   136|      |    |LD DE, 0x1800
      |      |    |  Z80:11cyc R800:3cyc
      |000049|0049|  11 00 18
------+------+----+----------------------------------
   137|      |    |LD BC, MESSAGE_END - MESSAGE
      |      |    |  Z80:11cyc R800:3cyc
      |00004C|004C|  01 19 00
------+------+----+----------------------------------
   138|      |    |CALL WRITE_VRAM_BLOCK
      |      |    |  Z80:18cyc R800:5cyc
      |00004F|004F|  CD 69 00
------+------+----+----------------------------------
   139|      |    |ENDSCOPE
      |      |    |  Exit scope: SETUP_MESSAGE:
------+------+----+----------------------------------
   144|      |    |SCOPE MAIN
      |      |    |  Enter scope: MAIN:
------+------+----+----------------------------------
   145|      |    |MAIN ::
      |      |    |  global label [MAIN] address: 0x000052
------+------+----+----------------------------------
   146|      |    |LOOP :
      |      |    |  label [MAIN:LOOP] address: 0x000052
------+------+----+----------------------------------
   147|      |    |JR LOOP
      |      |    |  Z80:13cyc R800:3cyc
      |000052|0052|  18 FE
------+------+----+----------------------------------
   148|      |    |ENDSCOPE
      |      |    |  Exit scope: MAIN:
------+------+----+----------------------------------
   159|      |    |SCOPE FILL_VRAM
      |      |    |  Enter scope: FILL_VRAM:
------+------+----+----------------------------------
   160|      |    |FILL_VRAM ::
      |      |    |  global label [FILL_VRAM] address: 0x000054
------+------+----+----------------------------------
   161|      |    |LD C, VDP_PORT1
      |      |    |  Z80:8cyc R800:2cyc
      |000054|0054|  0E 99
------+------+----+----------------------------------
   162|      |    |LD A, L
      |      |    |  Z80:5cyc R800:2cyc
      |000056|0056|  7D
------+------+----+----------------------------------
   163|      |    |OUT [ C ], A
      |      |    |  Z80:14cyc R800:10cyc/9cyc
      |000057|0057|  ED 79
------+------+----+----------------------------------
   164|      |    |LD A, H
      |      |    |  Z80:5cyc R800:2cyc
      |000059|0059|  7C
------+------+----+----------------------------------
   165|      |    |AND A, 0x3F
      |      |    |  Z80:8cyc R800:2cyc
      |00005A|005A|  E6 3F
------+------+----+----------------------------------
   166|      |    |OR A, 0x40
      |      |    |  Z80:8cyc R800:2cyc
      |00005C|005C|  F6 40
------+------+----+----------------------------------
   167|      |    |OUT [ C ], A
      |      |    |  Z80:14cyc R800:10cyc/9cyc
      |00005E|005E|  ED 79
------+------+----+----------------------------------
   168|      |    |DEC C
      |      |    |  Z80:5cyc R800:1cyc
      |000060|0060|  0D
------+------+----+----------------------------------
   169|      |    |LOOP :
      |      |    |  label [FILL_VRAM:LOOP] address: 0x000061
------+------+----+----------------------------------
   170|      |    |OUT [ C ], B
      |      |    |  Z80:14cyc R800:10cyc/9cyc
      |000061|0061|  ED 41
------+------+----+----------------------------------
   171|      |    |DEC DE
      |      |    |  Z80:7cyc R800:1cyc
      |000063|0063|  1B
------+------+----+----------------------------------
   172|      |    |LD A, E
      |      |    |  Z80:5cyc R800:2cyc
      |000064|0064|  7B
------+------+----+----------------------------------
   173|      |    |OR A, D
      |      |    |  Z80:5cyc R800:1cyc
      |000065|0065|  B2
------+------+----+----------------------------------
   174|      |    |JR NZ, LOOP
      |      |    |  Z80:13cyc/8cyc R800:3cyc/2cyc
      |000066|0066|  20 F9
------+------+----+----------------------------------
   175|      |    |RET
      |      |    |  Z80:11cyc R800:5cyc
      |000068|0068|  C9
------+------+----+----------------------------------
   176|      |    |ENDSCOPE
      |      |    |  Exit scope: FILL_VRAM:
------+------+----+----------------------------------
   187|      |    |SCOPE WRITE_VRAM_BLOCK
      |      |    |  Enter scope: WRITE_VRAM_BLOCK:
------+------+----+----------------------------------
   188|      |    |WRITE_VRAM_BLOCK ::
      |      |    |  global label [WRITE_VRAM_BLOCK] address: 0x000069
------+------+----+----------------------------------
   189|      |    |LD A, E
      |      |    |  Z80:5cyc R800:2cyc
      |000069|0069|  7B
------+------+----+----------------------------------
   190|      |    |OUT [ VDP_PORT1 ], A
      |      |    |  Z80:12cyc R800:10cyc/9cyc
      |00006A|006A|  D3 99
------+------+----+----------------------------------
   191|      |    |LD A, D
      |      |    |  Z80:5cyc R800:2cyc
      |00006C|006C|  7A
------+------+----+----------------------------------
   192|      |    |AND A, 0x3F
      |      |    |  Z80:8cyc R800:2cyc
      |00006D|006D|  E6 3F
------+------+----+----------------------------------
   193|      |    |OR A, 0x40
      |      |    |  Z80:8cyc R800:2cyc
      |00006F|006F|  F6 40
------+------+----+----------------------------------
   194|      |    |OUT [ VDP_PORT1 ], A
      |      |    |  Z80:12cyc R800:10cyc/9cyc
      |000071|0071|  D3 99
------+------+----+----------------------------------
   195|      |    |LOOP :
      |      |    |  label [WRITE_VRAM_BLOCK:LOOP] address: 0x000073
------+------+----+----------------------------------
   196|      |    |LD A, [ HL ]
      |      |    |  Z80:8cyc R800:4cyc
      |000073|0073|  7E
------+------+----+----------------------------------
   197|      |    |INC HL
      |      |    |  Z80:7cyc R800:1cyc
      |000074|0074|  23
------+------+----+----------------------------------
   198|      |    |OUT [ VDP_PORT0 ], A
      |      |    |  Z80:12cyc R800:10cyc/9cyc
      |000075|0075|  D3 98
------+------+----+----------------------------------
   199|      |    |DEC BC
      |      |    |  Z80:7cyc R800:1cyc
      |000077|0077|  0B
------+------+----+----------------------------------
   200|      |    |LD A, C
      |      |    |  Z80:5cyc R800:2cyc
      |000078|0078|  79
------+------+----+----------------------------------
   201|      |    |OR A, B
      |      |    |  Z80:5cyc R800:1cyc
      |000079|0079|  B0
------+------+----+----------------------------------
   202|      |    |JR NZ, LOOP
      |      |    |  Z80:13cyc/8cyc R800:3cyc/2cyc
      |00007A|007A|  20 F7
------+------+----+----------------------------------
   203|      |    |RET
      |      |    |  Z80:11cyc R800:5cyc
      |00007C|007C|  C9
------+------+----+----------------------------------
   204|      |    |ENDSCOPE
      |      |    |  Exit scope: WRITE_VRAM_BLOCK:
------+------+----+----------------------------------
   210|      |    |VDP_SCREEN1_REG ::
      |      |    |  global label [VDP_SCREEN1_REG] address: 0x00007d
------+------+----+----------------------------------
   211|      |    |DB 0, 0x00
      |00007D|007D|  00 00
------+------+----+----------------------------------
   212|      |    |DB 1, 0x60
      |00007F|007F|  01 60
------+------+----+----------------------------------
   213|      |    |DB 8, 0x08
      |000081|0081|  08 08
------+------+----+----------------------------------
   214|      |    |DB 9, 0x00
      |000083|0083|  09 00
------+------+----+----------------------------------
   215|      |    |DB 2, 0x06
      |000085|0085|  02 06
------+------+----+----------------------------------
   216|      |    |DB 3, 0x80
      |000087|0087|  03 80
------+------+----+----------------------------------
   217|      |    |DB 10, 0x00
      |000089|0089|  0A 00
------+------+----+----------------------------------
   218|      |    |DB 4, 0x00
      |00008B|008B|  04 00
------+------+----+----------------------------------
   219|      |    |DB 5, 0x36
      |00008D|008D|  05 36
------+------+----+----------------------------------
   220|      |    |DB 11, 0x00
      |00008F|008F|  0B 00
------+------+----+----------------------------------
   221|      |    |DB 6, 0x07
      |000091|0091|  06 07
------+------+----+----------------------------------
   222|      |    |DB 7, 0x07
      |000093|0093|  07 07
------+------+----+----------------------------------
   223|      |    |DB 12, 0x00
      |000095|0095|  0C 00
------+------+----+----------------------------------
   224|      |    |DB 13, 0x00
      |000097|0097|  0D 00
------+------+----+----------------------------------
   225|      |    |DB 18, 0x00
      |000099|0099|  12 00
------+------+----+----------------------------------
   226|      |    |DB 19, 0x00
      |00009B|009B|  13 00
------+------+----+----------------------------------
   227|      |    |DB 23, 0x00
      |00009D|009D|  17 00
------+------+----+----------------------------------
   228|      |    |DB 14, 0x00
      |00009F|009F|  0E 00
------+------+----+----------------------------------
   229|      |    |DB 15, 0x00
      |0000A1|00A1|  0F 00
------+------+----+----------------------------------
   230|      |    |DB 16, 0x00
      |0000A3|00A3|  10 00
------+------+----+----------------------------------
   231|      |    |DB 17, 0x1C
      |0000A5|00A5|  11 1C
------+------+----+----------------------------------
   232|      |    |DB 25, 0x00
      |0000A7|00A7|  19 00
------+------+----+----------------------------------
   233|      |    |DB 26, 0x00
      |0000A9|00A9|  1A 00
------+------+----+----------------------------------
   234|      |    |DB 27, 0x00
      |0000AB|00AB|  1B 00
------+------+----+----------------------------------
   235|      |    |DB 255
      |0000AD|00AD|  FF
------+------+----+----------------------------------
   240|      |    |MESSAGE ::
      |      |    |  global label [MESSAGE] address: 0x0000ae
------+------+----+----------------------------------
   241|      |    |DB "FPGA MSXtR BootROM Test.", 0
      |0000AE|00AE|  46 50 47 41 20 4D 53 58
      |0000B6|00B6|  74 52 20 42 6F 6F 74 52
      |0000BE|00BE|  4F 4D 20 54 65 73 74 2E
      |0000C6|00C6|  00
------+------+----+----------------------------------
   242|      |    |MESSAGE_END ::
      |      |    |  global label [MESSAGE_END] address: 0x0000c7
------+------+----+----------------------------------
   244|      |    |INCLUDE "vdp_screen1_font.asm" begin
     6|      |    |VDP_SCREEN1_FONT ::
      |      |    |  global label [VDP_SCREEN1_FONT] address: 0x0000c7
------+------+----+----------------------------------
     7|      |    |DB 0x00, 0x00, 0x00, 0x00, 0x00, 0x00, 0x00, 0x00
      |0000C7|00C7|  00 00 00 00 00 00 00 00
------+------+----+----------------------------------
     8|      |    |DB 0x7E, 0x42, 0x7E, 0x42, 0x7E, 0x42, 0x82, 0x00
      |0000CF|00CF|  7E 42 7E 42 7E 42 82 00
------+------+----+----------------------------------
     9|      |    |DB 0x10, 0x92, 0x54, 0x10, 0x28, 0x44, 0x82, 0x00
      |0000D7|00D7|  10 92 54 10 28 44 82 00
------+------+----+----------------------------------
    10|      |    |DB 0x12, 0x14, 0xF8, 0x14, 0x34, 0x52, 0x92, 0x00
      |0000DF|00DF|  12 14 F8 14 34 52 92 00
------+------+----+----------------------------------
    11|      |    |DB 0x10, 0x10, 0xFE, 0x10, 0x38, 0x54, 0x92, 0x00
      |0000E7|00E7|  10 10 FE 10 38 54 92 00
------+------+----+----------------------------------
    12|      |    |DB 0x10, 0x28, 0x7C, 0x92, 0x38, 0x54, 0xFE, 0x00
      |0000EF|00EF|  10 28 7C 92 38 54 FE 00
------+------+----+----------------------------------
    13|      |    |DB 0x10, 0x10, 0x10, 0x7C, 0x10, 0x10, 0xFE, 0x00
      |0000F7|00F7|  10 10 10 7C 10 10 FE 00
------+------+----+----------------------------------
    14|      |    |DB 0x7E, 0x42, 0x42, 0x7E, 0x42, 0x42, 0x7E, 0x00
      |0000FF|00FF|  7E 42 42 7E 42 42 7E 00
------+------+----+----------------------------------
    15|      |    |DB 0x40, 0x7E, 0x48, 0x3C, 0x28, 0x7E, 0x08, 0x00
      |000107|0107|  40 7E 48 3C 28 7E 08 00
------+------+----+----------------------------------
    16|      |    |DB 0xFE, 0x92, 0x92, 0xFE, 0x82, 0x82, 0x86, 0x00
      |00010F|010F|  FE 92 92 FE 82 82 86 00
------+------+----+----------------------------------
    17|      |    |DB 0x04, 0xEE, 0xA4, 0xEF, 0xA2, 0xEA, 0x06, 0x00
      |000117|0117|  04 EE A4 EF A2 EA 06 00
------+------+----+----------------------------------
    18|      |    |DB 0x28, 0x44, 0x82, 0x3C, 0x14, 0x24, 0x4C, 0x00
      |00011F|011F|  28 44 82 3C 14 24 4C 00
------+------+----+----------------------------------
    19|      |    |DB 0x28, 0xC8, 0x5C, 0xEA, 0x6C, 0xC8, 0x50, 0x00
      |000127|0127|  28 C8 5C EA 6C C8 50 00
------+------+----+----------------------------------
    20|      |    |DB 0x7C, 0x20, 0x7C, 0x44, 0x7C, 0x44, 0x7C, 0x00
      |00012F|012F|  7C 20 7C 44 7C 44 7C 00
------+------+----+----------------------------------
    21|      |    |DB 0x0C, 0x70, 0x10, 0xFE, 0x10, 0x10, 0x10, 0x00
      |000137|0137|  0C 70 10 FE 10 10 10 00
------+------+----+----------------------------------
    22|      |    |DB 0x7E, 0x10, 0x1E, 0x12, 0x22, 0x44, 0x08, 0x00
      |00013F|013F|  7E 10 1E 12 22 44 08 00
------+------+----+----------------------------------
    23|      |    |DB 0x00, 0x7C, 0x28, 0x28, 0x28, 0x4E, 0x00, 0x00
      |000147|0147|  00 7C 28 28 28 4E 00 00
------+------+----+----------------------------------
    24|      |    |DB 0x10, 0x10, 0x10, 0xFF, 0x00, 0x00, 0x00, 0x00
      |00014F|014F|  10 10 10 FF 00 00 00 00
------+------+----+----------------------------------
    25|      |    |DB 0x00, 0x00, 0x00, 0xFF, 0x10, 0x10, 0x10, 0x10
      |000157|0157|  00 00 00 FF 10 10 10 10
------+------+----+----------------------------------
    26|      |    |DB 0x10, 0x10, 0x10, 0xF0, 0x10, 0x10, 0x10, 0x10
      |00015F|015F|  10 10 10 F0 10 10 10 10
------+------+----+----------------------------------
    27|      |    |DB 0x10, 0x10, 0x10, 0x1F, 0x10, 0x10, 0x10, 0x10
      |000167|0167|  10 10 10 1F 10 10 10 10
------+------+----+----------------------------------
    28|      |    |DB 0x10, 0x10, 0x10, 0xFF, 0x10, 0x10, 0x10, 0x10
      |00016F|016F|  10 10 10 FF 10 10 10 10
------+------+----+----------------------------------
    29|      |    |DB 0x10, 0x10, 0x10, 0x10, 0x10, 0x10, 0x10, 0x10
      |000177|0177|  10 10 10 10 10 10 10 10
------+------+----+----------------------------------
    30|      |    |DB 0x00, 0x00, 0x00, 0xFF, 0x00, 0x00, 0x00, 0x00
      |00017F|017F|  00 00 00 FF 00 00 00 00
------+------+----+----------------------------------
    31|      |    |DB 0x00, 0x00, 0x00, 0x1F, 0x10, 0x10, 0x10, 0x10
      |000187|0187|  00 00 00 1F 10 10 10 10
------+------+----+----------------------------------
    32|      |    |DB 0x00, 0x00, 0x00, 0xF0, 0x10, 0x10, 0x10, 0x10
      |00018F|018F|  00 00 00 F0 10 10 10 10
------+------+----+----------------------------------
    33|      |    |DB 0x10, 0x10, 0x10, 0x1F, 0x00, 0x00, 0x00, 0x00
      |000197|0197|  10 10 10 1F 00 00 00 00
------+------+----+----------------------------------
    34|      |    |DB 0x10, 0x10, 0x10, 0xF0, 0x00, 0x00, 0x00, 0x00
      |00019F|019F|  10 10 10 F0 00 00 00 00
------+------+----+----------------------------------
    35|      |    |DB 0x81, 0x42, 0x24, 0x18, 0x18, 0x24, 0x42, 0x81
      |0001A7|01A7|  81 42 24 18 18 24 42 81
------+------+----+----------------------------------
    36|      |    |DB 0x10, 0x7C, 0x10, 0x10, 0x28, 0x44, 0x82, 0x00
      |0001AF|01AF|  10 7C 10 10 28 44 82 00
------+------+----+----------------------------------
    37|      |    |DB 0x10, 0x10, 0xFE, 0x92, 0xFE, 0x10, 0x10, 0x00
      |0001B7|01B7|  10 10 FE 92 FE 10 10 00
------+------+----+----------------------------------
    38|      |    |DB 0x10, 0x10, 0x54, 0x54, 0x92, 0x10, 0x30, 0x00
      |0001BF|01BF|  10 10 54 54 92 10 30 00
------+------+----+----------------------------------
    39|      |    |DB 0x00, 0x00, 0x00, 0x00, 0x00, 0x00, 0x00, 0x00
      |0001C7|01C7|  00 00 00 00 00 00 00 00
------+------+----+----------------------------------
    40|      |    |DB 0x20, 0x20, 0x20, 0x20, 0x00, 0x00, 0x20, 0x00
      |0001CF|01CF|  20 20 20 20 00 00 20 00
------+------+----+----------------------------------
    41|      |    |DB 0x50, 0x50, 0x50, 0x00, 0x00, 0x00, 0x00, 0x00
      |0001D7|01D7|  50 50 50 00 00 00 00 00
------+------+----+----------------------------------
    42|      |    |DB 0x50, 0x50, 0xF8, 0x50, 0xF8, 0x50, 0x50, 0x00
      |0001DF|01DF|  50 50 F8 50 F8 50 50 00
------+------+----+----------------------------------
    43|      |    |DB 0x20, 0x78, 0xA0, 0x70, 0x28, 0xF0, 0x20, 0x00
      |0001E7|01E7|  20 78 A0 70 28 F0 20 00
------+------+----+----------------------------------
    44|      |    |DB 0xC0, 0xC8, 0x10, 0x20, 0x40, 0x98, 0x18, 0x00
      |0001EF|01EF|  C0 C8 10 20 40 98 18 00
------+------+----+----------------------------------
    45|      |    |DB 0x40, 0xA0, 0x40, 0xA8, 0x90, 0x98, 0x60, 0x00
      |0001F7|01F7|  40 A0 40 A8 90 98 60 00
------+------+----+----------------------------------
    46|      |    |DB 0x10, 0x20, 0x40, 0x00, 0x00, 0x00, 0x00, 0x00
      |0001FF|01FF|  10 20 40 00 00 00 00 00
------+------+----+----------------------------------
    47|      |    |DB 0x10, 0x20, 0x40, 0x40, 0x40, 0x20, 0x10, 0x00
      |000207|0207|  10 20 40 40 40 20 10 00
------+------+----+----------------------------------
    48|      |    |DB 0x40, 0x20, 0x10, 0x10, 0x10, 0x20, 0x40, 0x00
      |00020F|020F|  40 20 10 10 10 20 40 00
------+------+----+----------------------------------
    49|      |    |DB 0x20, 0xA8, 0x70, 0x20, 0x70, 0xA8, 0x20, 0x00
      |000217|0217|  20 A8 70 20 70 A8 20 00
------+------+----+----------------------------------
    50|      |    |DB 0x00, 0x20, 0x20, 0xF8, 0x20, 0x20, 0x00, 0x00
      |00021F|021F|  00 20 20 F8 20 20 00 00
------+------+----+----------------------------------
    51|      |    |DB 0x00, 0x00, 0x00, 0x00, 0x00, 0x20, 0x20, 0x40
      |000227|0227|  00 00 00 00 00 20 20 40
------+------+----+----------------------------------
    52|      |    |DB 0x00, 0x00, 0x00, 0x78, 0x00, 0x00, 0x00, 0x00
      |00022F|022F|  00 00 00 78 00 00 00 00
------+------+----+----------------------------------
    53|      |    |DB 0x00, 0x00, 0x00, 0x00, 0x00, 0x60, 0x60, 0x00
      |000237|0237|  00 00 00 00 00 60 60 00
------+------+----+----------------------------------
    54|      |    |DB 0x00, 0x00, 0x08, 0x10, 0x20, 0x40, 0x80, 0x00
      |00023F|023F|  00 00 08 10 20 40 80 00
------+------+----+----------------------------------
    55|      |    |DB 0x70, 0x88, 0x98, 0xA8, 0xC8, 0x88, 0x70, 0x00
      |000247|0247|  70 88 98 A8 C8 88 70 00
------+------+----+----------------------------------
    56|      |    |DB 0x20, 0x60, 0xA0, 0x20, 0x20, 0x20, 0xF8, 0x00
      |00024F|024F|  20 60 A0 20 20 20 F8 00
------+------+----+----------------------------------
    57|      |    |DB 0x70, 0x88, 0x08, 0x10, 0x60, 0x80, 0xF8, 0x00
      |000257|0257|  70 88 08 10 60 80 F8 00
------+------+----+----------------------------------
    58|      |    |DB 0x70, 0x88, 0x08, 0x30, 0x08, 0x88, 0x70, 0x00
      |00025F|025F|  70 88 08 30 08 88 70 00
------+------+----+----------------------------------
    59|      |    |DB 0x10, 0x30, 0x50, 0x90, 0xF8, 0x10, 0x10, 0x00
      |000267|0267|  10 30 50 90 F8 10 10 00
------+------+----+----------------------------------
    60|      |    |DB 0xF8, 0x80, 0xE0, 0x10, 0x08, 0x10, 0xE0, 0x00
      |00026F|026F|  F8 80 E0 10 08 10 E0 00
------+------+----+----------------------------------
    61|      |    |DB 0x30, 0x40, 0x80, 0xF0, 0x88, 0x88, 0x70, 0x00
      |000277|0277|  30 40 80 F0 88 88 70 00
------+------+----+----------------------------------
    62|      |    |DB 0xF8, 0x88, 0x10, 0x20, 0x20, 0x20, 0x20, 0x00
      |00027F|027F|  F8 88 10 20 20 20 20 00
------+------+----+----------------------------------
    63|      |    |DB 0x70, 0x88, 0x88, 0x70, 0x88, 0x88, 0x70, 0x00
      |000287|0287|  70 88 88 70 88 88 70 00
------+------+----+----------------------------------
    64|      |    |DB 0x70, 0x88, 0x88, 0x78, 0x08, 0x10, 0x60, 0x00
      |00028F|028F|  70 88 88 78 08 10 60 00
------+------+----+----------------------------------
    65|      |    |DB 0x00, 0x00, 0x20, 0x00, 0x00, 0x20, 0x00, 0x00
      |000297|0297|  00 00 20 00 00 20 00 00
------+------+----+----------------------------------
    66|      |    |DB 0x00, 0x00, 0x20, 0x00, 0x00, 0x20, 0x20, 0x40
      |00029F|029F|  00 00 20 00 00 20 20 40
------+------+----+----------------------------------
    67|      |    |DB 0x18, 0x30, 0x60, 0xC0, 0x60, 0x30, 0x18, 0x00
      |0002A7|02A7|  18 30 60 C0 60 30 18 00
------+------+----+----------------------------------
    68|      |    |DB 0x00, 0x00, 0xF8, 0x00, 0xF8, 0x00, 0x00, 0x00
      |0002AF|02AF|  00 00 F8 00 F8 00 00 00
------+------+----+----------------------------------
    69|      |    |DB 0xC0, 0x60, 0x30, 0x18, 0x30, 0x60, 0xC0, 0x00
      |0002B7|02B7|  C0 60 30 18 30 60 C0 00
------+------+----+----------------------------------
    70|      |    |DB 0x70, 0x88, 0x08, 0x10, 0x20, 0x00, 0x20, 0x00
      |0002BF|02BF|  70 88 08 10 20 00 20 00
------+------+----+----------------------------------
    71|      |    |DB 0x70, 0x88, 0x08, 0x68, 0xA8, 0xA8, 0x70, 0x00
      |0002C7|02C7|  70 88 08 68 A8 A8 70 00
------+------+----+----------------------------------
    72|      |    |DB 0x20, 0x50, 0x88, 0x88, 0xF8, 0x88, 0x88, 0x00
      |0002CF|02CF|  20 50 88 88 F8 88 88 00
------+------+----+----------------------------------
    73|      |    |DB 0xF0, 0x48, 0x48, 0x70, 0x48, 0x48, 0xF0, 0x00
      |0002D7|02D7|  F0 48 48 70 48 48 F0 00
------+------+----+----------------------------------
    74|      |    |DB 0x30, 0x48, 0x80, 0x80, 0x80, 0x48, 0x30, 0x00
      |0002DF|02DF|  30 48 80 80 80 48 30 00
------+------+----+----------------------------------
    75|      |    |DB 0xE0, 0x50, 0x48, 0x48, 0x48, 0x50, 0xE0, 0x00
      |0002E7|02E7|  E0 50 48 48 48 50 E0 00
------+------+----+----------------------------------
    76|      |    |DB 0xF8, 0x80, 0x80, 0xF0, 0x80, 0x80, 0xF8, 0x00
      |0002EF|02EF|  F8 80 80 F0 80 80 F8 00
------+------+----+----------------------------------
    77|      |    |DB 0xF8, 0x80, 0x80, 0xF0, 0x80, 0x80, 0x80, 0x00
      |0002F7|02F7|  F8 80 80 F0 80 80 80 00
------+------+----+----------------------------------
    78|      |    |DB 0x70, 0x88, 0x80, 0xB8, 0x88, 0x88, 0x70, 0x00
      |0002FF|02FF|  70 88 80 B8 88 88 70 00
------+------+----+----------------------------------
    79|      |    |DB 0x88, 0x88, 0x88, 0xF8, 0x88, 0x88, 0x88, 0x00
      |000307|0307|  88 88 88 F8 88 88 88 00
------+------+----+----------------------------------
    80|      |    |DB 0x70, 0x20, 0x20, 0x20, 0x20, 0x20, 0x70, 0x00
      |00030F|030F|  70 20 20 20 20 20 70 00
------+------+----+----------------------------------
    81|      |    |DB 0x38, 0x10, 0x10, 0x10, 0x90, 0x90, 0x60, 0x00
      |000317|0317|  38 10 10 10 90 90 60 00
------+------+----+----------------------------------
    82|      |    |DB 0x88, 0x90, 0xA0, 0xC0, 0xA0, 0x90, 0x88, 0x00
      |00031F|031F|  88 90 A0 C0 A0 90 88 00
------+------+----+----------------------------------
    83|      |    |DB 0x80, 0x80, 0x80, 0x80, 0x80, 0x80, 0xF8, 0x00
      |000327|0327|  80 80 80 80 80 80 F8 00
------+------+----+----------------------------------
    84|      |    |DB 0x88, 0xD8, 0xA8, 0xA8, 0x88, 0x88, 0x88, 0x00
      |00032F|032F|  88 D8 A8 A8 88 88 88 00
------+------+----+----------------------------------
    85|      |    |DB 0x88, 0xC8, 0xC8, 0xA8, 0x98, 0x98, 0x88, 0x00
      |000337|0337|  88 C8 C8 A8 98 98 88 00
------+------+----+----------------------------------
    86|      |    |DB 0x70, 0x88, 0x88, 0x88, 0x88, 0x88, 0x70, 0x00
      |00033F|033F|  70 88 88 88 88 88 70 00
------+------+----+----------------------------------
    87|      |    |DB 0xF0, 0x88, 0x88, 0xF0, 0x80, 0x80, 0x80, 0x00
      |000347|0347|  F0 88 88 F0 80 80 80 00
------+------+----+----------------------------------
    88|      |    |DB 0x70, 0x88, 0x88, 0x88, 0xA8, 0x90, 0x68, 0x00
      |00034F|034F|  70 88 88 88 A8 90 68 00
------+------+----+----------------------------------
    89|      |    |DB 0xF0, 0x88, 0x88, 0xF0, 0xA0, 0x90, 0x88, 0x00
      |000357|0357|  F0 88 88 F0 A0 90 88 00
------+------+----+----------------------------------
    90|      |    |DB 0x70, 0x88, 0x80, 0x70, 0x08, 0x88, 0x70, 0x00
      |00035F|035F|  70 88 80 70 08 88 70 00
------+------+----+----------------------------------
    91|      |    |DB 0xF8, 0x20, 0x20, 0x20, 0x20, 0x20, 0x20, 0x00
      |000367|0367|  F8 20 20 20 20 20 20 00
------+------+----+----------------------------------
    92|      |    |DB 0x88, 0x88, 0x88, 0x88, 0x88, 0x88, 0x70, 0x00
      |00036F|036F|  88 88 88 88 88 88 70 00
------+------+----+----------------------------------
    93|      |    |DB 0x88, 0x88, 0x88, 0x88, 0x50, 0x50, 0x20, 0x00
      |000377|0377|  88 88 88 88 50 50 20 00
------+------+----+----------------------------------
    94|      |    |DB 0x88, 0x88, 0x88, 0xA8, 0xA8, 0xD8, 0x88, 0x00
      |00037F|037F|  88 88 88 A8 A8 D8 88 00
------+------+----+----------------------------------
    95|      |    |DB 0x88, 0x88, 0x50, 0x20, 0x50, 0x88, 0x88, 0x00
      |000387|0387|  88 88 50 20 50 88 88 00
------+------+----+----------------------------------
    96|      |    |DB 0x88, 0x88, 0x88, 0x70, 0x20, 0x20, 0x20, 0x00
      |00038F|038F|  88 88 88 70 20 20 20 00
------+------+----+----------------------------------
    97|      |    |DB 0xF8, 0x08, 0x10, 0x20, 0x40, 0x80, 0xF8, 0x00
      |000397|0397|  F8 08 10 20 40 80 F8 00
------+------+----+----------------------------------
    98|      |    |DB 0x70, 0x40, 0x40, 0x40, 0x40, 0x40, 0x70, 0x00
      |00039F|039F|  70 40 40 40 40 40 70 00
------+------+----+----------------------------------
    99|      |    |DB 0x88, 0x50, 0x20, 0x70, 0x20, 0x70, 0x20, 0x00
      |0003A7|03A7|  88 50 20 70 20 70 20 00
------+------+----+----------------------------------
   100|      |    |DB 0x70, 0x10, 0x10, 0x10, 0x10, 0x10, 0x70, 0x00
      |0003AF|03AF|  70 10 10 10 10 10 70 00
------+------+----+----------------------------------
   101|      |    |DB 0x20, 0x50, 0x88, 0x00, 0x00, 0x00, 0x00, 0x00
      |0003B7|03B7|  20 50 88 00 00 00 00 00
------+------+----+----------------------------------
   102|      |    |DB 0x00, 0x00, 0x00, 0x00, 0x00, 0x00, 0xF8, 0x00
      |0003BF|03BF|  00 00 00 00 00 00 F8 00
------+------+----+----------------------------------
   103|      |    |DB 0x40, 0x20, 0x10, 0x00, 0x00, 0x00, 0x00, 0x00
      |0003C7|03C7|  40 20 10 00 00 00 00 00
------+------+----+----------------------------------
   104|      |    |DB 0x00, 0x00, 0x70, 0x08, 0x78, 0x88, 0x78, 0x00
      |0003CF|03CF|  00 00 70 08 78 88 78 00
------+------+----+----------------------------------
   105|      |    |DB 0x80, 0x80, 0xB0, 0xC8, 0x88, 0xC8, 0xB0, 0x00
      |0003D7|03D7|  80 80 B0 C8 88 C8 B0 00
------+------+----+----------------------------------
   106|      |    |DB 0x00, 0x00, 0x70, 0x88, 0x80, 0x88, 0x70, 0x00
      |0003DF|03DF|  00 00 70 88 80 88 70 00
------+------+----+----------------------------------
   107|      |    |DB 0x08, 0x08, 0x68, 0x98, 0x88, 0x98, 0x68, 0x00
      |0003E7|03E7|  08 08 68 98 88 98 68 00
------+------+----+----------------------------------
   108|      |    |DB 0x00, 0x00, 0x70, 0x88, 0xF8, 0x80, 0x70, 0x00
      |0003EF|03EF|  00 00 70 88 F8 80 70 00
------+------+----+----------------------------------
   109|      |    |DB 0x10, 0x28, 0x20, 0xF8, 0x20, 0x20, 0x20, 0x00
      |0003F7|03F7|  10 28 20 F8 20 20 20 00
------+------+----+----------------------------------
   110|      |    |DB 0x00, 0x00, 0x68, 0x98, 0x98, 0x68, 0x08, 0x70
      |0003FF|03FF|  00 00 68 98 98 68 08 70
------+------+----+----------------------------------
   111|      |    |DB 0x80, 0x80, 0xF0, 0x88, 0x88, 0x88, 0x88, 0x00
      |000407|0407|  80 80 F0 88 88 88 88 00
------+------+----+----------------------------------
   112|      |    |DB 0x20, 0x00, 0x60, 0x20, 0x20, 0x20, 0x70, 0x00
      |00040F|040F|  20 00 60 20 20 20 70 00
------+------+----+----------------------------------
   113|      |    |DB 0x10, 0x00, 0x30, 0x10, 0x10, 0x10, 0x90, 0x60
      |000417|0417|  10 00 30 10 10 10 90 60
------+------+----+----------------------------------
   114|      |    |DB 0x40, 0x40, 0x48, 0x50, 0x60, 0x50, 0x48, 0x00
      |00041F|041F|  40 40 48 50 60 50 48 00
------+------+----+----------------------------------
   115|      |    |DB 0x60, 0x20, 0x20, 0x20, 0x20, 0x20, 0x70, 0x00
      |000427|0427|  60 20 20 20 20 20 70 00
------+------+----+----------------------------------
   116|      |    |DB 0x00, 0x00, 0xD0, 0xA8, 0xA8, 0xA8, 0xA8, 0x00
      |00042F|042F|  00 00 D0 A8 A8 A8 A8 00
------+------+----+----------------------------------
   117|      |    |DB 0x00, 0x00, 0xB0, 0xC8, 0x88, 0x88, 0x88, 0x00
      |000437|0437|  00 00 B0 C8 88 88 88 00
------+------+----+----------------------------------
   118|      |    |DB 0x00, 0x00, 0x70, 0x88, 0x88, 0x88, 0x70, 0x00
      |00043F|043F|  00 00 70 88 88 88 70 00
------+------+----+----------------------------------
   119|      |    |DB 0x00, 0x00, 0xB0, 0xC8, 0xC8, 0xB0, 0x80, 0x80
      |000447|0447|  00 00 B0 C8 C8 B0 80 80
------+------+----+----------------------------------
   120|      |    |DB 0x00, 0x00, 0x68, 0x98, 0x98, 0x68, 0x08, 0x08
      |00044F|044F|  00 00 68 98 98 68 08 08
------+------+----+----------------------------------
   121|      |    |DB 0x00, 0x00, 0xB0, 0xC8, 0x80, 0x80, 0x80, 0x00
      |000457|0457|  00 00 B0 C8 80 80 80 00
------+------+----+----------------------------------
   122|      |    |DB 0x00, 0x00, 0x78, 0x80, 0xF0, 0x08, 0xF0, 0x00
      |00045F|045F|  00 00 78 80 F0 08 F0 00
------+------+----+----------------------------------
   123|      |    |DB 0x40, 0x40, 0xF0, 0x40, 0x40, 0x48, 0x30, 0x00
      |000467|0467|  40 40 F0 40 40 48 30 00
------+------+----+----------------------------------
   124|      |    |DB 0x00, 0x00, 0x90, 0x90, 0x90, 0x90, 0x68, 0x00
      |00046F|046F|  00 00 90 90 90 90 68 00
------+------+----+----------------------------------
   125|      |    |DB 0x00, 0x00, 0x88, 0x88, 0x88, 0x50, 0x20, 0x00
      |000477|0477|  00 00 88 88 88 50 20 00
------+------+----+----------------------------------
   126|      |    |DB 0x00, 0x00, 0x88, 0xA8, 0xA8, 0xA8, 0x50, 0x00
      |00047F|047F|  00 00 88 A8 A8 A8 50 00
------+------+----+----------------------------------
   127|      |    |DB 0x00, 0x00, 0x88, 0x50, 0x20, 0x50, 0x88, 0x00
      |000487|0487|  00 00 88 50 20 50 88 00
------+------+----+----------------------------------
   128|      |    |DB 0x00, 0x00, 0x88, 0x88, 0x98, 0x68, 0x08, 0x70
      |00048F|048F|  00 00 88 88 98 68 08 70
------+------+----+----------------------------------
   129|      |    |DB 0x00, 0x00, 0xF8, 0x10, 0x20, 0x40, 0xF8, 0x00
      |000497|0497|  00 00 F8 10 20 40 F8 00
------+------+----+----------------------------------
   130|      |    |DB 0x18, 0x20, 0x20, 0x40, 0x20, 0x20, 0x18, 0x00
      |00049F|049F|  18 20 20 40 20 20 18 00
------+------+----+----------------------------------
   131|      |    |DB 0x20, 0x20, 0x20, 0x00, 0x20, 0x20, 0x20, 0x00
      |0004A7|04A7|  20 20 20 00 20 20 20 00
------+------+----+----------------------------------
   132|      |    |DB 0xC0, 0x20, 0x20, 0x10, 0x20, 0x20, 0xC0, 0x00
      |0004AF|04AF|  C0 20 20 10 20 20 C0 00
------+------+----+----------------------------------
   133|      |    |DB 0x40, 0xA8, 0x10, 0x00, 0x00, 0x00, 0x00, 0x00
      |0004B7|04B7|  40 A8 10 00 00 00 00 00
------+------+----+----------------------------------
   134|      |    |DB 0x00, 0x00, 0x00, 0x00, 0x00, 0x00, 0x00, 0x00
      |0004BF|04BF|  00 00 00 00 00 00 00 00
------+------+----+----------------------------------
   135|      |    |DB 0x10, 0x38, 0x7C, 0xFE, 0xFE, 0x38, 0x7C, 0x00
      |0004C7|04C7|  10 38 7C FE FE 38 7C 00
------+------+----+----------------------------------
   136|      |    |DB 0x6C, 0xFE, 0xFE, 0xFE, 0x7C, 0x38, 0x10, 0x00
      |0004CF|04CF|  6C FE FE FE 7C 38 10 00
------+------+----+----------------------------------
   137|      |    |DB 0x38, 0x38, 0xFE, 0xFE, 0xD6, 0x10, 0x7C, 0x00
      |0004D7|04D7|  38 38 FE FE D6 10 7C 00
------+------+----+----------------------------------
   138|      |    |DB 0x10, 0x38, 0x7C, 0xFE, 0x7C, 0x38, 0x10, 0x00
      |0004DF|04DF|  10 38 7C FE 7C 38 10 00
------+------+----+----------------------------------
   139|      |    |DB 0x00, 0x78, 0x84, 0x84, 0x84, 0x84, 0x78, 0x00
      |0004E7|04E7|  00 78 84 84 84 84 78 00
------+------+----+----------------------------------
   140|      |    |DB 0x00, 0x78, 0xFC, 0xFC, 0xFC, 0xFC, 0x78, 0x00
      |0004EF|04EF|  00 78 FC FC FC FC 78 00
------+------+----+----------------------------------
   141|      |    |DB 0x20, 0xF0, 0x4C, 0x70, 0xA8, 0x40, 0x3C, 0x00
      |0004F7|04F7|  20 F0 4C 70 A8 40 3C 00
------+------+----+----------------------------------
   142|      |    |DB 0x00, 0x20, 0x78, 0x20, 0x78, 0xB4, 0x64, 0x00
      |0004FF|04FF|  00 20 78 20 78 B4 64 00
------+------+----+----------------------------------
   143|      |    |DB 0x00, 0x00, 0x88, 0x84, 0x84, 0x84, 0x40, 0x00
      |000507|0507|  00 00 88 84 84 84 40 00
------+------+----+----------------------------------
   144|      |    |DB 0x00, 0x70, 0x00, 0x70, 0x88, 0x08, 0x30, 0x00
      |00050F|050F|  00 70 00 70 88 08 30 00
------+------+----+----------------------------------
   145|      |    |DB 0x00, 0x70, 0x00, 0xF0, 0x20, 0x60, 0x98, 0x00
      |000517|0517|  00 70 00 F0 20 60 98 00
------+------+----+----------------------------------
   146|      |    |DB 0x00, 0x20, 0xF8, 0x24, 0x78, 0xA4, 0x68, 0x00
      |00051F|051F|  00 20 F8 24 78 A4 68 00
------+------+----+----------------------------------
   147|      |    |DB 0x00, 0x90, 0x58, 0x64, 0xA8, 0x20, 0x10, 0x00
      |000527|0527|  00 90 58 64 A8 20 10 00
------+------+----+----------------------------------
   148|      |    |DB 0x00, 0x10, 0xB8, 0xD4, 0x94, 0x18, 0x20, 0x00
      |00052F|052F|  00 10 B8 D4 94 18 20 00
------+------+----+----------------------------------
   149|      |    |DB 0x00, 0x10, 0x1C, 0x10, 0x70, 0x98, 0x74, 0x00
      |000537|0537|  00 10 1C 10 70 98 74 00
------+------+----+----------------------------------
   150|      |    |DB 0x00, 0x00, 0x00, 0x78, 0x04, 0x04, 0x38, 0x00
      |00053F|053F|  00 00 00 78 04 04 38 00
------+------+----+----------------------------------
   151|      |    |DB 0x00, 0x00, 0x00, 0x00, 0x00, 0x00, 0x00, 0x00
      |000547|0547|  00 00 00 00 00 00 00 00
------+------+----+----------------------------------
   152|      |    |DB 0x20, 0x7C, 0x20, 0x7C, 0xAA, 0x92, 0x64, 0x00
      |00054F|054F|  20 7C 20 7C AA 92 64 00
------+------+----+----------------------------------
   153|      |    |DB 0x00, 0x84, 0x82, 0x82, 0x82, 0x80, 0x40, 0x00
      |000557|0557|  00 84 82 82 82 80 40 00
------+------+----+----------------------------------
   154|      |    |DB 0x38, 0x00, 0x38, 0x44, 0x04, 0x08, 0x30, 0x00
      |00055F|055F|  38 00 38 44 04 08 30 00
------+------+----+----------------------------------
   155|      |    |DB 0x70, 0x00, 0xF8, 0x10, 0x20, 0x60, 0x9C, 0x00
      |000567|0567|  70 00 F8 10 20 60 9C 00
------+------+----+----------------------------------
   156|      |    |DB 0x24, 0xFA, 0x20, 0x7C, 0xA2, 0xA2, 0x44, 0x00
      |00056F|056F|  24 FA 20 7C A2 A2 44 00
------+------+----+----------------------------------
   157|      |    |DB 0x40, 0x44, 0xF2, 0x4A, 0x48, 0x88, 0x30, 0x00
      |000577|0577|  40 44 F2 4A 48 88 30 00
------+------+----+----------------------------------
   158|      |    |DB 0x20, 0xFC, 0x10, 0xFC, 0x08, 0x80, 0x78, 0x00
      |00057F|057F|  20 FC 10 FC 08 80 78 00
------+------+----+----------------------------------
   159|      |    |DB 0x08, 0x10, 0x20, 0x40, 0x20, 0x10, 0x08, 0x00
      |000587|0587|  08 10 20 40 20 10 08 00
------+------+----+----------------------------------
   160|      |    |DB 0x04, 0x84, 0x9E, 0x84, 0x84, 0x84, 0x48, 0x00
      |00058F|058F|  04 84 9E 84 84 84 48 00
------+------+----+----------------------------------
   161|      |    |DB 0x78, 0x04, 0x00, 0x00, 0x00, 0x80, 0x7C, 0x00
      |000597|0597|  78 04 00 00 00 80 7C 00
------+------+----+----------------------------------
   162|      |    |DB 0x10, 0xFE, 0x08, 0x04, 0x04, 0x80, 0x78, 0x00
      |00059F|059F|  10 FE 08 04 04 80 78 00
------+------+----+----------------------------------
   163|      |    |DB 0x80, 0x80, 0x80, 0x80, 0x84, 0x88, 0x70, 0x00
      |0005A7|05A7|  80 80 80 80 84 88 70 00
------+------+----+----------------------------------
   164|      |    |DB 0x08, 0xFE, 0x38, 0x48, 0x38, 0x08, 0x10, 0x00
      |0005AF|05AF|  08 FE 38 48 38 08 10 00
------+------+----+----------------------------------
   165|      |    |DB 0x44, 0x44, 0xFE, 0x44, 0x48, 0x40, 0x3C, 0x00
      |0005B7|05B7|  44 44 FE 44 48 40 3C 00
------+------+----+----------------------------------
   166|      |    |DB 0x44, 0x28, 0xFE, 0x20, 0x40, 0x40, 0x3C, 0x00
      |0005BF|05BF|  44 28 FE 20 40 40 3C 00
------+------+----+----------------------------------
   167|      |    |DB 0x00, 0x00, 0x00, 0x00, 0x00, 0x00, 0x00, 0x00
      |0005C7|05C7|  00 00 00 00 00 00 00 00
------+------+----+----------------------------------
   168|      |    |DB 0x00, 0x00, 0x00, 0x00, 0x60, 0x90, 0x60, 0x00
      |0005CF|05CF|  00 00 00 00 60 90 60 00
------+------+----+----------------------------------
   169|      |    |DB 0x38, 0x20, 0x20, 0x20, 0x00, 0x00, 0x00, 0x00
      |0005D7|05D7|  38 20 20 20 00 00 00 00
------+------+----+----------------------------------
   170|      |    |DB 0x00, 0x00, 0x00, 0x20, 0x20, 0x20, 0xE0, 0x00
      |0005DF|05DF|  00 00 00 20 20 20 E0 00
------+------+----+----------------------------------
   171|      |    |DB 0x00, 0x00, 0x00, 0x00, 0x80, 0x40, 0x20, 0x00
      |0005E7|05E7|  00 00 00 00 80 40 20 00
------+------+----+----------------------------------
   172|      |    |DB 0x00, 0x00, 0x00, 0x30, 0x30, 0x00, 0x00, 0x00
      |0005EF|05EF|  00 00 00 30 30 00 00 00
------+------+----+----------------------------------
   173|      |    |DB 0xF8, 0x08, 0xF8, 0x08, 0x10, 0x20, 0x40, 0x00
      |0005F7|05F7|  F8 08 F8 08 10 20 40 00
------+------+----+----------------------------------
   174|      |    |DB 0x00, 0x00, 0xF0, 0x10, 0x60, 0x40, 0x80, 0x00
      |0005FF|05FF|  00 00 F0 10 60 40 80 00
------+------+----+----------------------------------
   175|      |    |DB 0x00, 0x10, 0x20, 0x60, 0xA0, 0x20, 0x20, 0x00
      |000607|0607|  00 10 20 60 A0 20 20 00
------+------+----+----------------------------------
   176|      |    |DB 0x00, 0x20, 0xF0, 0x90, 0x10, 0x20, 0x40, 0x00
      |00060F|060F|  00 20 F0 90 10 20 40 00
------+------+----+----------------------------------
   177|      |    |DB 0x00, 0x00, 0xF0, 0x20, 0x20, 0x20, 0xF0, 0x00
      |000617|0617|  00 00 F0 20 20 20 F0 00
------+------+----+----------------------------------
   178|      |    |DB 0x00, 0x20, 0xF0, 0x60, 0xA0, 0xA0, 0x20, 0x00
      |00061F|061F|  00 20 F0 60 A0 A0 20 00
------+------+----+----------------------------------
   179|      |    |DB 0x00, 0x40, 0xF8, 0x48, 0x50, 0x40, 0x40, 0x00
      |000627|0627|  00 40 F8 48 50 40 40 00
------+------+----+----------------------------------
   180|      |    |DB 0x00, 0x00, 0x70, 0x10, 0x10, 0x10, 0xF8, 0x00
      |00062F|062F|  00 00 70 10 10 10 F8 00
------+------+----+----------------------------------
   181|      |    |DB 0x00, 0x00, 0xF0, 0x10, 0xF0, 0x10, 0xF0, 0x00
      |000637|0637|  00 00 F0 10 F0 10 F0 00
------+------+----+----------------------------------
   182|      |    |DB 0x00, 0x00, 0xA8, 0xA8, 0x08, 0x10, 0x20, 0x00
      |00063F|063F|  00 00 A8 A8 08 10 20 00
------+------+----+----------------------------------
   183|      |    |DB 0x00, 0x00, 0x80, 0x7C, 0x00, 0x00, 0x00, 0x00
      |000647|0647|  00 00 80 7C 00 00 00 00
------+------+----+----------------------------------
   184|      |    |DB 0xF8, 0x08, 0x28, 0x30, 0x20, 0x20, 0x40, 0x00
      |00064F|064F|  F8 08 28 30 20 20 40 00
------+------+----+----------------------------------
   185|      |    |DB 0x08, 0x10, 0x20, 0x60, 0xA0, 0x20, 0x20, 0x00
      |000657|0657|  08 10 20 60 A0 20 20 00
------+------+----+----------------------------------
   186|      |    |DB 0x20, 0xF8, 0x88, 0x88, 0x08, 0x10, 0x20, 0x00
      |00065F|065F|  20 F8 88 88 08 10 20 00
------+------+----+----------------------------------
   187|      |    |DB 0x00, 0xF8, 0x20, 0x20, 0x20, 0x20, 0xF8, 0x00
      |000667|0667|  00 F8 20 20 20 20 F8 00
------+------+----+----------------------------------
   188|      |    |DB 0x10, 0xF8, 0x10, 0x30, 0x50, 0x90, 0x10, 0x00
      |00066F|066F|  10 F8 10 30 50 90 10 00
------+------+----+----------------------------------
   189|      |    |DB 0x20, 0xF8, 0x28, 0x28, 0x28, 0x48, 0x88, 0x00
      |000677|0677|  20 F8 28 28 28 48 88 00
------+------+----+----------------------------------
   190|      |    |DB 0x20, 0xF8, 0x20, 0xF8, 0x20, 0x20, 0x20, 0x00
      |00067F|067F|  20 F8 20 F8 20 20 20 00
------+------+----+----------------------------------
   191|      |    |DB 0x78, 0x48, 0x88, 0x08, 0x08, 0x10, 0x20, 0x00
      |000687|0687|  78 48 88 08 08 10 20 00
------+------+----+----------------------------------
   192|      |    |DB 0x40, 0x78, 0x50, 0x90, 0x10, 0x10, 0x20, 0x00
      |00068F|068F|  40 78 50 90 10 10 20 00
------+------+----+----------------------------------
   193|      |    |DB 0x00, 0xF8, 0x08, 0x08, 0x08, 0x08, 0xF8, 0x00
      |000697|0697|  00 F8 08 08 08 08 F8 00
------+------+----+----------------------------------
   194|      |    |DB 0x50, 0xF8, 0x50, 0x50, 0x10, 0x10, 0x20, 0x00
      |00069F|069F|  50 F8 50 50 10 10 20 00
------+------+----+----------------------------------
   195|      |    |DB 0x00, 0xC0, 0x08, 0xC8, 0x08, 0x10, 0xE0, 0x00
      |0006A7|06A7|  00 C0 08 C8 08 10 E0 00
------+------+----+----------------------------------
   196|      |    |DB 0x00, 0xF8, 0x08, 0x10, 0x20, 0x50, 0x88, 0x00
      |0006AF|06AF|  00 F8 08 10 20 50 88 00
------+------+----+----------------------------------
   197|      |    |DB 0x40, 0xF8, 0x48, 0x50, 0x40, 0x40, 0x38, 0x00
      |0006B7|06B7|  40 F8 48 50 40 40 38 00
------+------+----+----------------------------------
   198|      |    |DB 0x88, 0x88, 0x48, 0x08, 0x10, 0x20, 0x40, 0x00
      |0006BF|06BF|  88 88 48 08 10 20 40 00
------+------+----+----------------------------------
   199|      |    |DB 0x78, 0x48, 0x78, 0x88, 0x08, 0x10, 0x20, 0x00
      |0006C7|06C7|  78 48 78 88 08 10 20 00
------+------+----+----------------------------------
   200|      |    |DB 0x10, 0xE0, 0x20, 0xF8, 0x20, 0x20, 0x40, 0x00
      |0006CF|06CF|  10 E0 20 F8 20 20 40 00
------+------+----+----------------------------------
   201|      |    |DB 0xA8, 0xA8, 0xA8, 0x08, 0x08, 0x10, 0x20, 0x00
      |0006D7|06D7|  A8 A8 A8 08 08 10 20 00
------+------+----+----------------------------------
   202|      |    |DB 0x70, 0x00, 0xF8, 0x20, 0x20, 0x20, 0x40, 0x00
      |0006DF|06DF|  70 00 F8 20 20 20 40 00
------+------+----+----------------------------------
   203|      |    |DB 0x40, 0x40, 0x60, 0x50, 0x48, 0x40, 0x40, 0x00
      |0006E7|06E7|  40 40 60 50 48 40 40 00
------+------+----+----------------------------------
   204|      |    |DB 0x20, 0xF8, 0x20, 0x20, 0x20, 0x20, 0x40, 0x00
      |0006EF|06EF|  20 F8 20 20 20 20 40 00
------+------+----+----------------------------------
   205|      |    |DB 0x00, 0x70, 0x00, 0x00, 0x00, 0x00, 0xF8, 0x00
      |0006F7|06F7|  00 70 00 00 00 00 F8 00
------+------+----+----------------------------------
   206|      |    |DB 0x00, 0xF8, 0x08, 0xD0, 0x20, 0x50, 0x88, 0x00
      |0006FF|06FF|  00 F8 08 D0 20 50 88 00
------+------+----+----------------------------------
   207|      |    |DB 0x20, 0xF8, 0x08, 0x30, 0xE8, 0x20, 0x20, 0x00
      |000707|0707|  20 F8 08 30 E8 20 20 00
------+------+----+----------------------------------
   208|      |    |DB 0x08, 0x08, 0x08, 0x10, 0x20, 0x40, 0x80, 0x00
      |00070F|070F|  08 08 08 10 20 40 80 00
------+------+----+----------------------------------
   209|      |    |DB 0x20, 0x10, 0x48, 0x48, 0x48, 0x48, 0x88, 0x00
      |000717|0717|  20 10 48 48 48 48 88 00
------+------+----+----------------------------------
   210|      |    |DB 0x80, 0x80, 0xF8, 0x80, 0x80, 0x80, 0x78, 0x00
      |00071F|071F|  80 80 F8 80 80 80 78 00
------+------+----+----------------------------------
   211|      |    |DB 0xF8, 0x08, 0x08, 0x08, 0x10, 0x20, 0x40, 0x00
      |000727|0727|  F8 08 08 08 10 20 40 00
------+------+----+----------------------------------
   212|      |    |DB 0x00, 0x40, 0xA0, 0x10, 0x08, 0x08, 0x00, 0x00
      |00072F|072F|  00 40 A0 10 08 08 00 00
------+------+----+----------------------------------
   213|      |    |DB 0x20, 0xF8, 0x20, 0x20, 0xA8, 0xA8, 0x20, 0x00
      |000737|0737|  20 F8 20 20 A8 A8 20 00
------+------+----+----------------------------------
   214|      |    |DB 0x00, 0xF8, 0x08, 0x08, 0x50, 0x20, 0x10, 0x00
      |00073F|073F|  00 F8 08 08 50 20 10 00
------+------+----+----------------------------------
   215|      |    |DB 0xF0, 0x00, 0x60, 0x00, 0x00, 0xF0, 0x08, 0x00
      |000747|0747|  F0 00 60 00 00 F0 08 00
------+------+----+----------------------------------
   216|      |    |DB 0x10, 0x20, 0x40, 0x80, 0x90, 0x88, 0xF8, 0x00
      |00074F|074F|  10 20 40 80 90 88 F8 00
------+------+----+----------------------------------
   217|      |    |DB 0x08, 0x08, 0x08, 0x50, 0x20, 0x50, 0x80, 0x00
      |000757|0757|  08 08 08 50 20 50 80 00
------+------+----+----------------------------------
   218|      |    |DB 0x78, 0x20, 0xF8, 0x20, 0x20, 0x20, 0x18, 0x00
      |00075F|075F|  78 20 F8 20 20 20 18 00
------+------+----+----------------------------------
   219|      |    |DB 0x40, 0xF8, 0x48, 0x48, 0x50, 0x40, 0x40, 0x00
      |000767|0767|  40 F8 48 48 50 40 40 00
------+------+----+----------------------------------
   220|      |    |DB 0x00, 0x70, 0x10, 0x10, 0x10, 0x10, 0xF8, 0x00
      |00076F|076F|  00 70 10 10 10 10 F8 00
------+------+----+----------------------------------
   221|      |    |DB 0x00, 0xF8, 0x08, 0xF8, 0x08, 0x08, 0xF8, 0x00
      |000777|0777|  00 F8 08 F8 08 08 F8 00
------+------+----+----------------------------------
   222|      |    |DB 0x70, 0x00, 0xF8, 0x08, 0x08, 0x10, 0x20, 0x00
      |00077F|077F|  70 00 F8 08 08 10 20 00
------+------+----+----------------------------------
   223|      |    |DB 0x48, 0x48, 0x48, 0x48, 0x48, 0x10, 0x20, 0x00
      |000787|0787|  48 48 48 48 48 10 20 00
------+------+----+----------------------------------
   224|      |    |DB 0x10, 0x50, 0x50, 0x50, 0x50, 0x58, 0x90, 0x00
      |00078F|078F|  10 50 50 50 50 58 90 00
------+------+----+----------------------------------
   225|      |    |DB 0x40, 0x40, 0x40, 0x48, 0x48, 0x50, 0x60, 0x00
      |000797|0797|  40 40 40 48 48 50 60 00
------+------+----+----------------------------------
   226|      |    |DB 0x00, 0xF8, 0x88, 0x88, 0x88, 0x88, 0xF8, 0x00
      |00079F|079F|  00 F8 88 88 88 88 F8 00
------+------+----+----------------------------------
   227|      |    |DB 0xF8, 0x88, 0x88, 0x08, 0x08, 0x10, 0x20, 0x00
      |0007A7|07A7|  F8 88 88 08 08 10 20 00
------+------+----+----------------------------------
   228|      |    |DB 0x00, 0xC0, 0x00, 0x08, 0x08, 0x10, 0xE0, 0x00
      |0007AF|07AF|  00 C0 00 08 08 10 E0 00
------+------+----+----------------------------------
   229|      |    |DB 0x90, 0x48, 0x00, 0x00, 0x00, 0x00, 0x00, 0x00
      |0007B7|07B7|  90 48 00 00 00 00 00 00
------+------+----+----------------------------------
   230|      |    |DB 0x60, 0x90, 0x60, 0x00, 0x00, 0x00, 0x00, 0x00
      |0007BF|07BF|  60 90 60 00 00 00 00 00
------+------+----+----------------------------------
   231|      |    |DB 0x20, 0xF8, 0x20, 0x4E, 0x40, 0x90, 0x8E, 0x00
      |0007C7|07C7|  20 F8 20 4E 40 90 8E 00
------+------+----+----------------------------------
   232|      |    |DB 0x10, 0xFE, 0x20, 0x78, 0x04, 0x04, 0x78, 0x00
      |0007CF|07CF|  10 FE 20 78 04 04 78 00
------+------+----+----------------------------------
   233|      |    |DB 0x00, 0xFC, 0x02, 0x02, 0x02, 0x04, 0x18, 0x00
      |0007D7|07D7|  00 FC 02 02 02 04 18 00
------+------+----+----------------------------------
   234|      |    |DB 0xFE, 0x08, 0x10, 0x20, 0x20, 0x20, 0x1C, 0x00
      |0007DF|07DF|  FE 08 10 20 20 20 1C 00
------+------+----+----------------------------------
   235|      |    |DB 0x20, 0x24, 0x38, 0x60, 0x80, 0x80, 0x7C, 0x00
      |0007E7|07E7|  20 24 38 60 80 80 7C 00
------+------+----+----------------------------------
   236|      |    |DB 0x2C, 0xF2, 0x44, 0x44, 0x9C, 0x26, 0x1C, 0x00
      |0007EF|07EF|  2C F2 44 44 9C 26 1C 00
------+------+----+----------------------------------
   237|      |    |DB 0x00, 0x9E, 0x80, 0x80, 0x80, 0x90, 0x4E, 0x00
      |0007F7|07F7|  00 9E 80 80 80 90 4E 00
------+------+----+----------------------------------
   238|      |    |DB 0x48, 0x48, 0x7C, 0xD2, 0xB6, 0xAA, 0x4C, 0x00
      |0007FF|07FF|  48 48 7C D2 B6 AA 4C 00
------+------+----+----------------------------------
   239|      |    |DB 0x40, 0x4C, 0xD2, 0x62, 0x4E, 0xD2, 0x4E, 0x00
      |000807|0807|  40 4C D2 62 4E D2 4E 00
------+------+----+----------------------------------
   240|      |    |DB 0x00, 0x38, 0x54, 0x92, 0xA2, 0xA2, 0x44, 0x00
      |00080F|080F|  00 38 54 92 A2 A2 44 00
------+------+----+----------------------------------
   241|      |    |DB 0x04, 0x9E, 0x84, 0x84, 0x8C, 0x96, 0x4C, 0x00
      |000817|0817|  04 9E 84 84 8C 96 4C 00
------+------+----+----------------------------------
   242|      |    |DB 0x10, 0xE4, 0x26, 0x44, 0x44, 0x48, 0x30, 0x00
      |00081F|081F|  10 E4 26 44 44 48 30 00
------+------+----+----------------------------------
   243|      |    |DB 0x20, 0x10, 0x00, 0x20, 0x14, 0x52, 0xB2, 0x00
      |000827|0827|  20 10 00 20 14 52 B2 00
------+------+----+----------------------------------
   244|      |    |DB 0x00, 0x00, 0x20, 0x50, 0x88, 0x04, 0x02, 0x00
      |00082F|082F|  00 00 20 50 88 04 02 00
------+------+----+----------------------------------
   245|      |    |DB 0x1E, 0x84, 0x9E, 0x84, 0x8C, 0x96, 0x4C, 0x00
      |000837|0837|  1E 84 9E 84 8C 96 4C 00
------+------+----+----------------------------------
   246|      |    |DB 0x10, 0xFC, 0x10, 0xFC, 0x70, 0x98, 0x74, 0x00
      |00083F|083F|  10 FC 10 FC 70 98 74 00
------+------+----+----------------------------------
   247|      |    |DB 0x70, 0x10, 0x14, 0x7E, 0xA4, 0xA4, 0x48, 0x00
      |000847|0847|  70 10 14 7E A4 A4 48 00
------+------+----+----------------------------------
   248|      |    |DB 0x20, 0xF4, 0x22, 0x60, 0xA2, 0x62, 0x1C, 0x00
      |00084F|084F|  20 F4 22 60 A2 62 1C 00
------+------+----+----------------------------------
   249|      |    |DB 0x48, 0x48, 0x7C, 0xAA, 0x92, 0xA2, 0x44, 0x00
      |000857|0857|  48 48 7C AA 92 A2 44 00
------+------+----+----------------------------------
   250|      |    |DB 0x20, 0xF8, 0x20, 0xF8, 0x20, 0x24, 0x18, 0x00
      |00085F|085F|  20 F8 20 F8 20 24 18 00
------+------+----+----------------------------------
   251|      |    |DB 0x48, 0x5C, 0x6A, 0xE2, 0x24, 0x10, 0x10, 0x00
      |000867|0867|  48 5C 6A E2 24 10 10 00
------+------+----+----------------------------------
   252|      |    |DB 0x10, 0x9C, 0xB2, 0xD2, 0x92, 0x1C, 0x20, 0x00
      |00086F|086F|  10 9C B2 D2 92 1C 20 00
------+------+----+----------------------------------
   253|      |    |DB 0x10, 0x1C, 0x10, 0x10, 0x78, 0x94, 0x70, 0x00
      |000877|0877|  10 1C 10 10 78 94 70 00
------+------+----+----------------------------------
   254|      |    |DB 0x60, 0x10, 0x80, 0xB8, 0xC4, 0x84, 0x38, 0x00
      |00087F|087F|  60 10 80 B8 C4 84 38 00
------+------+----+----------------------------------
   255|      |    |DB 0x08, 0x84, 0x84, 0x84, 0x44, 0x08, 0x30, 0x00
      |000887|0887|  08 84 84 84 44 08 30 00
------+------+----+----------------------------------
   256|      |    |DB 0x78, 0x10, 0x38, 0x44, 0xB4, 0x4C, 0x38, 0x00
      |00088F|088F|  78 10 38 44 B4 4C 38 00
------+------+----+----------------------------------
   257|      |    |DB 0x20, 0x2C, 0xF4, 0x24, 0x64, 0xA4, 0x26, 0x00
      |000897|0897|  20 2C F4 24 64 A4 26 00
------+------+----+----------------------------------
   258|      |    |DB 0x78, 0x10, 0x20, 0x78, 0x84, 0x04, 0x38, 0x00
      |00089F|089F|  78 10 20 78 84 04 38 00
------+------+----+----------------------------------
   259|      |    |DB 0x40, 0x40, 0xDC, 0x62, 0x42, 0xC2, 0x44, 0x00
      |0008A7|08A7|  40 40 DC 62 42 C2 44 00
------+------+----+----------------------------------
   260|      |    |DB 0x10, 0x10, 0x20, 0x20, 0x60, 0x52, 0x8C, 0x00
      |0008AF|08AF|  10 10 20 20 60 52 8C 00
------+------+----+----------------------------------
   261|      |    |DB 0x00, 0x00, 0x00, 0x00, 0x00, 0x00, 0x00, 0x00
      |0008B7|08B7|  00 00 00 00 00 00 00 00
------+------+----+----------------------------------
   262|      |    |DB 0xFF, 0xFF, 0xFF, 0xFF, 0xFF, 0xFF, 0xFF, 0xFF
      |0008BF|08BF|  FF FF FF FF FF FF FF FF
------+------+----+----------------------------------
   263|      |    |VDP_SCREEN1_FONT_END ::
      |      |    |  global label [VDP_SCREEN1_FONT_END] address: 0x0008c7
------+------+----+----------------------------------
   244|      |    |INCLUDE "vdp_screen1_font.asm" end
<< label >>
BUTTON ......................... 16 ( 0x10 )
DEVICE_CONFIG_ROM_CPU .......... 2 ( 0x2 )
DEVICE_CONFIG_ROM_VDP .......... 1 ( 0x1 )
DEVICE_SERIAL_ROM .............. 3 ( 0x3 )
EXTIO_DEVICE ................... 65 ( 0x41 )
EXTIO_MANUFACTURE .............. 64 ( 0x40 )
FILL_VRAM ...................... 84 ( 0x54 )
FILL_VRAM:LOOP ................. 97 ( 0x61 )
FPGA_CONFIG_ROM_ACCESS_END ..... 7 ( 0x7 )
FPGA_CONFIG_ROM_BLOCK_ERASE .... 9 ( 0x9 )
FPGA_CONFIG_ROM_BURST_READ ..... 2 ( 0x2 )
FPGA_CONFIG_ROM_BURST_WRITE .... 3 ( 0x3 )
FPGA_CONFIG_ROM_CHIP_ERASE ..... 4 ( 0x4 )
FPGA_CONFIG_ROM_READ_STATUS .... 5 ( 0x5 )
FPGA_CONFIG_ROM_READ_STATUS2 ... 10 ( 0xa )
FPGA_CONFIG_ROM_SELECT_SROM .... 6 ( 0x6 )
FPGA_CONFIG_ROM_SET_ADDRESS .... 0 ( 0x0 )
FPGA_CONFIG_ROM_SINGLE_READ .... 1 ( 0x1 )
FPGA_CONFIG_ROM_WRITE_ENABLE ... 8 ( 0x8 )
MAIN ........................... 82 ( 0x52 )
MAIN:LOOP ...................... 82 ( 0x52 )
MANUFACTURE_ID ................. 64 ( 0x40 )
MESSAGE ........................ 174 ( 0xae )
MESSAGE_END .................... 199 ( 0xc7 )
S2026_FR_TIMER_H ............... 231 ( 0xe7 )
S2026_FR_TIMER_L ............... 230 ( 0xe6 )
S2026_REG_IDX .................. 228 ( 0xe4 )
S2026_REG_VAL .................. 229 ( 0xe5 )
SETUP_MESSAGE .................. 70 ( 0x46 )
SETUP_VRAM ..................... 25 ( 0x19 )
SET_SCREEN1 .................... 4 ( 0x4 )
SET_SCREEN1:EXIT_LOOP .......... 25 ( 0x19 )
SET_SCREEN1:LOOP ............... 9 ( 0x9 )
SROM_COMMAND ................... 66 ( 0x42 )
SROM_DATA ...................... 67 ( 0x43 )
UART ........................... 16 ( 0x10 )
VDP_PORT0 ...................... 152 ( 0x98 )
VDP_PORT1 ...................... 153 ( 0x99 )
VDP_PORT2 ...................... 154 ( 0x9a )
VDP_PORT3 ...................... 155 ( 0x9b )
VDP_PORT4 ...................... 156 ( 0x9c )
VDP_SCREEN1_FONT ............... 199 ( 0xc7 )
VDP_SCREEN1_FONT_END ........... 2247 ( 0x8c7 )
VDP_SCREEN1_REG ................ 125 ( 0x7d )
WRITE_VRAM_BLOCK ............... 105 ( 0x69 )
WRITE_VRAM_BLOCK:LOOP .......... 115 ( 0x73 )
