Reading netlist file: "C:\Users\hra\Documents\github\HRA_product\V9968_Cartridge\fpga\V9968_Cartridge_TangNano20K\impl\gwsynthesis\FPGA_MSXtR_VDP_Stack.vg"
Parsing netlist file "C:\Users\hra\Documents\github\HRA_product\V9968_Cartridge\fpga\V9968_Cartridge_TangNano20K\impl\gwsynthesis\FPGA_MSXtR_VDP_Stack.vg" completed
Processing netlist completed
Reading constraint file: "C:\Users\hra\Documents\github\HRA_product\V9968_Cartridge\fpga\V9968_Cartridge_TangNano20K\src\FPGA_MSXtR_VDP_Stack.cst"
Physical Constraint parsed completed
Running placement......
[10%] Placement Phase 0 completed
[20%] Placement Phase 1 completed
[30%] Placement Phase 2 completed
[50%] Placement Phase 3 completed
Running routing......
[60%] Routing Phase 0 completed
[70%] Routing Phase 1 completed
[80%] Routing Phase 2 completed
[90%] Routing Phase 3 completed
Running timing analysis......
[95%] Timing analysis completed
Placement and routing completed
Bitstream generation in progress......
Bitstream generation completed
Running power analysis......
[100%] Power analysis completed
Generate file "C:\Users\hra\Documents\github\HRA_product\V9968_Cartridge\fpga\V9968_Cartridge_TangNano20K\impl\pnr\FPGA_MSXtR_VDP_Stack.power.html" completed
Generate file "C:\Users\hra\Documents\github\HRA_product\V9968_Cartridge\fpga\V9968_Cartridge_TangNano20K\impl\pnr\FPGA_MSXtR_VDP_Stack.pin.html" completed
Generate file "C:\Users\hra\Documents\github\HRA_product\V9968_Cartridge\fpga\V9968_Cartridge_TangNano20K\impl\pnr\FPGA_MSXtR_VDP_Stack.rpt.html" completed
Generate file "C:\Users\hra\Documents\github\HRA_product\V9968_Cartridge\fpga\V9968_Cartridge_TangNano20K\impl\pnr\FPGA_MSXtR_VDP_Stack.rpt.txt" completed
Generate file "C:\Users\hra\Documents\github\HRA_product\V9968_Cartridge\fpga\V9968_Cartridge_TangNano20K\impl\pnr\FPGA_MSXtR_VDP_Stack.tr.html" completed
Tue Aug  4 16:21:18 2026


