GowinSynthesis start
Running parser ...
Analyzing Verilog file 'C:\Users\hra\Documents\github\HRA_product\FPGA_MSXtR\labo\FPGA_MSXtR_SND_Cart_000\src\gowin_clkdiv\gowin_clkdiv.v'
Analyzing Verilog file 'C:\Users\hra\Documents\github\HRA_product\FPGA_MSXtR\labo\FPGA_MSXtR_SND_Cart_000\src\gowin_pll\gowin_pll.v'
Analyzing Verilog file 'C:\Users\hra\Documents\github\HRA_product\FPGA_MSXtR\labo\FPGA_MSXtR_SND_Cart_000\src\gowin_pll\gowin_pll_mod.v'
Analyzing Verilog file 'C:\Users\hra\Documents\github\HRA_product\FPGA_MSXtR\labo\FPGA_MSXtR_SND_Cart_000\src\i2s_audio\i2s_audio.v'
Analyzing Verilog file 'C:\Users\hra\Documents\github\HRA_product\FPGA_MSXtR\labo\FPGA_MSXtR_SND_Cart_000\src\ikaopll\src\IKAOPLL.v'
Analyzing Verilog file 'C:\Users\hra\Documents\github\HRA_product\FPGA_MSXtR\labo\FPGA_MSXtR_SND_Cart_000\src\ikaopll\src\IKAOPLL_modules\IKAOPLL_dac.v'
Analyzing Verilog file 'C:\Users\hra\Documents\github\HRA_product\FPGA_MSXtR\labo\FPGA_MSXtR_SND_Cart_000\src\ikaopll\src\IKAOPLL_modules\IKAOPLL_eg.v'
Analyzing Verilog file 'C:\Users\hra\Documents\github\HRA_product\FPGA_MSXtR\labo\FPGA_MSXtR_SND_Cart_000\src\ikaopll\src\IKAOPLL_modules\IKAOPLL_lfo.v'
Analyzing Verilog file 'C:\Users\hra\Documents\github\HRA_product\FPGA_MSXtR\labo\FPGA_MSXtR_SND_Cart_000\src\ikaopll\src\IKAOPLL_modules\IKAOPLL_op.v'
Analyzing Verilog file 'C:\Users\hra\Documents\github\HRA_product\FPGA_MSXtR\labo\FPGA_MSXtR_SND_Cart_000\src\ikaopll\src\IKAOPLL_modules\IKAOPLL_pg.v'
Analyzing Verilog file 'C:\Users\hra\Documents\github\HRA_product\FPGA_MSXtR\labo\FPGA_MSXtR_SND_Cart_000\src\ikaopll\src\IKAOPLL_modules\IKAOPLL_primitives.v'
Analyzing Verilog file 'C:\Users\hra\Documents\github\HRA_product\FPGA_MSXtR\labo\FPGA_MSXtR_SND_Cart_000\src\ikaopll\src\IKAOPLL_modules\IKAOPLL_timinggen.v'
Analyzing Verilog file 'C:\Users\hra\Documents\github\HRA_product\FPGA_MSXtR\labo\FPGA_MSXtR_SND_Cart_000\src\ikaopll_patch\IKAOPLL_reg.v'
Analyzing Verilog file 'C:\Users\hra\Documents\github\HRA_product\FPGA_MSXtR\labo\FPGA_MSXtR_SND_Cart_000\src\ikaopll_patch\opll.v'
Analyzing Verilog file 'C:\Users\hra\Documents\github\HRA_product\FPGA_MSXtR\labo\FPGA_MSXtR_SND_Cart_000\src\msx_slot\msx_slot.v'
Analyzing Verilog file 'C:\Users\hra\Documents\github\HRA_product\FPGA_MSXtR\labo\FPGA_MSXtR_SND_Cart_000\src\pll_init.v'
Analyzing Verilog file 'C:\Users\hra\Documents\github\HRA_product\FPGA_MSXtR\labo\FPGA_MSXtR_SND_Cart_000\src\ssg\dual_ssg.v'
Analyzing Verilog file 'C:\Users\hra\Documents\github\HRA_product\FPGA_MSXtR\labo\FPGA_MSXtR_SND_Cart_000\src\ssg\ssg_core.v'
Analyzing Verilog file 'C:\Users\hra\Documents\github\HRA_product\FPGA_MSXtR\labo\FPGA_MSXtR_SND_Cart_000\src\y8960_address_decode\y8960_address_decode.v'
Analyzing Verilog file 'C:\Users\hra\Documents\github\HRA_product\FPGA_MSXtR\labo\FPGA_MSXtR_SND_Cart_000\src\y8960_cartridge_tangprimer25k.v'
Compiling module 'y8960cartridge_tangprimer25k'("C:\Users\hra\Documents\github\HRA_product\FPGA_MSXtR\labo\FPGA_MSXtR_SND_Cart_000\src\y8960_cartridge_tangprimer25k.v":58)
Compiling module 'Gowin_PLL'("C:\Users\hra\Documents\github\HRA_product\FPGA_MSXtR\labo\FPGA_MSXtR_SND_Cart_000\src\gowin_pll\gowin_pll.v":1)
Compiling module 'Gowin_PLL_MOD'("C:\Users\hra\Documents\github\HRA_product\FPGA_MSXtR\labo\FPGA_MSXtR_SND_Cart_000\src\gowin_pll\gowin_pll_mod.v":11)
Compiling module 'PLL_INIT(MULTI_FAC=27)'("C:\Users\hra\Documents\github\HRA_product\FPGA_MSXtR\labo\FPGA_MSXtR_SND_Cart_000\src\pll_init.v":4)
Compiling module 'Gowin_CLKDIV'("C:\Users\hra\Documents\github\HRA_product\FPGA_MSXtR\labo\FPGA_MSXtR_SND_Cart_000\src\gowin_clkdiv\gowin_clkdiv.v":11)
Compiling module 'msx_slot'("C:\Users\hra\Documents\github\HRA_product\FPGA_MSXtR\labo\FPGA_MSXtR_SND_Cart_000\src\msx_slot\msx_slot.v":58)
WARN  (EX3780) : Using initial value of 'ff_slot_io_rd' since it is never assigned("C:\Users\hra\Documents\github\HRA_product\FPGA_MSXtR\labo\FPGA_MSXtR_SND_Cart_000\src\msx_slot\msx_slot.v":83)
WARN  (EX3780) : Using initial value of 'ff_slot_mem_wr' since it is never assigned("C:\Users\hra\Documents\github\HRA_product\FPGA_MSXtR\labo\FPGA_MSXtR_SND_Cart_000\src\msx_slot\msx_slot.v":86)
WARN  (EX3780) : Using initial value of 'ff_slot_mem_rd' since it is never assigned("C:\Users\hra\Documents\github\HRA_product\FPGA_MSXtR\labo\FPGA_MSXtR_SND_Cart_000\src\msx_slot\msx_slot.v":87)
Compiling module 'y8960_address_decode'("C:\Users\hra\Documents\github\HRA_product\FPGA_MSXtR\labo\FPGA_MSXtR_SND_Cart_000\src\y8960_address_decode\y8960_address_decode.v":63)
WARN  (EX3780) : Using initial value of 'ff_opll1_io_en' since it is never assigned("C:\Users\hra\Documents\github\HRA_product\FPGA_MSXtR\labo\FPGA_MSXtR_SND_Cart_000\src\y8960_address_decode\y8960_address_decode.v":88)
WARN  (EX3780) : Using initial value of 'ff_opll2_io_en' since it is never assigned("C:\Users\hra\Documents\github\HRA_product\FPGA_MSXtR\labo\FPGA_MSXtR_SND_Cart_000\src\y8960_address_decode\y8960_address_decode.v":89)
WARN  (EX3780) : Using initial value of 'ff_ssg_io_en' since it is never assigned("C:\Users\hra\Documents\github\HRA_product\FPGA_MSXtR\labo\FPGA_MSXtR_SND_Cart_000\src\y8960_address_decode\y8960_address_decode.v":90)
Compiling module 'dual_opll'("C:\Users\hra\Documents\github\HRA_product\FPGA_MSXtR\labo\FPGA_MSXtR_SND_Cart_000\src\ikaopll_patch\opll.v":7)
Compiling module 'IKAOPLL(FAST_RESET=1,USE_PIPELINED_MULTIPLIER=1)'("C:\Users\hra\Documents\github\HRA_product\FPGA_MSXtR\labo\FPGA_MSXtR_SND_Cart_000\src\ikaopll\src\IKAOPLL.v":1)
Compiling module 'IKAOPLL_timinggen(FAST_RESET=1)'("C:\Users\hra\Documents\github\HRA_product\FPGA_MSXtR\labo\FPGA_MSXtR_SND_Cart_000\src\ikaopll\src\IKAOPLL_modules\IKAOPLL_timinggen.v":1)
Compiling module 'IKAOPLL_reg'("C:\Users\hra\Documents\github\HRA_product\FPGA_MSXtR\labo\FPGA_MSXtR_SND_Cart_000\src\ikaopll_patch\IKAOPLL_reg.v":11)
Compiling module 'IKAOPLL_rw_synchronizer'("C:\Users\hra\Documents\github\HRA_product\FPGA_MSXtR\labo\FPGA_MSXtR_SND_Cart_000\src\ikaopll_patch\IKAOPLL_reg.v":476)
Compiling module 'IKAOPLL_d9reg(WIDTH=8)'("C:\Users\hra\Documents\github\HRA_product\FPGA_MSXtR\labo\FPGA_MSXtR_SND_Cart_000\src\ikaopll_patch\IKAOPLL_reg.v":534)
Compiling module 'IKAOPLL_sr(WIDTH=8,TAP0=2,TAP1=5,TAP2=8)'("C:\Users\hra\Documents\github\HRA_product\FPGA_MSXtR\labo\FPGA_MSXtR_SND_Cart_000\src\ikaopll\src\IKAOPLL_modules\IKAOPLL_primitives.v":31)
Compiling module 'IKAOPLL_d9reg'("C:\Users\hra\Documents\github\HRA_product\FPGA_MSXtR\labo\FPGA_MSXtR_SND_Cart_000\src\ikaopll_patch\IKAOPLL_reg.v":534)
Compiling module 'IKAOPLL_sr(TAP0=2,TAP1=5,TAP2=8)'("C:\Users\hra\Documents\github\HRA_product\FPGA_MSXtR\labo\FPGA_MSXtR_SND_Cart_000\src\ikaopll\src\IKAOPLL_modules\IKAOPLL_primitives.v":31)
Compiling module 'IKAOPLL_d9reg(WIDTH=3)'("C:\Users\hra\Documents\github\HRA_product\FPGA_MSXtR\labo\FPGA_MSXtR_SND_Cart_000\src\ikaopll_patch\IKAOPLL_reg.v":534)
Compiling module 'IKAOPLL_sr(WIDTH=3,TAP0=2,TAP1=5,TAP2=8)'("C:\Users\hra\Documents\github\HRA_product\FPGA_MSXtR\labo\FPGA_MSXtR_SND_Cart_000\src\ikaopll\src\IKAOPLL_modules\IKAOPLL_primitives.v":31)
Compiling module 'IKAOPLL_d9reg(WIDTH=4)'("C:\Users\hra\Documents\github\HRA_product\FPGA_MSXtR\labo\FPGA_MSXtR_SND_Cart_000\src\ikaopll_patch\IKAOPLL_reg.v":534)
Compiling module 'IKAOPLL_sr(WIDTH=4,TAP0=2,TAP1=5,TAP2=8)'("C:\Users\hra\Documents\github\HRA_product\FPGA_MSXtR\labo\FPGA_MSXtR_SND_Cart_000\src\ikaopll\src\IKAOPLL_modules\IKAOPLL_primitives.v":31)
Compiling module 'IKAOPLL_d9reg(WIDTH=2)'("C:\Users\hra\Documents\github\HRA_product\FPGA_MSXtR\labo\FPGA_MSXtR_SND_Cart_000\src\ikaopll_patch\IKAOPLL_reg.v":534)
Compiling module 'IKAOPLL_sr(WIDTH=2,TAP0=2,TAP1=5,TAP2=8)'("C:\Users\hra\Documents\github\HRA_product\FPGA_MSXtR\labo\FPGA_MSXtR_SND_Cart_000\src\ikaopll\src\IKAOPLL_modules\IKAOPLL_primitives.v":31)
Compiling module 'IKAOPLL_instrom'("C:\Users\hra\Documents\github\HRA_product\FPGA_MSXtR\labo\FPGA_MSXtR_SND_Cart_000\src\ikaopll_patch\IKAOPLL_reg.v":563)
Compiling module 'IKAOPLL_lfo'("C:\Users\hra\Documents\github\HRA_product\FPGA_MSXtR\labo\FPGA_MSXtR_SND_Cart_000\src\ikaopll\src\IKAOPLL_modules\IKAOPLL_lfo.v":1)
Compiling module 'IKAOPLL_pg'("C:\Users\hra\Documents\github\HRA_product\FPGA_MSXtR\labo\FPGA_MSXtR_SND_Cart_000\src\ikaopll\src\IKAOPLL_modules\IKAOPLL_pg.v":1)
Compiling module 'IKAOPLL_sr(WIDTH=19,LENGTH=15)'("C:\Users\hra\Documents\github\HRA_product\FPGA_MSXtR\labo\FPGA_MSXtR_SND_Cart_000\src\ikaopll\src\IKAOPLL_modules\IKAOPLL_primitives.v":31)
Compiling module 'IKAOPLL_eg'("C:\Users\hra\Documents\github\HRA_product\FPGA_MSXtR\labo\FPGA_MSXtR_SND_Cart_000\src\ikaopll\src\IKAOPLL_modules\IKAOPLL_eg.v":1)
Compiling module 'IKAOPLL_sr(WIDTH=2,LENGTH=18,TAP0=16)'("C:\Users\hra\Documents\github\HRA_product\FPGA_MSXtR\labo\FPGA_MSXtR_SND_Cart_000\src\ikaopll\src\IKAOPLL_modules\IKAOPLL_primitives.v":31)
Compiling module 'IKAOPLL_sr(WIDTH=7,LENGTH=17,TAP0=15,TAP1=16)'("C:\Users\hra\Documents\github\HRA_product\FPGA_MSXtR\labo\FPGA_MSXtR_SND_Cart_000\src\ikaopll\src\IKAOPLL_modules\IKAOPLL_primitives.v":31)
Compiling module 'IKAOPLL_op'("C:\Users\hra\Documents\github\HRA_product\FPGA_MSXtR\labo\FPGA_MSXtR_SND_Cart_000\src\ikaopll\src\IKAOPLL_modules\IKAOPLL_op.v":1)
Compiling module 'IKAOPLL_logsinrom'("C:\Users\hra\Documents\github\HRA_product\FPGA_MSXtR\labo\FPGA_MSXtR_SND_Cart_000\src\ikaopll\src\IKAOPLL_modules\IKAOPLL_op.v":277)
Compiling module 'IKAOPLL_exprom'("C:\Users\hra\Documents\github\HRA_product\FPGA_MSXtR\labo\FPGA_MSXtR_SND_Cart_000\src\ikaopll\src\IKAOPLL_modules\IKAOPLL_op.v":325)
Compiling module 'IKAOPLL_sr(WIDTH=12,TAP0=6)'("C:\Users\hra\Documents\github\HRA_product\FPGA_MSXtR\labo\FPGA_MSXtR_SND_Cart_000\src\ikaopll\src\IKAOPLL_modules\IKAOPLL_primitives.v":31)
Compiling module 'IKAOPLL_dac'("C:\Users\hra\Documents\github\HRA_product\FPGA_MSXtR\labo\FPGA_MSXtR_SND_Cart_000\src\ikaopll\src\IKAOPLL_modules\IKAOPLL_dac.v":1)
Compiling module 'IKAOPLL_sr(WIDTH=9,LENGTH=5)'("C:\Users\hra\Documents\github\HRA_product\FPGA_MSXtR\labo\FPGA_MSXtR_SND_Cart_000\src\ikaopll\src\IKAOPLL_modules\IKAOPLL_primitives.v":31)
Compiling module 'dual_ssg(BUILTIN=0)'("C:\Users\hra\Documents\github\HRA_product\FPGA_MSXtR\labo\FPGA_MSXtR_SND_Cart_000\src\ssg\dual_ssg.v":48)
Compiling module 'ssg_core(builtin=0)'("C:\Users\hra\Documents\github\HRA_product\FPGA_MSXtR\labo\FPGA_MSXtR_SND_Cart_000\src\ssg\ssg_core.v":58)
Compiling module 'ssg_core(core_number=1'b1)'("C:\Users\hra\Documents\github\HRA_product\FPGA_MSXtR\labo\FPGA_MSXtR_SND_Cart_000\src\ssg\ssg_core.v":58)
Compiling module 'i2s_audio'("C:\Users\hra\Documents\github\HRA_product\FPGA_MSXtR\labo\FPGA_MSXtR_SND_Cart_000\src\i2s_audio\i2s_audio.v":58)
NOTE  (EX0101) : Current top module is "y8960cartridge_tangprimer25k"
WARN  (EX0211) : The output port "flash_spi_clk" of module "y8960cartridge_tangprimer25k" has no driver, assigning undriven bits to Z, simulation mismatch possible("C:\Users\hra\Documents\github\HRA_product\FPGA_MSXtR\labo\FPGA_MSXtR_SND_Cart_000\src\y8960_cartridge_tangprimer25k.v":79)
WARN  (EX0211) : The output port "flash_spi_cs_n" of module "y8960cartridge_tangprimer25k" has no driver, assigning undriven bits to Z, simulation mismatch possible("C:\Users\hra\Documents\github\HRA_product\FPGA_MSXtR\labo\FPGA_MSXtR_SND_Cart_000\src\y8960_cartridge_tangprimer25k.v":80)
WARN  (EX0211) : The output port "sram_ce_n" of module "y8960cartridge_tangprimer25k" has no driver, assigning undriven bits to Z, simulation mismatch possible("C:\Users\hra\Documents\github\HRA_product\FPGA_MSXtR\labo\FPGA_MSXtR_SND_Cart_000\src\y8960_cartridge_tangprimer25k.v":83)
WARN  (EX0211) : The output port "sram_sclk" of module "y8960cartridge_tangprimer25k" has no driver, assigning undriven bits to Z, simulation mismatch possible("C:\Users\hra\Documents\github\HRA_product\FPGA_MSXtR\labo\FPGA_MSXtR_SND_Cart_000\src\y8960_cartridge_tangprimer25k.v":84)
[5%] Running netlist conversion ...
WARN  (CV0020) : Input slot_a[15:8] is unused("C:\Users\hra\Documents\github\HRA_product\FPGA_MSXtR\labo\FPGA_MSXtR_SND_Cart_000\src\y8960_cartridge_tangprimer25k.v":63)
WARN  (CV0016) : Input slot_sltsl_n is unused("C:\Users\hra\Documents\github\HRA_product\FPGA_MSXtR\labo\FPGA_MSXtR_SND_Cart_000\src\y8960_cartridge_tangprimer25k.v":65)
WARN  (CV0016) : Input slot_mereq_n is unused("C:\Users\hra\Documents\github\HRA_product\FPGA_MSXtR\labo\FPGA_MSXtR_SND_Cart_000\src\y8960_cartridge_tangprimer25k.v":66)
WARN  (CV0016) : Input slot_rd_n is unused("C:\Users\hra\Documents\github\HRA_product\FPGA_MSXtR\labo\FPGA_MSXtR_SND_Cart_000\src\y8960_cartridge_tangprimer25k.v":69)
WARN  (CV0016) : Input dipsw is unused("C:\Users\hra\Documents\github\HRA_product\FPGA_MSXtR\labo\FPGA_MSXtR_SND_Cart_000\src\y8960_cartridge_tangprimer25k.v":87)
WARN  (CV0017) : Inout flash_spi_io is unused("C:\Users\hra\Documents\github\HRA_product\FPGA_MSXtR\labo\FPGA_MSXtR_SND_Cart_000\src\y8960_cartridge_tangprimer25k.v":81)
WARN  (CV0017) : Inout sram_sio is unused("C:\Users\hra\Documents\github\HRA_product\FPGA_MSXtR\labo\FPGA_MSXtR_SND_Cart_000\src\y8960_cartridge_tangprimer25k.v":85)
Running device independent optimization ...
[10%] Optimizing Phase 0 completed
[15%] Optimizing Phase 1 completed
[25%] Optimizing Phase 2 completed
Running inference ...
[30%] Inferring Phase 0 completed
[40%] Inferring Phase 1 completed
[50%] Inferring Phase 2 completed
[55%] Inferring Phase 3 completed
Running technical mapping ...
[60%] Tech-Mapping Phase 0 completed
[65%] Tech-Mapping Phase 1 completed
[75%] Tech-Mapping Phase 2 completed
[80%] Tech-Mapping Phase 3 completed
[90%] Tech-Mapping Phase 4 completed
WARN  (NL0002) : The module "y8960_address_decode" instantiated to "u_y8960_address_decode" is swept in optimizing("C:\Users\hra\Documents\github\HRA_product\FPGA_MSXtR\labo\FPGA_MSXtR_SND_Cart_000\src\y8960_cartridge_tangprimer25k.v":209)
[95%] Generate netlist file "C:\Users\hra\Documents\github\HRA_product\FPGA_MSXtR\labo\FPGA_MSXtR_SND_Cart_000\impl\gwsynthesis\Y8960_Cartridge_TangPrimer25K.vg" completed
[100%] Generate report file "C:\Users\hra\Documents\github\HRA_product\FPGA_MSXtR\labo\FPGA_MSXtR_SND_Cart_000\impl\gwsynthesis\Y8960_Cartridge_TangPrimer25K_syn.rpt.html" completed
GowinSynthesis finish
